<html>
<body>
<pre>
<h1>µVision Build Log</h1>
<h2>Tool Versions:</h2>
IDE-Version: ¦ÌVision V5.23.0.0
Copyright (C) 2017 ARM Ltd and ARM Germany GmbH. All rights reserved.
License Information: cai orange, wpg, LIC=Z3C45-GKIBC-YCLJ1-C35LR-BPK1S-N3ZYF
 
Tool Versions:
Toolchain:       MDK-ARM Professional  Version: 5.23
Toolchain Path:  C:\Keil_v5\ARM\ARMCC\Bin
C Compiler:      Armcc.exe V5.06 update 4 (build 422)
Assembler:       Armasm.exe V5.06 update 4 (build 422)
Linker/Locator:  ArmLink.exe V5.06 update 4 (build 422)
Library Manager: ArmAr.exe V5.06 update 4 (build 422)
Hex Converter:   FromElf.exe V5.06 update 4 (build 422)
CPU DLL:         SARMCM3.DLL V5.23
Dialog DLL:      DARMCM1.DLL V1.17.0.0
Target DLL:      CMSIS_AGDI.dll V1.27.5.0
Dialog DLL:      TARMCM1.DLL V1.12.0.0
 
<h2>Project:</h2>
E:\MCU-SDK\NXP\lpcopen_2_17_keil_iar_nxp_lpcxpresso_1125\applications\lpc112x\keil\nxp_lpcxpresso_1125\periph\SWAuthDemo\SWAuthDemo.uvprojx
Project File Date:  08/22/2018

<h2>Output:</h2>
*** Using Compiler 'V5.06 update 4 (build 422)', folder: 'C:\Keil_v5\ARM\ARMCC\Bin'
Build target 'iflash_lpcxpresso_1125'
compiling Air202.c...
Air202\Air202.c(230): warning:  #177-D: variable "p"  was declared but never referenced
  	int p = 0;
Air202\Air202.c(75): warning:  #177-D: function "sendAndGetTimes"  was declared but never referenced
  int sendAndGetTimes(const char *strSend,const char* exp,uint32_t timeout_ms,uint8_t n)
Air202\Air202.c: 2 warnings, 0 errors
linking...
Program Size: Code=7516 RO-data=1360 RW-data=88 ZI-data=2864  
FromELF: creating hex file...
After Build - User command #1: C:\Keil_v5\ARM\ARMCC\bin\fromelf.exe  --bin -o ./keil_output/SWAuthDemo.bin ./keil_output/SWAuthDemo.axf
".\keil_output\SWAuthDemo.axf" - 0 Error(s), 2 Warning(s).

<h2>Software Packages used:</h2>

Package Vendor: ARM
                http://www.keil.com/pack/ARM.CMSIS.5.0.1.pack
                ARM::CMSIS:CORE:5.0.1
                CMSIS (Cortex Microcontroller Software Interface Standard)
   * Component: CORE Version: 5.0.1

<h2>Collection of Component include folders:</h2>
  .\RTE\_iflash_lpcxpresso_1125
  C:\Keil_v5\ARM\PACK\ARM\CMSIS\5.0.1\CMSIS\Include
  C:\Keil_v5\ARM\PACK\Keil\LPC1100_DFP\1.4.0\Device\Include\LPC112x

<h2>Collection of Component Files used:</h2>

   * Component: ARM::CMSIS:CORE:5.0.1
Build Time Elapsed:  00:00:02
</pre>
</body>
</html>
