Component: ARM Compiler 5.06 update 4 (build 422) Tool: armlink [4d35d2]

==============================================================================

Section Cross References

    keil_startup_lpc112x.o(STACK) refers (Special) to heapauxi.o(.text) for __use_two_region_memory
    keil_startup_lpc112x.o(HEAP) refers (Special) to heapauxi.o(.text) for __use_two_region_memory
    keil_startup_lpc112x.o(RESET) refers (Special) to heapauxi.o(.text) for __use_two_region_memory
    keil_startup_lpc112x.o(RESET) refers to keil_startup_lpc112x.o(STACK) for __initial_sp
    keil_startup_lpc112x.o(RESET) refers to keil_startup_lpc112x.o(.text) for Reset_Handler
    keil_startup_lpc112x.o(RESET) refers to sw-auth-demo.o(.text) for SysTick_Handler
    keil_startup_lpc112x.o(.ARM.__at_0x02FC) refers (Special) to heapauxi.o(.text) for __use_two_region_memory
    keil_startup_lpc112x.o(.text) refers (Special) to heapauxi.o(.text) for __use_two_region_memory
    keil_startup_lpc112x.o(.text) refers to sysinit.o(.text) for SystemInit
    keil_startup_lpc112x.o(.text) refers to __main.o(!!!main) for __main
    keil_startup_lpc112x.o(.text) refers to keil_startup_lpc112x.o(HEAP) for Heap_Mem
    keil_startup_lpc112x.o(.text) refers to keil_startup_lpc112x.o(STACK) for Stack_Mem
    sysinit.o(.text) refers to board_sysinit.o(.text) for Board_SystemInit
    sw-auth-demo.o(.text) refers to _printf_percent.o(.ARM.Collect$$_printf_percent$$00000000) for _printf_percent
    sw-auth-demo.o(.text) refers to _printf_s.o(.ARM.Collect$$_printf_percent$$00000014) for _printf_s
    sw-auth-demo.o(.text) refers to _printf_str.o(.text) for _printf_str
    sw-auth-demo.o(.text) refers to aeabi_sdiv.o(.text) for __aeabi_uidivmod
    sw-auth-demo.o(.text) refers to board.o(.text) for Board_LED_Toggle
    sw-auth-demo.o(.text) refers to chip_112x.o(.text) for SystemCoreClockUpdate
    sw-auth-demo.o(.text) refers to noretval__2printf.o(.text) for __2printf
    sw-auth-demo.o(.text) refers to sw-auth-demo.o(.data) for .data
    sw-auth-demo.o(.text) refers to chip_112x.o(.data) for SystemCoreClock
    sw-auth-demo.o(.text) refers to sw-auth-demo.o(.bss) for .bss
    chip_112x.o(.text) refers to clock_112x.o(.text) for Chip_Clock_GetSystemClockRate
    chip_112x.o(.text) refers to chip_112x.o(.data) for .data
    board.o(.text) refers to uart_112x.o(.text) for Chip_UART_SendBlocking
    board.o(.text) refers to gpio_112x.o(.text) for Chip_GPIO_Init
    board.o(.text) refers to board.o(.constdata) for ledPin
    board_sysinit.o(.text) refers to iocon_112x.o(.text) for Chip_IOCON_SetPinMuxing
    board_sysinit.o(.text) refers to sysinit_112x.o(.text) for Chip_SetupIrcClocking
    board_sysinit.o(.text) refers to board_sysinit.o(.constdata) for pinmuxing
    clock_112x.o(.text) refers to aeabi_sdiv.o(.text) for __aeabi_uidivmod
    clock_112x.o(.text) refers to clock_112x.o(.constdata) for .constdata
    clock_112x.o(.text) refers to board.o(.constdata) for OscRateIn
    sysinit_112x.o(.text) refers to syscon_112x.o(.text) for Chip_SYSCON_PowerUp
    sysinit_112x.o(.text) refers to clock_112x.o(.text) for Chip_Clock_SetSystemPLLSource
    uart_112x.o(.text) refers to clock_112x.o(.text) for Chip_Clock_GetMainClockRate
    uart_112x.o(.text) refers to aeabi_sdiv.o(.text) for __aeabi_uidivmod
    uart_112x.o(.text) refers to ring_buffer.o(.text) for RingBuffer_Insert
    uart_112x.o(.text) refers to llmul.o(.text) for __aeabi_lmul
    uart_112x.o(.text) refers to lludiv.o(.text) for __aeabi_uldivmod
    ring_buffer.o(.text) refers to rt_memcpy.o(.text) for __aeabi_memcpy
    __2printf.o(.text) refers to _printf_char_file.o(.text) for _printf_char_file
    __2printf.o(.text) refers to board.o(.data) for __stdout
    noretval__2printf.o(.text) refers to _printf_char_file.o(.text) for _printf_char_file
    noretval__2printf.o(.text) refers to board.o(.data) for __stdout
    __printf.o(.text) refers to _printf_percent.o(.ARM.Collect$$_printf_percent$$00000000) for _printf_percent
    _printf_str.o(.text) refers (Special) to _printf_char.o(.text) for _printf_cs_common
    __printf_flags.o(.text) refers to _printf_percent.o(.ARM.Collect$$_printf_percent$$00000000) for _printf_percent
    __printf_flags.o(.text) refers to __printf_flags.o(.constdata) for .constdata
    __printf_ss.o(.text) refers to _printf_percent.o(.ARM.Collect$$_printf_percent$$00000000) for _printf_percent
    __printf_flags_ss.o(.text) refers to _printf_percent.o(.ARM.Collect$$_printf_percent$$00000000) for _printf_percent
    __printf_flags_ss.o(.text) refers to __printf_flags_ss.o(.constdata) for .constdata
    __printf_wp.o(.text) refers to __printf_wp.o(i._is_digit) for _is_digit
    __printf_wp.o(.text) refers to _printf_percent.o(.ARM.Collect$$_printf_percent$$00000000) for _printf_percent
    __printf_flags_wp.o(.text) refers to __printf_wp.o(i._is_digit) for _is_digit
    __printf_flags_wp.o(.text) refers to _printf_percent.o(.ARM.Collect$$_printf_percent$$00000000) for _printf_percent
    __printf_flags_wp.o(.text) refers to __printf_flags_wp.o(.constdata) for .constdata
    __printf_ss_wp.o(.text) refers to __printf_wp.o(i._is_digit) for _is_digit
    __printf_ss_wp.o(.text) refers to _printf_percent.o(.ARM.Collect$$_printf_percent$$00000000) for _printf_percent
    __printf_flags_ss_wp.o(.text) refers to __printf_wp.o(i._is_digit) for _is_digit
    __printf_flags_ss_wp.o(.text) refers to _printf_percent.o(.ARM.Collect$$_printf_percent$$00000000) for _printf_percent
    __printf_flags_ss_wp.o(.text) refers to __printf_flags_ss_wp.o(.constdata) for .constdata
    _printf_s.o(.ARM.Collect$$_printf_percent$$00000014) refers (Weak) to _printf_char.o(.text) for _printf_string
    _printf_percent.o(.ARM.Collect$$_printf_percent$$00000000) refers (Special) to _printf_percent_end.o(.ARM.Collect$$_printf_percent$$00000017) for _printf_percent_end
    rt_memcpy.o(.text) refers to rt_memcpy.o(.emb_text) for __aeabi_memcpy4
    __main.o(!!!main) refers to __rtentry.o(.ARM.Collect$$rtentry$$00000000) for __rt_entry
    __rtentry.o(.ARM.Collect$$rtentry$$00000000) refers (Special) to __rtentry2.o(.ARM.Collect$$rtentry$$0000000A) for __rt_entry_li
    __rtentry.o(.ARM.Collect$$rtentry$$00000000) refers (Special) to __rtentry2.o(.ARM.Collect$$rtentry$$0000000D) for __rt_entry_main
    __rtentry.o(.ARM.Collect$$rtentry$$00000000) refers (Special) to __rtentry2.o(.ARM.Collect$$rtentry$$0000000C) for __rt_entry_postli_1
    __rtentry.o(.ARM.Collect$$rtentry$$00000000) refers (Special) to __rtentry2.o(.ARM.Collect$$rtentry$$00000009) for __rt_entry_postsh_1
    __rtentry.o(.ARM.Collect$$rtentry$$00000000) refers (Special) to __rtentry2.o(.ARM.Collect$$rtentry$$00000002) for __rt_entry_presh_1
    __rtentry.o(.ARM.Collect$$rtentry$$00000000) refers (Special) to __rtentry4.o(.ARM.Collect$$rtentry$$00000004) for __rt_entry_sh
    aeabi_idiv0_sigfpe.o(.text) refers to rt_div0.o(.text) for __rt_div0
    aeabi_ldiv0_sigfpe.o(.text) refers to rt_div0.o(.text) for __rt_div0
    _printf_char.o(.text) refers (Weak) to _printf_str.o(.text) for _printf_str
    _printf_char_file.o(.text) refers to _printf_char_common.o(.text) for _printf_char_common
    _printf_char_file.o(.text) refers to board.o(.text) for ferror
    __rtentry2.o(.ARM.Collect$$rtentry$$00000008) refers to boardinit2.o(.text) for _platform_post_stackheap_init
    __rtentry2.o(.ARM.Collect$$rtentry$$0000000A) refers to libinit.o(.ARM.Collect$$libinit$$00000000) for __rt_lib_init
    __rtentry2.o(.ARM.Collect$$rtentry$$0000000B) refers to boardinit3.o(.text) for _platform_post_lib_init
    __rtentry2.o(.ARM.Collect$$rtentry$$0000000D) refers to sw-auth-demo.o(.text) for main
    __rtentry2.o(.ARM.Collect$$rtentry$$0000000D) refers to exit.o(.text) for exit
    __rtentry2.o(.ARM.exidx) refers to __rtentry2.o(.ARM.Collect$$rtentry$$00000001) for .ARM.Collect$$rtentry$$00000001
    __rtentry2.o(.ARM.exidx) refers to __rtentry2.o(.ARM.Collect$$rtentry$$00000008) for .ARM.Collect$$rtentry$$00000008
    __rtentry2.o(.ARM.exidx) refers to __rtentry2.o(.ARM.Collect$$rtentry$$0000000A) for .ARM.Collect$$rtentry$$0000000A
    __rtentry2.o(.ARM.exidx) refers to __rtentry2.o(.ARM.Collect$$rtentry$$0000000B) for .ARM.Collect$$rtentry$$0000000B
    __rtentry2.o(.ARM.exidx) refers to __rtentry2.o(.ARM.Collect$$rtentry$$0000000D) for .ARM.Collect$$rtentry$$0000000D
    __rtentry4.o(.ARM.Collect$$rtentry$$00000004) refers to sys_stackheap_outer.o(.text) for __user_setup_stackheap
    __rtentry4.o(.ARM.exidx) refers to __rtentry4.o(.ARM.Collect$$rtentry$$00000004) for .ARM.Collect$$rtentry$$00000004
    rt_div0.o(.text) refers to defsig_fpe_outer.o(.text) for __rt_SIGFPE
    _printf_char_common.o(.text) refers to __printf.o(.text) for __printf
    sys_stackheap_outer.o(.text) refers to libspace.o(.text) for __user_perproc_libspace
    sys_stackheap_outer.o(.text) refers to keil_startup_lpc112x.o(.text) for __user_initial_stackheap
    sys_stackheap_outer.o(__vectab_stack_and_reset_area) refers to tempstk.o(.text) for __temporary_stack_top
    sys_stackheap_outer.o(__vectab_stack_and_reset_area) refers to __main.o(!!!main) for __main
    exit.o(.text) refers to rtexit.o(.ARM.Collect$$rtexit$$00000000) for __rt_exit
    defsig_fpe_outer.o(.text) refers to defsig_fpe_inner.o(.text) for __rt_SIGFPE_inner
    defsig_fpe_outer.o(.text) refers to defsig_exit.o(.text) for __sig_exit
    defsig_fpe_formal.o(.text) refers to rt_raise.o(.text) for __rt_raise
    libinit.o(.ARM.Collect$$libinit$$00000000) refers (Special) to libinit2.o(.ARM.Collect$$libinit$$0000002E) for __rt_lib_init_alloca_1
    libinit.o(.ARM.Collect$$libinit$$00000000) refers (Special) to libinit2.o(.ARM.Collect$$libinit$$0000002C) for __rt_lib_init_argv_1
    libinit.o(.ARM.Collect$$libinit$$00000000) refers (Special) to libinit2.o(.ARM.Collect$$libinit$$0000001B) for __rt_lib_init_atexit_1
    libinit.o(.ARM.Collect$$libinit$$00000000) refers (Special) to libinit2.o(.ARM.Collect$$libinit$$00000021) for __rt_lib_init_clock_1
    libinit.o(.ARM.Collect$$libinit$$00000000) refers (Special) to libinit2.o(.ARM.Collect$$libinit$$00000032) for __rt_lib_init_cpp_1
    libinit.o(.ARM.Collect$$libinit$$00000000) refers (Special) to libinit2.o(.ARM.Collect$$libinit$$00000030) for __rt_lib_init_exceptions_1
    libinit.o(.ARM.Collect$$libinit$$00000000) refers (Special) to libinit2.o(.ARM.Collect$$libinit$$00000002) for __rt_lib_init_fp_1
    libinit.o(.ARM.Collect$$libinit$$00000000) refers (Special) to libinit2.o(.ARM.Collect$$libinit$$0000001F) for __rt_lib_init_fp_trap_1
    libinit.o(.ARM.Collect$$libinit$$00000000) refers (Special) to libinit2.o(.ARM.Collect$$libinit$$00000023) for __rt_lib_init_getenv_1
    libinit.o(.ARM.Collect$$libinit$$00000000) refers (Special) to libinit2.o(.ARM.Collect$$libinit$$0000000A) for __rt_lib_init_heap_1
    libinit.o(.ARM.Collect$$libinit$$00000000) refers (Special) to libinit2.o(.ARM.Collect$$libinit$$00000011) for __rt_lib_init_lc_collate_1
    libinit.o(.ARM.Collect$$libinit$$00000000) refers (Special) to libinit2.o(.ARM.Collect$$libinit$$00000013) for __rt_lib_init_lc_ctype_1
    libinit.o(.ARM.Collect$$libinit$$00000000) refers (Special) to libinit2.o(.ARM.Collect$$libinit$$00000015) for __rt_lib_init_lc_monetary_1
    libinit.o(.ARM.Collect$$libinit$$00000000) refers (Special) to libinit2.o(.ARM.Collect$$libinit$$00000017) for __rt_lib_init_lc_numeric_1
    libinit.o(.ARM.Collect$$libinit$$00000000) refers (Special) to libinit2.o(.ARM.Collect$$libinit$$00000019) for __rt_lib_init_lc_time_1
    libinit.o(.ARM.Collect$$libinit$$00000000) refers (Special) to libinit2.o(.ARM.Collect$$libinit$$00000004) for __rt_lib_init_preinit_1
    libinit.o(.ARM.Collect$$libinit$$00000000) refers (Special) to libinit2.o(.ARM.Collect$$libinit$$0000000E) for __rt_lib_init_rand_1
    libinit.o(.ARM.Collect$$libinit$$00000000) refers (Special) to libinit2.o(.ARM.Collect$$libinit$$00000033) for __rt_lib_init_return
    libinit.o(.ARM.Collect$$libinit$$00000000) refers (Special) to libinit2.o(.ARM.Collect$$libinit$$0000001D) for __rt_lib_init_signal_1
    libinit.o(.ARM.Collect$$libinit$$00000000) refers (Special) to libinit2.o(.ARM.Collect$$libinit$$00000025) for __rt_lib_init_stdio_1
    libinit.o(.ARM.Collect$$libinit$$00000000) refers (Special) to libinit2.o(.ARM.Collect$$libinit$$0000000C) for __rt_lib_init_user_alloc_1
    libspace.o(.text) refers to libspace.o(.bss) for __libspace_start
    rtexit.o(.ARM.Collect$$rtexit$$00000000) refers (Special) to rtexit2.o(.ARM.Collect$$rtexit$$00000004) for __rt_exit_exit
    rtexit.o(.ARM.Collect$$rtexit$$00000000) refers (Special) to rtexit2.o(.ARM.Collect$$rtexit$$00000003) for __rt_exit_ls
    rtexit.o(.ARM.Collect$$rtexit$$00000000) refers (Special) to rtexit2.o(.ARM.Collect$$rtexit$$00000002) for __rt_exit_prels_1
    rtexit.o(.ARM.exidx) refers (Special) to rtexit2.o(.ARM.Collect$$rtexit$$00000004) for __rt_exit_exit
    rtexit.o(.ARM.exidx) refers (Special) to rtexit2.o(.ARM.Collect$$rtexit$$00000003) for __rt_exit_ls
    rtexit.o(.ARM.exidx) refers (Special) to rtexit2.o(.ARM.Collect$$rtexit$$00000002) for __rt_exit_prels_1
    rtexit.o(.ARM.exidx) refers to rtexit.o(.ARM.Collect$$rtexit$$00000000) for .ARM.Collect$$rtexit$$00000000
    rt_raise.o(.text) refers to __raise.o(.text) for __raise
    rt_raise.o(.text) refers to board.o(.text) for _sys_exit
    defsig_exit.o(.text) refers to board.o(.text) for _sys_exit
    defsig_fpe_inner.o(.text) refers to defsig_general.o(.text) for __default_signal_display
    libinit2.o(.ARM.Collect$$libinit$$00000010) refers to libinit2.o(.ARM.Collect$$libinit$$0000000F) for .ARM.Collect$$libinit$$0000000F
    libinit2.o(.ARM.Collect$$libinit$$00000012) refers to libinit2.o(.ARM.Collect$$libinit$$0000000F) for .ARM.Collect$$libinit$$0000000F
    libinit2.o(.ARM.Collect$$libinit$$00000014) refers to libinit2.o(.ARM.Collect$$libinit$$0000000F) for .ARM.Collect$$libinit$$0000000F
    libinit2.o(.ARM.Collect$$libinit$$00000016) refers to libinit2.o(.ARM.Collect$$libinit$$0000000F) for .ARM.Collect$$libinit$$0000000F
    libinit2.o(.ARM.Collect$$libinit$$00000018) refers to libinit2.o(.ARM.Collect$$libinit$$0000000F) for .ARM.Collect$$libinit$$0000000F
    libinit2.o(.ARM.Collect$$libinit$$00000026) refers to argv_veneer.o(.text) for __ARM_argv_veneer
    libinit2.o(.ARM.Collect$$libinit$$00000027) refers to argv_veneer.o(.text) for __ARM_argv_veneer
    rtexit2.o(.ARM.Collect$$rtexit$$00000003) refers to libshutdown.o(.ARM.Collect$$libshutdown$$00000000) for __rt_lib_shutdown
    rtexit2.o(.ARM.Collect$$rtexit$$00000004) refers to board.o(.text) for _sys_exit
    rtexit2.o(.ARM.exidx) refers to rtexit2.o(.ARM.Collect$$rtexit$$00000001) for .ARM.Collect$$rtexit$$00000001
    rtexit2.o(.ARM.exidx) refers to rtexit2.o(.ARM.Collect$$rtexit$$00000003) for .ARM.Collect$$rtexit$$00000003
    rtexit2.o(.ARM.exidx) refers to rtexit2.o(.ARM.Collect$$rtexit$$00000004) for .ARM.Collect$$rtexit$$00000004
    __raise.o(.text) refers to defsig.o(CL$$defsig) for __default_signal_handler
    defsig_general.o(.text) refers to sys_wrch.o(.text) for _ttywrch
    sys_wrch.o(.text) refers (Special) to use_no_semi.o(.text) for __I$use$semihosting
    sys_wrch.o(.text) refers (Special) to indicate_semi.o(.text) for __semihosting_library_function
    defsig.o(CL$$defsig) refers to defsig_fpe_inner.o(.text) for __rt_SIGFPE_inner
    defsig.o(CL$$defsig) refers to defsig_rtmem_inner.o(.text) for __rt_SIGRTMEM_inner
    _get_argv_nomalloc.o(.text) refers (Special) to hrguard.o(.text) for __heap_region$guard
    _get_argv_nomalloc.o(.text) refers to defsig_rtmem_outer.o(.text) for __rt_SIGRTMEM
    _get_argv_nomalloc.o(.text) refers to sys_command.o(.text) for _sys_command_string
    libshutdown.o(.ARM.Collect$$libshutdown$$00000000) refers (Special) to libshutdown2.o(.ARM.Collect$$libshutdown$$00000002) for __rt_lib_shutdown_cpp_1
    libshutdown.o(.ARM.Collect$$libshutdown$$00000000) refers (Special) to libshutdown2.o(.ARM.Collect$$libshutdown$$00000007) for __rt_lib_shutdown_fp_trap_1
    libshutdown.o(.ARM.Collect$$libshutdown$$00000000) refers (Special) to libshutdown2.o(.ARM.Collect$$libshutdown$$0000000F) for __rt_lib_shutdown_heap_1
    libshutdown.o(.ARM.Collect$$libshutdown$$00000000) refers (Special) to libshutdown2.o(.ARM.Collect$$libshutdown$$00000010) for __rt_lib_shutdown_return
    libshutdown.o(.ARM.Collect$$libshutdown$$00000000) refers (Special) to libshutdown2.o(.ARM.Collect$$libshutdown$$0000000A) for __rt_lib_shutdown_signal_1
    libshutdown.o(.ARM.Collect$$libshutdown$$00000000) refers (Special) to libshutdown2.o(.ARM.Collect$$libshutdown$$00000004) for __rt_lib_shutdown_stdio_1
    libshutdown.o(.ARM.Collect$$libshutdown$$00000000) refers (Special) to libshutdown2.o(.ARM.Collect$$libshutdown$$0000000C) for __rt_lib_shutdown_user_alloc_1
    sys_command.o(.text) refers (Special) to use_no_semi.o(.text) for __I$use$semihosting
    sys_command.o(.text) refers (Special) to indicate_semi.o(.text) for __semihosting_library_function
    defsig_abrt_inner.o(.text) refers to defsig_general.o(.text) for __default_signal_display
    defsig_rtred_inner.o(.text) refers to defsig_general.o(.text) for __default_signal_display
    defsig_rtmem_inner.o(.text) refers to defsig_general.o(.text) for __default_signal_display
    defsig_rtmem_outer.o(.text) refers to defsig_rtmem_inner.o(.text) for __rt_SIGRTMEM_inner
    defsig_rtmem_outer.o(.text) refers to defsig_exit.o(.text) for __sig_exit
    defsig_rtmem_formal.o(.text) refers to rt_raise.o(.text) for __rt_raise
    defsig_stak_inner.o(.text) refers to defsig_general.o(.text) for __default_signal_display
    defsig_pvfn_inner.o(.text) refers to defsig_general.o(.text) for __default_signal_display
    defsig_cppl_inner.o(.text) refers to defsig_general.o(.text) for __default_signal_display
    defsig_segv_inner.o(.text) refers to defsig_general.o(.text) for __default_signal_display
    defsig_other.o(.text) refers to defsig_general.o(.text) for __default_signal_display


==============================================================================

Removing Unused input sections from the image.

    Removing sysinit.o(.rev16_text), (4 bytes).
    Removing sysinit.o(.revsh_text), (4 bytes).
    Removing sw-auth-demo.o(.rev16_text), (4 bytes).
    Removing sw-auth-demo.o(.revsh_text), (4 bytes).
    Removing chip_112x.o(.rev16_text), (4 bytes).
    Removing chip_112x.o(.revsh_text), (4 bytes).
    Removing board.o(.rev16_text), (4 bytes).
    Removing board.o(.revsh_text), (4 bytes).
    Removing board_sysinit.o(.rev16_text), (4 bytes).
    Removing board_sysinit.o(.revsh_text), (4 bytes).
    Removing clock_112x.o(.rev16_text), (4 bytes).
    Removing clock_112x.o(.revsh_text), (4 bytes).
    Removing gpio_112x.o(.rev16_text), (4 bytes).
    Removing gpio_112x.o(.revsh_text), (4 bytes).
    Removing iocon_112x.o(.rev16_text), (4 bytes).
    Removing iocon_112x.o(.revsh_text), (4 bytes).
    Removing sysinit_112x.o(.rev16_text), (4 bytes).
    Removing sysinit_112x.o(.revsh_text), (4 bytes).
    Removing uart_112x.o(.rev16_text), (4 bytes).
    Removing uart_112x.o(.revsh_text), (4 bytes).
    Removing syscon_112x.o(.rev16_text), (4 bytes).
    Removing syscon_112x.o(.revsh_text), (4 bytes).

22 unused section(s) (total 88 bytes) removed from the image.

==============================================================================

Image Symbol Table

    Local Symbols

    Symbol Name                              Value     Ov Type        Size  Object(Section)

    RESET                                    0x00000000   Section      192  keil_startup_lpc112x.o(RESET)
    ../clib/angel/boardlib.s                 0x00000000   Number         0  boardinit3.o ABSOLUTE
    ../clib/angel/boardlib.s                 0x00000000   Number         0  boardshut.o ABSOLUTE
    ../clib/angel/boardlib.s                 0x00000000   Number         0  boardinit1.o ABSOLUTE
    ../clib/angel/boardlib.s                 0x00000000   Number         0  boardinit2.o ABSOLUTE
    ../clib/angel/handlers.s                 0x00000000   Number         0  __scatter_copy.o ABSOLUTE
    ../clib/angel/handlers.s                 0x00000000   Number         0  __scatter_zi.o ABSOLUTE
    ../clib/angel/kernel.s                   0x00000000   Number         0  rtexit.o ABSOLUTE
    ../clib/angel/kernel.s                   0x00000000   Number         0  rtexit2.o ABSOLUTE
    ../clib/angel/kernel.s                   0x00000000   Number         0  __rtentry.o ABSOLUTE
    ../clib/angel/kernel.s                   0x00000000   Number         0  __rtentry4.o ABSOLUTE
    ../clib/angel/kernel.s                   0x00000000   Number         0  __rtentry2.o ABSOLUTE
    ../clib/angel/rt.s                       0x00000000   Number         0  rt_div0.o ABSOLUTE
    ../clib/angel/rt.s                       0x00000000   Number         0  rt_raise.o ABSOLUTE
    ../clib/angel/rt.s                       0x00000000   Number         0  aeabi_ldiv0_sigfpe.o ABSOLUTE
    ../clib/angel/rt.s                       0x00000000   Number         0  aeabi_ldiv0.o ABSOLUTE
    ../clib/angel/rt.s                       0x00000000   Number         0  aeabi_idiv0_sigfpe.o ABSOLUTE
    ../clib/angel/rt.s                       0x00000000   Number         0  aeabi_idiv0.o ABSOLUTE
    ../clib/angel/scatterp.s                 0x00000000   Number         0  __scatter.o ABSOLUTE
    ../clib/angel/startup.s                  0x00000000   Number         0  __main.o ABSOLUTE
    ../clib/angel/sys.s                      0x00000000   Number         0  indicate_semi.o ABSOLUTE
    ../clib/angel/sys.s                      0x00000000   Number         0  tempstk.o ABSOLUTE
    ../clib/angel/sys.s                      0x00000000   Number         0  use_no_semi.o ABSOLUTE
    ../clib/angel/sys.s                      0x00000000   Number         0  libspace.o ABSOLUTE
    ../clib/angel/sys.s                      0x00000000   Number         0  sys_stackheap_outer.o ABSOLUTE
    ../clib/angel/sysapp.c                   0x00000000   Number         0  sys_command.o ABSOLUTE
    ../clib/angel/sysapp.c                   0x00000000   Number         0  sys_wrch.o ABSOLUTE
    ../clib/armsys.c                         0x00000000   Number         0  argv_veneer.o ABSOLUTE
    ../clib/armsys.c                         0x00000000   Number         0  no_argv.o ABSOLUTE
    ../clib/armsys.c                         0x00000000   Number         0  _get_argv_nomalloc.o ABSOLUTE
    ../clib/division.c                       0x00000000   Number         0  lludiv.o ABSOLUTE
    ../clib/division.s                       0x00000000   Number         0  aeabi_sdiv_div0.o ABSOLUTE
    ../clib/division.s                       0x00000000   Number         0  aeabi_sdiv.o ABSOLUTE
    ../clib/heapalloc.c                      0x00000000   Number         0  hrguard.o ABSOLUTE
    ../clib/heapaux.c                        0x00000000   Number         0  heapauxi.o ABSOLUTE
    ../clib/libinit.s                        0x00000000   Number         0  libshutdown.o ABSOLUTE
    ../clib/libinit.s                        0x00000000   Number         0  libshutdown2.o ABSOLUTE
    ../clib/libinit.s                        0x00000000   Number         0  libinit2.o ABSOLUTE
    ../clib/libinit.s                        0x00000000   Number         0  libinit.o ABSOLUTE
    ../clib/longlong.c                       0x00000000   Number         0  llmul.o ABSOLUTE
    ../clib/memcpset.c                       0x00000000   Number         0  rt_memcpy.o ABSOLUTE
    ../clib/memcpset.c                       0x00000000   Number         0  rt_memcpy.o ABSOLUTE
    ../clib/printf.c                         0x00000000   Number         0  __printf_flags_ss.o ABSOLUTE
    ../clib/printf.c                         0x00000000   Number         0  __printf_ss.o ABSOLUTE
    ../clib/printf.c                         0x00000000   Number         0  __printf_flags.o ABSOLUTE
    ../clib/printf.c                         0x00000000   Number         0  __printf.o ABSOLUTE
    ../clib/printf.c                         0x00000000   Number         0  __printf_nopercent.o ABSOLUTE
    ../clib/printf.c                         0x00000000   Number         0  _printf_char_file.o ABSOLUTE
    ../clib/printf.c                         0x00000000   Number         0  __printf_ss_wp.o ABSOLUTE
    ../clib/printf.c                         0x00000000   Number         0  _printf_char.o ABSOLUTE
    ../clib/printf.c                         0x00000000   Number         0  _printf_str.o ABSOLUTE
    ../clib/printf.c                         0x00000000   Number         0  noretval__2printf.o ABSOLUTE
    ../clib/printf.c                         0x00000000   Number         0  _printf_char_common.o ABSOLUTE
    ../clib/printf.c                         0x00000000   Number         0  __2printf.o ABSOLUTE
    ../clib/printf.c                         0x00000000   Number         0  __printf_flags_ss_wp.o ABSOLUTE
    ../clib/printf.c                         0x00000000   Number         0  __printf_flags_wp.o ABSOLUTE
    ../clib/printf.c                         0x00000000   Number         0  __printf_wp.o ABSOLUTE
    ../clib/printf_percent.s                 0x00000000   Number         0  _printf_percent_end.o ABSOLUTE
    ../clib/printf_percent.s                 0x00000000   Number         0  _printf_percent.o ABSOLUTE
    ../clib/printf_percent.s                 0x00000000   Number         0  _printf_s.o ABSOLUTE
    ../clib/signal.c                         0x00000000   Number         0  defsig_segv_inner.o ABSOLUTE
    ../clib/signal.c                         0x00000000   Number         0  defsig_cppl_inner.o ABSOLUTE
    ../clib/signal.c                         0x00000000   Number         0  defsig_pvfn_inner.o ABSOLUTE
    ../clib/signal.c                         0x00000000   Number         0  defsig_stak_inner.o ABSOLUTE
    ../clib/signal.c                         0x00000000   Number         0  defsig_rtmem_outer.o ABSOLUTE
    ../clib/signal.c                         0x00000000   Number         0  defsig_rtmem_inner.o ABSOLUTE
    ../clib/signal.c                         0x00000000   Number         0  defsig_rtred_inner.o ABSOLUTE
    ../clib/signal.c                         0x00000000   Number         0  defsig_abrt_inner.o ABSOLUTE
    ../clib/signal.c                         0x00000000   Number         0  defsig_exit.o ABSOLUTE
    ../clib/signal.c                         0x00000000   Number         0  defsig_fpe_formal.o ABSOLUTE
    ../clib/signal.c                         0x00000000   Number         0  defsig_fpe_outer.o ABSOLUTE
    ../clib/signal.c                         0x00000000   Number         0  defsig_rtmem_formal.o ABSOLUTE
    ../clib/signal.c                         0x00000000   Number         0  __raise.o ABSOLUTE
    ../clib/signal.c                         0x00000000   Number         0  defsig_general.o ABSOLUTE
    ../clib/signal.c                         0x00000000   Number         0  defsig_fpe_inner.o ABSOLUTE
    ../clib/signal.c                         0x00000000   Number         0  defsig_other.o ABSOLUTE
    ../clib/signal.s                         0x00000000   Number         0  defsig.o ABSOLUTE
    ../clib/stdlib.c                         0x00000000   Number         0  exit.o ABSOLUTE
    ../fplib/cfplib/fpinit.c                 0x00000000   Number         0  fpinit.o ABSOLUTE
    ..\..\..\..\startup_code\sysinit.c       0x00000000   Number         0  sysinit.o ABSOLUTE
    ..\\..\\..\\..\\startup_code\\keil_startup_lpc112x.s 0x00000000   Number         0  keil_startup_lpc112x.o ABSOLUTE
    ..\\..\\..\\..\\startup_code\\sysinit.c  0x00000000   Number         0  sysinit.o ABSOLUTE
    ..\chip_common\ring_buffer.c             0x00000000   Number         0  ring_buffer.o ABSOLUTE
    board.c                                  0x00000000   Number         0  board.o ABSOLUTE
    board.c                                  0x00000000   Number         0  board.o ABSOLUTE
    board_sysinit.c                          0x00000000   Number         0  board_sysinit.o ABSOLUTE
    board_sysinit.c                          0x00000000   Number         0  board_sysinit.o ABSOLUTE
    chip_112x.c                              0x00000000   Number         0  chip_112x.o ABSOLUTE
    chip_112x.c                              0x00000000   Number         0  chip_112x.o ABSOLUTE
    clock_112x.c                             0x00000000   Number         0  clock_112x.o ABSOLUTE
    clock_112x.c                             0x00000000   Number         0  clock_112x.o ABSOLUTE
    dc.s                                     0x00000000   Number         0  dc.o ABSOLUTE
    gpio_112x.c                              0x00000000   Number         0  gpio_112x.o ABSOLUTE
    gpio_112x.c                              0x00000000   Number         0  gpio_112x.o ABSOLUTE
    iocon_112x.c                             0x00000000   Number         0  iocon_112x.o ABSOLUTE
    iocon_112x.c                             0x00000000   Number         0  iocon_112x.o ABSOLUTE
    sw-auth-demo.c                           0x00000000   Number         0  sw-auth-demo.o ABSOLUTE
    sw-auth-demo.c                           0x00000000   Number         0  sw-auth-demo.o ABSOLUTE
    syscon_112x.c                            0x00000000   Number         0  syscon_112x.o ABSOLUTE
    syscon_112x.c                            0x00000000   Number         0  syscon_112x.o ABSOLUTE
    sysinit_112x.c                           0x00000000   Number         0  sysinit_112x.o ABSOLUTE
    sysinit_112x.c                           0x00000000   Number         0  sysinit_112x.o ABSOLUTE
    uart_112x.c                              0x00000000   Number         0  uart_112x.o ABSOLUTE
    uart_112x.c                              0x00000000   Number         0  uart_112x.o ABSOLUTE
    !!!main                                  0x000000c0   Section        8  __main.o(!!!main)
    !!!scatter                               0x000000c8   Section       60  __scatter.o(!!!scatter)
    !!handler_copy                           0x00000104   Section       26  __scatter_copy.o(!!handler_copy)
    !!handler_zi                             0x00000120   Section       28  __scatter_zi.o(!!handler_zi)
    .ARM.Collect$$_printf_percent$$00000000  0x0000013c   Section        2  _printf_percent.o(.ARM.Collect$$_printf_percent$$00000000)
    .ARM.Collect$$_printf_percent$$00000014  0x0000013e   Section       10  _printf_s.o(.ARM.Collect$$_printf_percent$$00000014)
    .ARM.Collect$$_printf_percent$$00000017  0x00000148   Section        4  _printf_percent_end.o(.ARM.Collect$$_printf_percent$$00000017)
    .ARM.Collect$$libinit$$00000000          0x0000014c   Section        2  libinit.o(.ARM.Collect$$libinit$$00000000)
    .ARM.Collect$$libinit$$00000002          0x0000014e   Section        0  libinit2.o(.ARM.Collect$$libinit$$00000002)
    .ARM.Collect$$libinit$$00000004          0x0000014e   Section        0  libinit2.o(.ARM.Collect$$libinit$$00000004)
    .ARM.Collect$$libinit$$0000000A          0x0000014e   Section        0  libinit2.o(.ARM.Collect$$libinit$$0000000A)
    .ARM.Collect$$libinit$$0000000C          0x0000014e   Section        0  libinit2.o(.ARM.Collect$$libinit$$0000000C)
    .ARM.Collect$$libinit$$0000000E          0x0000014e   Section        0  libinit2.o(.ARM.Collect$$libinit$$0000000E)
    .ARM.Collect$$libinit$$00000011          0x0000014e   Section        0  libinit2.o(.ARM.Collect$$libinit$$00000011)
    .ARM.Collect$$libinit$$00000013          0x0000014e   Section        0  libinit2.o(.ARM.Collect$$libinit$$00000013)
    .ARM.Collect$$libinit$$00000015          0x0000014e   Section        0  libinit2.o(.ARM.Collect$$libinit$$00000015)
    .ARM.Collect$$libinit$$00000017          0x0000014e   Section        0  libinit2.o(.ARM.Collect$$libinit$$00000017)
    .ARM.Collect$$libinit$$00000019          0x0000014e   Section        0  libinit2.o(.ARM.Collect$$libinit$$00000019)
    .ARM.Collect$$libinit$$0000001B          0x0000014e   Section        0  libinit2.o(.ARM.Collect$$libinit$$0000001B)
    .ARM.Collect$$libinit$$0000001D          0x0000014e   Section        0  libinit2.o(.ARM.Collect$$libinit$$0000001D)
    .ARM.Collect$$libinit$$0000001F          0x0000014e   Section        0  libinit2.o(.ARM.Collect$$libinit$$0000001F)
    .ARM.Collect$$libinit$$00000021          0x0000014e   Section        0  libinit2.o(.ARM.Collect$$libinit$$00000021)
    .ARM.Collect$$libinit$$00000023          0x0000014e   Section        0  libinit2.o(.ARM.Collect$$libinit$$00000023)
    .ARM.Collect$$libinit$$00000025          0x0000014e   Section        0  libinit2.o(.ARM.Collect$$libinit$$00000025)
    .ARM.Collect$$libinit$$0000002C          0x0000014e   Section        0  libinit2.o(.ARM.Collect$$libinit$$0000002C)
    .ARM.Collect$$libinit$$0000002E          0x0000014e   Section        0  libinit2.o(.ARM.Collect$$libinit$$0000002E)
    .ARM.Collect$$libinit$$00000030          0x0000014e   Section        0  libinit2.o(.ARM.Collect$$libinit$$00000030)
    .ARM.Collect$$libinit$$00000032          0x0000014e   Section        0  libinit2.o(.ARM.Collect$$libinit$$00000032)
    .ARM.Collect$$libinit$$00000033          0x0000014e   Section        2  libinit2.o(.ARM.Collect$$libinit$$00000033)
    .ARM.Collect$$libshutdown$$00000000      0x00000150   Section        2  libshutdown.o(.ARM.Collect$$libshutdown$$00000000)
    .ARM.Collect$$libshutdown$$00000002      0x00000152   Section        0  libshutdown2.o(.ARM.Collect$$libshutdown$$00000002)
    .ARM.Collect$$libshutdown$$00000004      0x00000152   Section        0  libshutdown2.o(.ARM.Collect$$libshutdown$$00000004)
    .ARM.Collect$$libshutdown$$00000007      0x00000152   Section        0  libshutdown2.o(.ARM.Collect$$libshutdown$$00000007)
    .ARM.Collect$$libshutdown$$0000000A      0x00000152   Section        0  libshutdown2.o(.ARM.Collect$$libshutdown$$0000000A)
    .ARM.Collect$$libshutdown$$0000000C      0x00000152   Section        0  libshutdown2.o(.ARM.Collect$$libshutdown$$0000000C)
    .ARM.Collect$$libshutdown$$0000000F      0x00000152   Section        0  libshutdown2.o(.ARM.Collect$$libshutdown$$0000000F)
    .ARM.Collect$$libshutdown$$00000010      0x00000152   Section        2  libshutdown2.o(.ARM.Collect$$libshutdown$$00000010)
    .ARM.Collect$$rtentry$$00000000          0x00000154   Section        0  __rtentry.o(.ARM.Collect$$rtentry$$00000000)
    .ARM.Collect$$rtentry$$00000002          0x00000154   Section        0  __rtentry2.o(.ARM.Collect$$rtentry$$00000002)
    .ARM.Collect$$rtentry$$00000004          0x00000154   Section        6  __rtentry4.o(.ARM.Collect$$rtentry$$00000004)
    .ARM.Collect$$rtentry$$00000009          0x0000015a   Section        0  __rtentry2.o(.ARM.Collect$$rtentry$$00000009)
    .ARM.Collect$$rtentry$$0000000A          0x0000015a   Section        4  __rtentry2.o(.ARM.Collect$$rtentry$$0000000A)
    .ARM.Collect$$rtentry$$0000000C          0x0000015e   Section        0  __rtentry2.o(.ARM.Collect$$rtentry$$0000000C)
    .ARM.Collect$$rtentry$$0000000D          0x0000015e   Section        8  __rtentry2.o(.ARM.Collect$$rtentry$$0000000D)
    .ARM.Collect$$rtexit$$00000000           0x00000166   Section        2  rtexit.o(.ARM.Collect$$rtexit$$00000000)
    .ARM.Collect$$rtexit$$00000002           0x00000168   Section        0  rtexit2.o(.ARM.Collect$$rtexit$$00000002)
    .ARM.Collect$$rtexit$$00000003           0x00000168   Section        4  rtexit2.o(.ARM.Collect$$rtexit$$00000003)
    .ARM.Collect$$rtexit$$00000004           0x0000016c   Section        6  rtexit2.o(.ARM.Collect$$rtexit$$00000004)
    .emb_text                                0x00000174   Section       56  rt_memcpy.o(.emb_text)
    .text                                    0x000001ac   Section       68  keil_startup_lpc112x.o(.text)
    .text                                    0x000001f0   Section        0  sysinit.o(.text)
    .text                                    0x000001f8   Section        0  sw-auth-demo.o(.text)
    .text                                    0x000002e8   Section        0  chip_112x.o(.text)
    .ARM.__at_0x02FC                         0x000002fc   Section        4  keil_startup_lpc112x.o(.ARM.__at_0x02FC)
    .text                                    0x00000300   Section        0  board.o(.text)
    Chip_GPIO_GetPinState                    0x00000301   Thumb Code    28  board.o(.text)
    Chip_GPIO_SetPinDIRInput                 0x0000031d   Thumb Code    34  board.o(.text)
    Board_LED_Init                           0x00000419   Thumb Code    60  board.o(.text)
    Chip_IOCON_PinMuxSet                     0x00000509   Thumb Code     6  board.o(.text)
    .text                                    0x0000051c   Section        0  board_sysinit.o(.text)
    .text                                    0x0000055c   Section        0  clock_112x.o(.text)
    .text                                    0x00000648   Section        0  gpio_112x.o(.text)
    .text                                    0x00000718   Section        0  iocon_112x.o(.text)
    .text                                    0x00000734   Section        0  sysinit_112x.o(.text)
    Chip_FMC_SetFLASHAccess                  0x000007e1   Thumb Code    14  sysinit_112x.o(.text)
    Chip_Clock_SetupSystemPLL                0x000007ef   Thumb Code    16  sysinit_112x.o(.text)
    .text                                    0x00000808   Section        0  uart_112x.o(.text)
    .text                                    0x00000a6c   Section        0  ring_buffer.o(.text)
    RingBuffer_IsFull                        0x00000bdf   Thumb Code    20  ring_buffer.o(.text)
    RingBuffer_IsEmpty                       0x00000bf3   Thumb Code    16  ring_buffer.o(.text)
    .text                                    0x00000c04   Section        0  syscon_112x.o(.text)
    .text                                    0x00000c50   Section        0  llmul.o(.text)
    .text                                    0x00000c80   Section        0  lludiv.o(.text)
    .text                                    0x00000d84   Section        0  noretval__2printf.o(.text)
    .text                                    0x00000da0   Section        0  __printf.o(.text)
    .text                                    0x00000e0c   Section        0  _printf_str.o(.text)
    .text                                    0x00000e5e   Section        0  rt_memcpy.o(.text)
    .text                                    0x00000ee0   Section      346  aeabi_sdiv.o(.text)
    .text                                    0x0000103a   Section        0  heapauxi.o(.text)
    .text                                    0x00001040   Section        0  _printf_char.o(.text)
    .text                                    0x00001070   Section        0  _printf_char_file.o(.text)
    .text                                    0x00001098   Section        0  _printf_char_common.o(.text)
    _printf_input_char                       0x00001099   Thumb Code    10  _printf_char_common.o(.text)
    .text                                    0x000010c8   Section       62  sys_stackheap_outer.o(.text)
    .text                                    0x00001106   Section        0  exit.o(.text)
    .text                                    0x00001118   Section        8  libspace.o(.text)
    .constdata                               0x00001120   Section       12  board.o(.constdata)
    ledPin                                   0x00001120   Data           3  board.o(.constdata)
    .constdata                               0x0000112c   Section       40  board_sysinit.o(.constdata)
    pinmuxing                                0x0000112c   Data          40  board_sysinit.o(.constdata)
    .constdata                               0x00001154   Section       64  clock_112x.o(.constdata)
    wdtOSCRate                               0x00001154   Data          64  clock_112x.o(.constdata)
    .data                                    0x10000000   Section        8  sw-auth-demo.o(.data)
    tick_ct                                  0x10000004   Data           4  sw-auth-demo.o(.data)
    .data                                    0x10000008   Section        4  chip_112x.o(.data)
    .data                                    0x1000000c   Section       12  board.o(.data)
    .bss                                     0x10000018   Section       36  sw-auth-demo.o(.bss)
    .bss                                     0x1000003c   Section       96  libspace.o(.bss)
    HEAP                                     0x100000a0   Section      256  keil_startup_lpc112x.o(HEAP)
    Heap_Mem                                 0x100000a0   Data         256  keil_startup_lpc112x.o(HEAP)
    STACK                                    0x100001a0   Section      512  keil_startup_lpc112x.o(STACK)
    Stack_Mem                                0x100001a0   Data         512  keil_startup_lpc112x.o(STACK)
    __initial_sp                             0x100003a0   Data           0  keil_startup_lpc112x.o(STACK)

    Global Symbols

    Symbol Name                              Value     Ov Type        Size  Object(Section)

    BuildAttributes$$THM_ISAv3M$S$PE$A:L22$X:L11$S22$IEEE1$IW$USESV6$~STKCKD$USESV7$~SHL$OSPACE$ROPI$EBA8$UX$STANDARDLIB$REQ8$PRES8$EABIv2 0x00000000   Number         0  anon$$obj.o ABSOLUTE
    __ARM_use_no_argv                        0x00000000   Number         0  sw-auth-demo.o ABSOLUTE
    __Vectors                                0x00000000   Data           4  keil_startup_lpc112x.o(RESET)
    __ARM_exceptions_init                     - Undefined Weak Reference
    __alloca_initialize                       - Undefined Weak Reference
    __arm_preinit_                            - Undefined Weak Reference
    __cpp_initialize__aeabi_                  - Undefined Weak Reference
    __cxa_finalize                            - Undefined Weak Reference
    __rt_locale                               - Undefined Weak Reference
    __sigvec_lookup                           - Undefined Weak Reference
    _atexit_init                              - Undefined Weak Reference
    _call_atexit_fns                          - Undefined Weak Reference
    _clock_init                               - Undefined Weak Reference
    _fp_trap_init                             - Undefined Weak Reference
    _fp_trap_shutdown                         - Undefined Weak Reference
    _get_lc_collate                           - Undefined Weak Reference
    _get_lc_ctype                             - Undefined Weak Reference
    _get_lc_monetary                          - Undefined Weak Reference
    _get_lc_numeric                           - Undefined Weak Reference
    _get_lc_time                              - Undefined Weak Reference
    _getenv_init                              - Undefined Weak Reference
    _handle_redirection                       - Undefined Weak Reference
    _init_alloc                               - Undefined Weak Reference
    _init_user_alloc                          - Undefined Weak Reference
    _initio                                   - Undefined Weak Reference
    _printf_mbtowc                            - Undefined Weak Reference
    _printf_post_padding                      - Undefined Weak Reference
    _printf_pre_padding                       - Undefined Weak Reference
    _rand_init                                - Undefined Weak Reference
    _signal_finish                            - Undefined Weak Reference
    _signal_init                              - Undefined Weak Reference
    _terminate_alloc                          - Undefined Weak Reference
    _terminate_user_alloc                     - Undefined Weak Reference
    _terminateio                              - Undefined Weak Reference
    __main                                   0x000000c1   Thumb Code     8  __main.o(!!!main)
    __scatterload                            0x000000c9   Thumb Code     0  __scatter.o(!!!scatter)
    __scatterload_rt2                        0x000000c9   Thumb Code    52  __scatter.o(!!!scatter)
    __scatterload_rt2_thumb_only             0x000000c9   Thumb Code     0  __scatter.o(!!!scatter)
    __scatterload_null                       0x000000d9   Thumb Code     0  __scatter.o(!!!scatter)
    __scatterload_copy                       0x00000105   Thumb Code    26  __scatter_copy.o(!!handler_copy)
    __scatterload_zeroinit                   0x00000121   Thumb Code    28  __scatter_zi.o(!!handler_zi)
    _printf_percent                          0x0000013d   Thumb Code     0  _printf_percent.o(.ARM.Collect$$_printf_percent$$00000000)
    _printf_s                                0x0000013f   Thumb Code     0  _printf_s.o(.ARM.Collect$$_printf_percent$$00000014)
    _printf_percent_end                      0x00000149   Thumb Code     0  _printf_percent_end.o(.ARM.Collect$$_printf_percent$$00000017)
    __rt_lib_init                            0x0000014d   Thumb Code     0  libinit.o(.ARM.Collect$$libinit$$00000000)
    __rt_lib_init_alloca_1                   0x0000014f   Thumb Code     0  libinit2.o(.ARM.Collect$$libinit$$0000002E)
    __rt_lib_init_argv_1                     0x0000014f   Thumb Code     0  libinit2.o(.ARM.Collect$$libinit$$0000002C)
    __rt_lib_init_atexit_1                   0x0000014f   Thumb Code     0  libinit2.o(.ARM.Collect$$libinit$$0000001B)
    __rt_lib_init_clock_1                    0x0000014f   Thumb Code     0  libinit2.o(.ARM.Collect$$libinit$$00000021)
    __rt_lib_init_cpp_1                      0x0000014f   Thumb Code     0  libinit2.o(.ARM.Collect$$libinit$$00000032)
    __rt_lib_init_exceptions_1               0x0000014f   Thumb Code     0  libinit2.o(.ARM.Collect$$libinit$$00000030)
    __rt_lib_init_fp_1                       0x0000014f   Thumb Code     0  libinit2.o(.ARM.Collect$$libinit$$00000002)
    __rt_lib_init_fp_trap_1                  0x0000014f   Thumb Code     0  libinit2.o(.ARM.Collect$$libinit$$0000001F)
    __rt_lib_init_getenv_1                   0x0000014f   Thumb Code     0  libinit2.o(.ARM.Collect$$libinit$$00000023)
    __rt_lib_init_heap_1                     0x0000014f   Thumb Code     0  libinit2.o(.ARM.Collect$$libinit$$0000000A)
    __rt_lib_init_lc_collate_1               0x0000014f   Thumb Code     0  libinit2.o(.ARM.Collect$$libinit$$00000011)
    __rt_lib_init_lc_ctype_1                 0x0000014f   Thumb Code     0  libinit2.o(.ARM.Collect$$libinit$$00000013)
    __rt_lib_init_lc_monetary_1              0x0000014f   Thumb Code     0  libinit2.o(.ARM.Collect$$libinit$$00000015)
    __rt_lib_init_lc_numeric_1               0x0000014f   Thumb Code     0  libinit2.o(.ARM.Collect$$libinit$$00000017)
    __rt_lib_init_lc_time_1                  0x0000014f   Thumb Code     0  libinit2.o(.ARM.Collect$$libinit$$00000019)
    __rt_lib_init_preinit_1                  0x0000014f   Thumb Code     0  libinit2.o(.ARM.Collect$$libinit$$00000004)
    __rt_lib_init_rand_1                     0x0000014f   Thumb Code     0  libinit2.o(.ARM.Collect$$libinit$$0000000E)
    __rt_lib_init_return                     0x0000014f   Thumb Code     0  libinit2.o(.ARM.Collect$$libinit$$00000033)
    __rt_lib_init_signal_1                   0x0000014f   Thumb Code     0  libinit2.o(.ARM.Collect$$libinit$$0000001D)
    __rt_lib_init_stdio_1                    0x0000014f   Thumb Code     0  libinit2.o(.ARM.Collect$$libinit$$00000025)
    __rt_lib_init_user_alloc_1               0x0000014f   Thumb Code     0  libinit2.o(.ARM.Collect$$libinit$$0000000C)
    __rt_lib_shutdown                        0x00000151   Thumb Code     0  libshutdown.o(.ARM.Collect$$libshutdown$$00000000)
    __rt_lib_shutdown_cpp_1                  0x00000153   Thumb Code     0  libshutdown2.o(.ARM.Collect$$libshutdown$$00000002)
    __rt_lib_shutdown_fp_trap_1              0x00000153   Thumb Code     0  libshutdown2.o(.ARM.Collect$$libshutdown$$00000007)
    __rt_lib_shutdown_heap_1                 0x00000153   Thumb Code     0  libshutdown2.o(.ARM.Collect$$libshutdown$$0000000F)
    __rt_lib_shutdown_return                 0x00000153   Thumb Code     0  libshutdown2.o(.ARM.Collect$$libshutdown$$00000010)
    __rt_lib_shutdown_signal_1               0x00000153   Thumb Code     0  libshutdown2.o(.ARM.Collect$$libshutdown$$0000000A)
    __rt_lib_shutdown_stdio_1                0x00000153   Thumb Code     0  libshutdown2.o(.ARM.Collect$$libshutdown$$00000004)
    __rt_lib_shutdown_user_alloc_1           0x00000153   Thumb Code     0  libshutdown2.o(.ARM.Collect$$libshutdown$$0000000C)
    __rt_entry                               0x00000155   Thumb Code     0  __rtentry.o(.ARM.Collect$$rtentry$$00000000)
    __rt_entry_presh_1                       0x00000155   Thumb Code     0  __rtentry2.o(.ARM.Collect$$rtentry$$00000002)
    __rt_entry_sh                            0x00000155   Thumb Code     0  __rtentry4.o(.ARM.Collect$$rtentry$$00000004)
    __rt_entry_li                            0x0000015b   Thumb Code     0  __rtentry2.o(.ARM.Collect$$rtentry$$0000000A)
    __rt_entry_postsh_1                      0x0000015b   Thumb Code     0  __rtentry2.o(.ARM.Collect$$rtentry$$00000009)
    __rt_entry_main                          0x0000015f   Thumb Code     0  __rtentry2.o(.ARM.Collect$$rtentry$$0000000D)
    __rt_entry_postli_1                      0x0000015f   Thumb Code     0  __rtentry2.o(.ARM.Collect$$rtentry$$0000000C)
    __rt_exit                                0x00000167   Thumb Code     0  rtexit.o(.ARM.Collect$$rtexit$$00000000)
    __rt_exit_ls                             0x00000169   Thumb Code     0  rtexit2.o(.ARM.Collect$$rtexit$$00000003)
    __rt_exit_prels_1                        0x00000169   Thumb Code     0  rtexit2.o(.ARM.Collect$$rtexit$$00000002)
    __rt_exit_exit                           0x0000016d   Thumb Code     0  rtexit2.o(.ARM.Collect$$rtexit$$00000004)
    __aeabi_memcpy4                          0x00000175   Thumb Code    56  rt_memcpy.o(.emb_text)
    __aeabi_memcpy8                          0x00000175   Thumb Code     0  rt_memcpy.o(.emb_text)
    Reset_Handler                            0x000001ad   Thumb Code     8  keil_startup_lpc112x.o(.text)
    NMI_Handler                              0x000001b5   Thumb Code     2  keil_startup_lpc112x.o(.text)
    HardFault_Handler                        0x000001b7   Thumb Code     2  keil_startup_lpc112x.o(.text)
    MemManage_Handler                        0x000001b9   Thumb Code     2  keil_startup_lpc112x.o(.text)
    BusFault_Handler                         0x000001bb   Thumb Code     2  keil_startup_lpc112x.o(.text)
    UsageFault_Handler                       0x000001bd   Thumb Code     2  keil_startup_lpc112x.o(.text)
    SVC_Handler                              0x000001bf   Thumb Code     2  keil_startup_lpc112x.o(.text)
    DebugMon_Handler                         0x000001c1   Thumb Code     2  keil_startup_lpc112x.o(.text)
    PendSV_Handler                           0x000001c3   Thumb Code     2  keil_startup_lpc112x.o(.text)
    Reserved_IRQHandler                      0x000001c7   Thumb Code     2  keil_startup_lpc112x.o(.text)
    ADCA_IRQHandler                          0x000001c9   Thumb Code     0  keil_startup_lpc112x.o(.text)
    ADCB_IRQHandler                          0x000001c9   Thumb Code     0  keil_startup_lpc112x.o(.text)
    BOD_IRQHandler                           0x000001c9   Thumb Code     0  keil_startup_lpc112x.o(.text)
    I2C_IRQHandler                           0x000001c9   Thumb Code     0  keil_startup_lpc112x.o(.text)
    PIOINT0_IRQHandler                       0x000001c9   Thumb Code     0  keil_startup_lpc112x.o(.text)
    PIOINT1_IRQHandler                       0x000001c9   Thumb Code     0  keil_startup_lpc112x.o(.text)
    PIOINT2_IRQHandler                       0x000001c9   Thumb Code     0  keil_startup_lpc112x.o(.text)
    PIOINT3_IRQHandler                       0x000001c9   Thumb Code     0  keil_startup_lpc112x.o(.text)
    SSP0_IRQHandler                          0x000001c9   Thumb Code     0  keil_startup_lpc112x.o(.text)
    SSP1_IRQHandler                          0x000001c9   Thumb Code     0  keil_startup_lpc112x.o(.text)
    TIMER16_0_IRQHandler                     0x000001c9   Thumb Code     0  keil_startup_lpc112x.o(.text)
    TIMER16_1_IRQHandler                     0x000001c9   Thumb Code     0  keil_startup_lpc112x.o(.text)
    TIMER32_0_IRQHandler                     0x000001c9   Thumb Code     0  keil_startup_lpc112x.o(.text)
    TIMER32_1_IRQHandler                     0x000001c9   Thumb Code     0  keil_startup_lpc112x.o(.text)
    UART1_IRQHandler                         0x000001c9   Thumb Code     0  keil_startup_lpc112x.o(.text)
    UART2_IRQHandler                         0x000001c9   Thumb Code     0  keil_startup_lpc112x.o(.text)
    UART_IRQHandler                          0x000001c9   Thumb Code     0  keil_startup_lpc112x.o(.text)
    WAKEUP_IRQHandler                        0x000001c9   Thumb Code     0  keil_startup_lpc112x.o(.text)
    WDT_IRQHandler                           0x000001c9   Thumb Code     0  keil_startup_lpc112x.o(.text)
    __user_initial_stackheap                 0x000001cd   Thumb Code     0  keil_startup_lpc112x.o(.text)
    SystemInit                               0x000001f1   Thumb Code     8  sysinit.o(.text)
    SysTick_Handler                          0x000001f9   Thumb Code    48  sw-auth-demo.o(.text)
    main                                     0x00000229   Thumb Code   112  sw-auth-demo.o(.text)
    SystemCoreClockUpdate                    0x000002e9   Thumb Code    12  chip_112x.o(.text)
    Board_UARTPutChar                        0x0000033f   Thumb Code    14  board.o(.text)
    _sys_open                                0x0000034d   Thumb Code     6  board.o(.text)
    fputc                                    0x00000353   Thumb Code    20  board.o(.text)
    Board_UARTGetChar                        0x00000367   Thumb Code    28  board.o(.text)
    fgetc                                    0x00000383   Thumb Code    10  board.o(.text)
    ferror                                   0x0000038d   Thumb Code     8  board.o(.text)
    _sys_exit                                0x00000395   Thumb Code     6  board.o(.text)
    Board_UARTPutSTR                         0x0000039b   Thumb Code    22  board.o(.text)
    Board_Debug_Init                         0x000003b1   Thumb Code    62  board.o(.text)
    Board_LED_Set                            0x000003ef   Thumb Code    42  board.o(.text)
    Board_LED_Test                           0x00000455   Thumb Code    30  board.o(.text)
    Board_LED_Toggle                         0x00000473   Thumb Code    54  board.o(.text)
    Board_Init                               0x000004a9   Thumb Code    20  board.o(.text)
    Board_Buttons_Init                       0x000004bd   Thumb Code    28  board.o(.text)
    Buttons_GetStatus                        0x000004d9   Thumb Code    48  board.o(.text)
    Board_SetupMuxing                        0x0000051d   Thumb Code    32  board_sysinit.o(.text)
    Board_SetupClocking                      0x0000053d   Thumb Code     8  board_sysinit.o(.text)
    Board_SystemInit                         0x00000545   Thumb Code    12  board_sysinit.o(.text)
    Chip_Clock_SetSystemPLLSource            0x0000055d   Thumb Code    14  clock_112x.o(.text)
    Chip_Clock_SetPLLBypass                  0x0000056b   Thumb Code    24  clock_112x.o(.text)
    Chip_Clock_SetMainClockSource            0x00000583   Thumb Code    14  clock_112x.o(.text)
    Chip_Clock_SetWDTClockSource             0x00000591   Thumb Code    18  clock_112x.o(.text)
    Chip_Clock_SetCLKOUTSource               0x000005a3   Thumb Code    18  clock_112x.o(.text)
    Chip_Clock_GetWDTOSCRate                 0x000005b5   Thumb Code    30  clock_112x.o(.text)
    Chip_Clock_GetSystemPLLInClockRate       0x000005d3   Thumb Code    28  clock_112x.o(.text)
    Chip_Clock_GetSystemPLLOutClockRate      0x000005ef   Thumb Code    22  clock_112x.o(.text)
    Chip_Clock_GetMainClockRate              0x00000605   Thumb Code    34  clock_112x.o(.text)
    Chip_Clock_GetSystemClockRate            0x00000627   Thumb Code    16  clock_112x.o(.text)
    Chip_GPIO_Init                           0x00000649   Thumb Code    12  gpio_112x.o(.text)
    Chip_GPIO_DeInit                         0x00000655   Thumb Code    12  gpio_112x.o(.text)
    Chip_GPIO_WriteDirBit                    0x00000661   Thumb Code    32  gpio_112x.o(.text)
    Chip_GPIO_SetDir                         0x00000681   Thumb Code    28  gpio_112x.o(.text)
    Chip_GPIO_SetPinDIR                      0x0000069d   Thumb Code    30  gpio_112x.o(.text)
    Chip_GPIO_SetPortDIR                     0x000006bb   Thumb Code    26  gpio_112x.o(.text)
    Chip_GPIO_SetupPinInt                    0x000006d5   Thumb Code    64  gpio_112x.o(.text)
    Chip_IOCON_SetPinMuxing                  0x00000719   Thumb Code    26  iocon_112x.o(.text)
    Chip_SetupXtalClocking                   0x00000735   Thumb Code    84  sysinit_112x.o(.text)
    Chip_SetupIrcClocking                    0x00000789   Thumb Code    86  sysinit_112x.o(.text)
    Chip_SystemInit                          0x000007df   Thumb Code     2  sysinit_112x.o(.text)
    Chip_UART_Init                           0x00000809   Thumb Code    30  uart_112x.o(.text)
    Chip_UART_DeInit                         0x00000827   Thumb Code    14  uart_112x.o(.text)
    Chip_UART_Send                           0x00000835   Thumb Code    28  uart_112x.o(.text)
    Chip_UART_SendBlocking                   0x00000851   Thumb Code    36  uart_112x.o(.text)
    Chip_UART_Read                           0x00000875   Thumb Code    28  uart_112x.o(.text)
    Chip_UART_ReadBlocking                   0x00000891   Thumb Code    36  uart_112x.o(.text)
    Chip_UART_SetBaud                        0x000008b5   Thumb Code    56  uart_112x.o(.text)
    Chip_UART_RXIntHandlerRB                 0x000008ed   Thumb Code    28  uart_112x.o(.text)
    Chip_UART_TXIntHandlerRB                 0x00000909   Thumb Code    34  uart_112x.o(.text)
    Chip_UART_SendRB                         0x0000092b   Thumb Code    62  uart_112x.o(.text)
    Chip_UART_ReadRB                         0x00000969   Thumb Code    16  uart_112x.o(.text)
    Chip_UART_IRQRBHandler                   0x00000979   Thumb Code    48  uart_112x.o(.text)
    Chip_UART_SetBaudFDR                     0x000009a9   Thumb Code   192  uart_112x.o(.text)
    RingBuffer_Init                          0x00000a6d   Thumb Code    14  ring_buffer.o(.text)
    RingBuffer_Insert                        0x00000a7b   Thumb Code    50  ring_buffer.o(.text)
    RingBuffer_InsertMult                    0x00000aad   Thumb Code   130  ring_buffer.o(.text)
    RingBuffer_Pop                           0x00000b2f   Thumb Code    50  ring_buffer.o(.text)
    RingBuffer_PopMult                       0x00000b61   Thumb Code   126  ring_buffer.o(.text)
    Chip_SYSCON_SetDeepSleepPD               0x00000c05   Thumb Code    14  syscon_112x.o(.text)
    Chip_SYSCON_SetWakeup                    0x00000c13   Thumb Code    14  syscon_112x.o(.text)
    Chip_SYSCON_PowerDown                    0x00000c21   Thumb Code    20  syscon_112x.o(.text)
    Chip_SYSCON_PowerUp                      0x00000c35   Thumb Code    20  syscon_112x.o(.text)
    __aeabi_lmul                             0x00000c51   Thumb Code    48  llmul.o(.text)
    _ll_mul                                  0x00000c51   Thumb Code     0  llmul.o(.text)
    __aeabi_uldivmod                         0x00000c81   Thumb Code   258  lludiv.o(.text)
    _ll_udiv                                 0x00000c81   Thumb Code     0  lludiv.o(.text)
    __2printf                                0x00000d85   Thumb Code    22  noretval__2printf.o(.text)
    __printf                                 0x00000da1   Thumb Code   108  __printf.o(.text)
    _printf_str                              0x00000e0d   Thumb Code    82  _printf_str.o(.text)
    __aeabi_memcpy                           0x00000e5f   Thumb Code   130  rt_memcpy.o(.text)
    __rt_memcpy                              0x00000e5f   Thumb Code     0  rt_memcpy.o(.text)
    __aeabi_uidiv                            0x00000ee1   Thumb Code     0  aeabi_sdiv.o(.text)
    __aeabi_uidivmod                         0x00000ee1   Thumb Code    20  aeabi_sdiv.o(.text)
    __aeabi_idiv                             0x00000ef5   Thumb Code     0  aeabi_sdiv.o(.text)
    __aeabi_idivmod                          0x00000ef5   Thumb Code   326  aeabi_sdiv.o(.text)
    __use_two_region_memory                  0x0000103b   Thumb Code     2  heapauxi.o(.text)
    __rt_heap_escrow$2region                 0x0000103d   Thumb Code     2  heapauxi.o(.text)
    __rt_heap_expand$2region                 0x0000103f   Thumb Code     2  heapauxi.o(.text)
    _printf_cs_common                        0x00001041   Thumb Code    22  _printf_char.o(.text)
    _printf_char                             0x00001057   Thumb Code    16  _printf_char.o(.text)
    _printf_string                           0x00001067   Thumb Code     8  _printf_char.o(.text)
    _printf_char_file                        0x00001071   Thumb Code    34  _printf_char_file.o(.text)
    _printf_char_common                      0x000010a3   Thumb Code    32  _printf_char_common.o(.text)
    __user_setup_stackheap                   0x000010c9   Thumb Code    62  sys_stackheap_outer.o(.text)
    exit                                     0x00001107   Thumb Code    16  exit.o(.text)
    __user_libspace                          0x00001119   Thumb Code     8  libspace.o(.text)
    __user_perproc_libspace                  0x00001119   Thumb Code     0  libspace.o(.text)
    __user_perthread_libspace                0x00001119   Thumb Code     0  libspace.o(.text)
    OscRateIn                                0x00001124   Data           4  board.o(.constdata)
    ExtRateIn                                0x00001128   Data           4  board.o(.constdata)
    Region$$Table$$Base                      0x00001194   Number         0  anon$$obj.o(Region$$Table)
    Region$$Table$$Limit                     0x000011b4   Number         0  anon$$obj.o(Region$$Table)
    authReqFlag                              0x10000000   Data           1  sw-auth-demo.o(.data)
    SystemCoreClock                          0x10000008   Data           4  chip_112x.o(.data)
    __stdout                                 0x1000000c   Data           4  board.o(.data)
    __stdin                                  0x10000010   Data           4  board.o(.data)
    __stderr                                 0x10000014   Data           4  board.o(.data)
    uid                                      0x10000018   Data          36  sw-auth-demo.o(.bss)
    __libspace_start                         0x1000003c   Data          96  libspace.o(.bss)
    __temporary_stack_top$libspace           0x1000009c   Data           0  libspace.o(.bss)



==============================================================================

Memory Map of the image

  Image Entry point : 0x000000c1

  Load Region LR_IROM1 (Base: 0x00000000, Size: 0x000011cc, Max: 0x00010000, ABSOLUTE)

    Execution Region ER_IROM1 (Base: 0x00000000, Size: 0x000011b4, Max: 0x00010000, ABSOLUTE)

    Base Addr    Size         Type   Attr      Idx    E Section Name        Object

    0x00000000   0x000000c0   Data   RO            3    RESET               keil_startup_lpc112x.o
    0x000000c0   0x00000008   Code   RO          653  * !!!main             c_p.l(__main.o)
    0x000000c8   0x0000003c   Code   RO          833    !!!scatter          c_p.l(__scatter.o)
    0x00000104   0x0000001a   Code   RO          835    !!handler_copy      c_p.l(__scatter_copy.o)
    0x0000011e   0x00000002   PAD
    0x00000120   0x0000001c   Code   RO          837    !!handler_zi        c_p.l(__scatter_zi.o)
    0x0000013c   0x00000002   Code   RO          642    .ARM.Collect$$_printf_percent$$00000000  c_p.l(_printf_percent.o)
    0x0000013e   0x0000000a   Code   RO          641    .ARM.Collect$$_printf_percent$$00000014  c_p.l(_printf_s.o)
    0x00000148   0x00000004   Code   RO          668    .ARM.Collect$$_printf_percent$$00000017  c_p.l(_printf_percent_end.o)
    0x0000014c   0x00000002   Code   RO          704    .ARM.Collect$$libinit$$00000000  c_p.l(libinit.o)
    0x0000014e   0x00000000   Code   RO          718    .ARM.Collect$$libinit$$00000002  c_p.l(libinit2.o)
    0x0000014e   0x00000000   Code   RO          720    .ARM.Collect$$libinit$$00000004  c_p.l(libinit2.o)
    0x0000014e   0x00000000   Code   RO          723    .ARM.Collect$$libinit$$0000000A  c_p.l(libinit2.o)
    0x0000014e   0x00000000   Code   RO          725    .ARM.Collect$$libinit$$0000000C  c_p.l(libinit2.o)
    0x0000014e   0x00000000   Code   RO          727    .ARM.Collect$$libinit$$0000000E  c_p.l(libinit2.o)
    0x0000014e   0x00000000   Code   RO          730    .ARM.Collect$$libinit$$00000011  c_p.l(libinit2.o)
    0x0000014e   0x00000000   Code   RO          732    .ARM.Collect$$libinit$$00000013  c_p.l(libinit2.o)
    0x0000014e   0x00000000   Code   RO          734    .ARM.Collect$$libinit$$00000015  c_p.l(libinit2.o)
    0x0000014e   0x00000000   Code   RO          736    .ARM.Collect$$libinit$$00000017  c_p.l(libinit2.o)
    0x0000014e   0x00000000   Code   RO          738    .ARM.Collect$$libinit$$00000019  c_p.l(libinit2.o)
    0x0000014e   0x00000000   Code   RO          740    .ARM.Collect$$libinit$$0000001B  c_p.l(libinit2.o)
    0x0000014e   0x00000000   Code   RO          742    .ARM.Collect$$libinit$$0000001D  c_p.l(libinit2.o)
    0x0000014e   0x00000000   Code   RO          744    .ARM.Collect$$libinit$$0000001F  c_p.l(libinit2.o)
    0x0000014e   0x00000000   Code   RO          746    .ARM.Collect$$libinit$$00000021  c_p.l(libinit2.o)
    0x0000014e   0x00000000   Code   RO          748    .ARM.Collect$$libinit$$00000023  c_p.l(libinit2.o)
    0x0000014e   0x00000000   Code   RO          750    .ARM.Collect$$libinit$$00000025  c_p.l(libinit2.o)
    0x0000014e   0x00000000   Code   RO          754    .ARM.Collect$$libinit$$0000002C  c_p.l(libinit2.o)
    0x0000014e   0x00000000   Code   RO          756    .ARM.Collect$$libinit$$0000002E  c_p.l(libinit2.o)
    0x0000014e   0x00000000   Code   RO          758    .ARM.Collect$$libinit$$00000030  c_p.l(libinit2.o)
    0x0000014e   0x00000000   Code   RO          760    .ARM.Collect$$libinit$$00000032  c_p.l(libinit2.o)
    0x0000014e   0x00000002   Code   RO          761    .ARM.Collect$$libinit$$00000033  c_p.l(libinit2.o)
    0x00000150   0x00000002   Code   RO          787    .ARM.Collect$$libshutdown$$00000000  c_p.l(libshutdown.o)
    0x00000152   0x00000000   Code   RO          816    .ARM.Collect$$libshutdown$$00000002  c_p.l(libshutdown2.o)
    0x00000152   0x00000000   Code   RO          818    .ARM.Collect$$libshutdown$$00000004  c_p.l(libshutdown2.o)
    0x00000152   0x00000000   Code   RO          821    .ARM.Collect$$libshutdown$$00000007  c_p.l(libshutdown2.o)
    0x00000152   0x00000000   Code   RO          824    .ARM.Collect$$libshutdown$$0000000A  c_p.l(libshutdown2.o)
    0x00000152   0x00000000   Code   RO          826    .ARM.Collect$$libshutdown$$0000000C  c_p.l(libshutdown2.o)
    0x00000152   0x00000000   Code   RO          829    .ARM.Collect$$libshutdown$$0000000F  c_p.l(libshutdown2.o)
    0x00000152   0x00000002   Code   RO          830    .ARM.Collect$$libshutdown$$00000010  c_p.l(libshutdown2.o)
    0x00000154   0x00000000   Code   RO          655    .ARM.Collect$$rtentry$$00000000  c_p.l(__rtentry.o)
    0x00000154   0x00000000   Code   RO          670    .ARM.Collect$$rtentry$$00000002  c_p.l(__rtentry2.o)
    0x00000154   0x00000006   Code   RO          682    .ARM.Collect$$rtentry$$00000004  c_p.l(__rtentry4.o)
    0x0000015a   0x00000000   Code   RO          672    .ARM.Collect$$rtentry$$00000009  c_p.l(__rtentry2.o)
    0x0000015a   0x00000004   Code   RO          673    .ARM.Collect$$rtentry$$0000000A  c_p.l(__rtentry2.o)
    0x0000015e   0x00000000   Code   RO          675    .ARM.Collect$$rtentry$$0000000C  c_p.l(__rtentry2.o)
    0x0000015e   0x00000008   Code   RO          676    .ARM.Collect$$rtentry$$0000000D  c_p.l(__rtentry2.o)
    0x00000166   0x00000002   Code   RO          709    .ARM.Collect$$rtexit$$00000000  c_p.l(rtexit.o)
    0x00000168   0x00000000   Code   RO          763    .ARM.Collect$$rtexit$$00000002  c_p.l(rtexit2.o)
    0x00000168   0x00000004   Code   RO          764    .ARM.Collect$$rtexit$$00000003  c_p.l(rtexit2.o)
    0x0000016c   0x00000006   Code   RO          765    .ARM.Collect$$rtexit$$00000004  c_p.l(rtexit2.o)
    0x00000172   0x00000002   PAD
    0x00000174   0x00000038   Code   RO          643    .emb_text           c_p.l(rt_memcpy.o)
    0x000001ac   0x00000044   Code   RO            5    .text               keil_startup_lpc112x.o
    0x000001f0   0x00000008   Code   RO           15    .text               sysinit.o
    0x000001f8   0x000000f0   Code   RO          131    .text               sw-auth-demo.o
    0x000002e8   0x00000010   Code   RO          158    .text               lib_lpc_chip_112x.lib(chip_112x.o)
    0x000002f8   0x00000004   PAD
    0x000002fc   0x00000004   Code   RO            4    .ARM.__at_0x02FC    keil_startup_lpc112x.o
    0x00000300   0x0000021c   Code   RO          266    .text               lib_nxp_lpcxpresso_1125.lib(board.o)
    0x0000051c   0x00000040   Code   RO          394    .text               lib_nxp_lpcxpresso_1125.lib(board_sysinit.o)
    0x0000055c   0x000000ec   Code   RO          436    .text               lib_lpc_chip_112x.lib(clock_112x.o)
    0x00000648   0x000000d0   Code   RO          463    .text               lib_lpc_chip_112x.lib(gpio_112x.o)
    0x00000718   0x0000001a   Code   RO          489    .text               lib_lpc_chip_112x.lib(iocon_112x.o)
    0x00000732   0x00000002   PAD
    0x00000734   0x000000d4   Code   RO          512    .text               lib_lpc_chip_112x.lib(sysinit_112x.o)
    0x00000808   0x00000264   Code   RO          538    .text               lib_lpc_chip_112x.lib(uart_112x.o)
    0x00000a6c   0x00000196   Code   RO          566    .text               lib_lpc_chip_112x.lib(ring_buffer.o)
    0x00000c02   0x00000002   PAD
    0x00000c04   0x0000004c   Code   RO          589    .text               lib_lpc_chip_112x.lib(syscon_112x.o)
    0x00000c50   0x00000030   Code   RO          609    .text               c_p.l(llmul.o)
    0x00000c80   0x00000102   Code   RO          611    .text               c_p.l(lludiv.o)
    0x00000d82   0x00000002   PAD
    0x00000d84   0x0000001c   Code   RO          615    .text               c_p.l(noretval__2printf.o)
    0x00000da0   0x0000006c   Code   RO          617    .text               c_p.l(__printf.o)
    0x00000e0c   0x00000052   Code   RO          619    .text               c_p.l(_printf_str.o)
    0x00000e5e   0x00000082   Code   RO          644    .text               c_p.l(rt_memcpy.o)
    0x00000ee0   0x0000015a   Code   RO          647    .text               c_p.l(aeabi_sdiv.o)
    0x0000103a   0x00000006   Code   RO          651    .text               c_p.l(heapauxi.o)
    0x00001040   0x0000002e   Code   RO          664    .text               c_p.l(_printf_char.o)
    0x0000106e   0x00000002   PAD
    0x00001070   0x00000028   Code   RO          666    .text               c_p.l(_printf_char_file.o)
    0x00001098   0x00000030   Code   RO          686    .text               c_p.l(_printf_char_common.o)
    0x000010c8   0x0000003e   Code   RO          688    .text               c_p.l(sys_stackheap_outer.o)
    0x00001106   0x00000010   Code   RO          693    .text               c_p.l(exit.o)
    0x00001116   0x00000002   PAD
    0x00001118   0x00000008   Code   RO          705    .text               c_p.l(libspace.o)
    0x00001120   0x0000000c   Data   RO          267    .constdata          lib_nxp_lpcxpresso_1125.lib(board.o)
    0x0000112c   0x00000028   Data   RO          395    .constdata          lib_nxp_lpcxpresso_1125.lib(board_sysinit.o)
    0x00001154   0x00000040   Data   RO          437    .constdata          lib_lpc_chip_112x.lib(clock_112x.o)
    0x00001194   0x00000020   Data   RO          831    Region$$Table       anon$$obj.o


    Execution Region RW_IRAM1 (Base: 0x10000000, Size: 0x000003a0, Max: 0x00002000, ABSOLUTE)

    Base Addr    Size         Type   Attr      Idx    E Section Name        Object

    0x10000000   0x00000008   Data   RW          133    .data               sw-auth-demo.o
    0x10000008   0x00000004   Data   RW          159    .data               lib_lpc_chip_112x.lib(chip_112x.o)
    0x1000000c   0x0000000c   Data   RW          268    .data               lib_nxp_lpcxpresso_1125.lib(board.o)
    0x10000018   0x00000024   Zero   RW          132    .bss                sw-auth-demo.o
    0x1000003c   0x00000060   Zero   RW          706    .bss                c_p.l(libspace.o)
    0x1000009c   0x00000004   PAD
    0x100000a0   0x00000100   Zero   RW            2    HEAP                keil_startup_lpc112x.o
    0x100001a0   0x00000200   Zero   RW            1    STACK               keil_startup_lpc112x.o


==============================================================================

Image component sizes


      Code (inc. data)   RO Data    RW Data    ZI Data      Debug   Object Name

        72         32        192          0        768       1300   keil_startup_lpc112x.o
       240         80          0          8         36       7517   sw-auth-demo.o
         8          0          0          0          0       6329   sysinit.o

    ----------------------------------------------------------------------
       320        112        224          8        804      15146   Object Totals
         0          0         32          0          0          0   (incl. Generated)
         0          0          0          0          0          0   (incl. Padding)

    ----------------------------------------------------------------------

      Code (inc. data)   RO Data    RW Data    ZI Data      Debug   Library Member Name

         8          0          0          0          0         68   __main.o
       108          0          0          0          0         76   __printf.o
         0          0          0          0          0          0   __rtentry.o
        12          0          0          0          0          0   __rtentry2.o
         6          0          0          0          0          0   __rtentry4.o
        60          8          0          0          0          0   __scatter.o
        26          0          0          0          0          0   __scatter_copy.o
        28          0          0          0          0          0   __scatter_zi.o
        46          0          0          0          0        100   _printf_char.o
        48          6          0          0          0         88   _printf_char_common.o
        40          6          0          0          0         72   _printf_char_file.o
         2          0          0          0          0          0   _printf_percent.o
         4          0          0          0          0          0   _printf_percent_end.o
        10          0          0          0          0          0   _printf_s.o
        82          0          0          0          0         72   _printf_str.o
       346          0          0          0          0         92   aeabi_sdiv.o
        16          0          0          0          0         68   exit.o
         6          0          0          0          0        136   heapauxi.o
         2          0          0          0          0          0   libinit.o
         2          0          0          0          0          0   libinit2.o
         2          0          0          0          0          0   libshutdown.o
         2          0          0          0          0          0   libshutdown2.o
         8          4          0          0         96         68   libspace.o
        48          0          0          0          0         72   llmul.o
       258          0          0          0          0         88   lludiv.o
        28          6          0          0          0         84   noretval__2printf.o
       186          0          0          0          0        144   rt_memcpy.o
         2          0          0          0          0          0   rtexit.o
        10          0          0          0          0          0   rtexit2.o
        62          0          0          0          0         80   sys_stackheap_outer.o
        16          4          0          4          0       6402   chip_112x.o
       236         18         64          0          0       3466   clock_112x.o
       208          4          0          0          0       8652   gpio_112x.o
        26          0          0          0          0       3882   iocon_112x.o
       406          0          0          0          0       4020   ring_buffer.o
        76          8          0          0          0       1045   syscon_112x.o
       212         10          0          0          0       4959   sysinit_112x.o
       612          4          0          0          0      15962   uart_112x.o
       540         14         12         12          0      22543   board.o
        64         12         40          0          0       7253   board_sysinit.o

    ----------------------------------------------------------------------
      3872        108        116         16        100      79492   Library Totals
        18          4          0          0          4          0   (incl. Padding)

    ----------------------------------------------------------------------

      Code (inc. data)   RO Data    RW Data    ZI Data      Debug   Library Name

      1458         30          0          0         96       1308   c_p.l
      1792         48         64          4          0      48388   lib_lpc_chip_112x.lib
       604         26         52         12          0      29796   lib_nxp_lpcxpresso_1125.lib

    ----------------------------------------------------------------------
      3872        108        116         16        100      79492   Library Totals

    ----------------------------------------------------------------------

==============================================================================


      Code (inc. data)   RO Data    RW Data    ZI Data      Debug   

      4192        220        340         24        904      93438   Grand Totals
      4192        220        340         24        904      93438   ELF Image Totals
      4192        220        340         24          0          0   ROM Totals

==============================================================================

    Total RO  Size (Code + RO Data)                 4532 (   4.43kB)
    Total RW  Size (RW Data + ZI Data)               928 (   0.91kB)
    Total ROM Size (Code + RO Data + RW Data)       4556 (   4.45kB)

==============================================================================

