Component: ARM Compiler 5.06 update 4 (build 422) Tool: armlink [4d35d2]

==============================================================================

Section Cross References

    keil_startup_lpc112x.o(STACK) refers (Special) to heapauxi.o(.text) for __use_two_region_memory
    keil_startup_lpc112x.o(HEAP) refers (Special) to heapauxi.o(.text) for __use_two_region_memory
    keil_startup_lpc112x.o(RESET) refers (Special) to heapauxi.o(.text) for __use_two_region_memory
    keil_startup_lpc112x.o(RESET) refers to keil_startup_lpc112x.o(STACK) for __initial_sp
    keil_startup_lpc112x.o(RESET) refers to keil_startup_lpc112x.o(.text) for Reset_Handler
    keil_startup_lpc112x.o(RESET) refers to swauthdemo.o(.text) for SysTick_Handler
    keil_startup_lpc112x.o(.ARM.__at_0x02FC) refers (Special) to heapauxi.o(.text) for __use_two_region_memory
    keil_startup_lpc112x.o(.text) refers (Special) to heapauxi.o(.text) for __use_two_region_memory
    keil_startup_lpc112x.o(.text) refers to sysinit.o(.text) for SystemInit
    keil_startup_lpc112x.o(.text) refers to __main.o(!!!main) for __main
    keil_startup_lpc112x.o(.text) refers to keil_startup_lpc112x.o(HEAP) for Heap_Mem
    keil_startup_lpc112x.o(.text) refers to keil_startup_lpc112x.o(STACK) for Stack_Mem
    sysinit.o(.text) refers to board_sysinit.o(.text) for Board_SystemInit
    swauthdemo.o(.text) refers to _printf_percent.o(.ARM.Collect$$_printf_percent$$00000000) for _printf_percent
    swauthdemo.o(.text) refers to _printf_s.o(.ARM.Collect$$_printf_percent$$00000014) for _printf_s
    swauthdemo.o(.text) refers to _printf_str.o(.text) for _printf_str
    swauthdemo.o(.text) refers to _printf_d.o(.ARM.Collect$$_printf_percent$$00000009) for _printf_d
    swauthdemo.o(.text) refers to _printf_dec.o(.text) for _printf_int_dec
    swauthdemo.o(.text) refers to aeabi_sdiv.o(.text) for __aeabi_uidivmod
    swauthdemo.o(.text) refers to uart_112x.o(.text) for Chip_UART_IRQRBHandler
    swauthdemo.o(.text) refers to air202.o(.text) for Air202_powerOn
    swauthdemo.o(.text) refers to noretval__2printf.o(.text) for __2printf
    swauthdemo.o(.text) refers to rt_memcpy.o(.emb_text) for __aeabi_memcpy4
    swauthdemo.o(.text) refers to strlen.o(.text) for strlen
    swauthdemo.o(.text) refers to board.o(.text) for Board_LED_Toggle
    swauthdemo.o(.text) refers to lib_crc16.o(.text) for calculate_crc16
    swauthdemo.o(.text) refers to rt_memclr.o(.text) for __aeabi_memclr4
    swauthdemo.o(.text) refers to strstr.o(.text) for strstr
    swauthdemo.o(.text) refers to atoi.o(.text) for atoi
    swauthdemo.o(.text) refers to rt_memcpy.o(.text) for __aeabi_memcpy
    swauthdemo.o(.text) refers to cjson.o(.text) for cJSON_Parse
    swauthdemo.o(.text) refers to chip_112x.o(.text) for SystemCoreClockUpdate
    swauthdemo.o(.text) refers to ring_buffer.o(.text) for RingBuffer_Init
    swauthdemo.o(.text) refers to swauthdemo.o(.data) for .data
    swauthdemo.o(.text) refers to swauthdemo.o(.bss) for .bss
    swauthdemo.o(.text) refers to chip_112x.o(.data) for SystemCoreClock
    swauthdemo.o(.text) refers to noretval__2sprintf.o(.text) for __2sprintf
    swauthdemo.o(.data) refers to swauthdemo.o(.conststring) for .conststring
    swauthdemo.o(.data) refers to swauthdemo.o(.conststring) for .conststring
    lib_crc16.o(.text) refers to lib_crc16.o(.constdata) for .constdata
    air202.o(.text) refers to _printf_percent.o(.ARM.Collect$$_printf_percent$$00000000) for _printf_percent
    air202.o(.text) refers to _printf_s.o(.ARM.Collect$$_printf_percent$$00000014) for _printf_s
    air202.o(.text) refers to _printf_str.o(.text) for _printf_str
    air202.o(.text) refers to _printf_d.o(.ARM.Collect$$_printf_percent$$00000009) for _printf_d
    air202.o(.text) refers to _printf_dec.o(.text) for _printf_int_dec
    air202.o(.text) refers to rt_memclr.o(.text) for __aeabi_memclr
    air202.o(.text) refers to strlen.o(.text) for strlen
    air202.o(.text) refers to swauthdemo.o(.text) for AT_Send
    air202.o(.text) refers to noretval__2printf.o(.text) for __2printf
    air202.o(.text) refers to strstr.o(.text) for strstr
    air202.o(.text) refers to atoi.o(.text) for atoi
    air202.o(.text) refers to noretval__2sprintf.o(.text) for __2sprintf
    air202.o(.text) refers to swauthdemo.o(.bss) for ATRXBuffer
    air202.o(.text) refers to air202.o(.data) for .data
    air202.o(.text) refers to air202.o(.bss) for .bss
    air202.o(.data) refers to air202.o(.conststring) for .conststring
    adc_112x.o(.text) refers to syscon_112x.o(.text) for Chip_SYSCON_PowerUp
    adc_112x.o(.text) refers to clock_112x.o(.text) for Chip_Clock_GetSystemClockRate
    adc_112x.o(.text) refers to aeabi_sdiv.o(.text) for __aeabi_uidivmod
    chip_112x.o(.text) refers to clock_112x.o(.text) for Chip_Clock_GetSystemClockRate
    chip_112x.o(.text) refers to chip_112x.o(.data) for .data
    clock_112x.o(.text) refers to aeabi_sdiv.o(.text) for __aeabi_uidivmod
[...]
    .ARM.Collect$$libshutdown$$0000000C      0x0000019e   Section        0  libshutdown2.o(.ARM.Collect$$libshutdown$$0000000C)
    .ARM.Collect$$libshutdown$$0000000F      0x0000019e   Section        0  libshutdown2.o(.ARM.Collect$$libshutdown$$0000000F)
    .ARM.Collect$$libshutdown$$00000010      0x0000019e   Section        2  libshutdown2.o(.ARM.Collect$$libshutdown$$00000010)
    .ARM.Collect$$rtentry$$00000000          0x000001a0   Section        0  __rtentry.o(.ARM.Collect$$rtentry$$00000000)
    .ARM.Collect$$rtentry$$00000002          0x000001a0   Section        0  __rtentry2.o(.ARM.Collect$$rtentry$$00000002)
    .ARM.Collect$$rtentry$$00000004          0x000001a0   Section        6  __rtentry4.o(.ARM.Collect$$rtentry$$00000004)
    .ARM.Collect$$rtentry$$00000009          0x000001a6   Section        0  __rtentry2.o(.ARM.Collect$$rtentry$$00000009)
    .ARM.Collect$$rtentry$$0000000A          0x000001a6   Section        4  __rtentry2.o(.ARM.Collect$$rtentry$$0000000A)
    .ARM.Collect$$rtentry$$0000000C          0x000001aa   Section        0  __rtentry2.o(.ARM.Collect$$rtentry$$0000000C)
    .ARM.Collect$$rtentry$$0000000D          0x000001aa   Section        8  __rtentry2.o(.ARM.Collect$$rtentry$$0000000D)
    .ARM.Collect$$rtexit$$00000000           0x000001b2   Section        2  rtexit.o(.ARM.Collect$$rtexit$$00000000)
    .ARM.Collect$$rtexit$$00000002           0x000001b4   Section        0  rtexit2.o(.ARM.Collect$$rtexit$$00000002)
    .ARM.Collect$$rtexit$$00000003           0x000001b4   Section        4  rtexit2.o(.ARM.Collect$$rtexit$$00000003)
    .ARM.Collect$$rtexit$$00000004           0x000001b8   Section        6  rtexit2.o(.ARM.Collect$$rtexit$$00000004)
    .emb_text                                0x000001c0   Section       56  rt_memcpy.o(.emb_text)
    .emb_text                                0x000001f8   Section        0  maybetermalloc1.o(.emb_text)
    .text                                    0x000001f8   Section       68  keil_startup_lpc112x.o(.text)
    .text                                    0x0000023c   Section        0  sysinit.o(.text)
    .text                                    0x00000244   Section        0  lib_crc16.o(.text)
    .text                                    0x0000029c   Section        0  chip_112x.o(.text)
    .text                                    0x000002ac   Section        0  iocon_112x.o(.text)
    .text                                    0x000002c6   Section        0  llmul.o(.text)
    .text                                    0x000002f6   Section        0  heapauxi.o(.text)
    .ARM.__at_0x02FC                         0x000002fc   Section        4  keil_startup_lpc112x.o(.ARM.__at_0x02FC)
    .text                                    0x00000300   Section        0  swauthdemo.o(.text)
    NVIC_SetPriority                         0x00000301   Thumb Code    60  swauthdemo.o(.text)
    Chip_GPIO_SetPinState                    0x00000913   Thumb Code    16  swauthdemo.o(.text)
    setupUART                                0x00000923   Thumb Code   130  swauthdemo.o(.text)
    .text                                    0x00000acc   Section        0  air202.o(.text)
    sendAndGet                               0x00000afb   Thumb Code   112  air202.o(.text)
    .text                                    0x00000f90   Section        0  clock_112x.o(.text)
    .text                                    0x0000107c   Section        0  gpio_112x.o(.text)
    .text                                    0x0000114c   Section        0  syscon_112x.o(.text)
    .text                                    0x00001198   Section        0  sysinit_112x.o(.text)
    Chip_FMC_SetFLASHAccess                  0x00001245   Thumb Code    14  sysinit_112x.o(.text)
    Chip_Clock_SetupSystemPLL                0x00001253   Thumb Code    16  sysinit_112x.o(.text)
    .text                                    0x0000126c   Section        0  uart_112x.o(.text)
    Chip_Clock_EnablePeriphClock             0x000014eb   Thumb Code    14  uart_112x.o(.text)
    .text                                    0x00001508   Section        0  ring_buffer.o(.text)
    RingBuffer_IsFull                        0x0000167b   Thumb Code    20  ring_buffer.o(.text)
    RingBuffer_IsEmpty                       0x0000168f   Thumb Code    16  ring_buffer.o(.text)
    .text                                    0x000016a0   Section        0  board.o(.text)
    Chip_GPIO_GetPinState                    0x000017ef   Thumb Code    20  board.o(.text)
    Chip_GPIO_SetPinDIRInput                 0x00001803   Thumb Code    22  board.o(.text)
    .text                                    0x0000182c   Section        0  board_sysinit.o(.text)
    .text                                    0x00001868   Section        0  cjson.o(.text)
    cJSON_strcasecmp                         0x0000186f   Thumb Code    70  cjson.o(.text)
    parse_number                             0x00001921   Thumb Code   322  cjson.o(.text)
    ensure                                   0x00001a63   Thumb Code   104  cjson.o(.text)
    print_number                             0x00001acb   Thumb Code   288  cjson.o(.text)
    parse_hex4                               0x00001beb   Thumb Code   248  cjson.o(.text)
    parse_string                             0x00001ce3   Thumb Code   422  cjson.o(.text)
    print_string_ptr                         0x00001e89   Thumb Code   338  cjson.o(.text)
    parse_object                             0x00001fdb   Thumb Code   182  cjson.o(.text)
    parse_value                              0x00002091   Thumb Code   212  cjson.o(.text)
    print_object                             0x000021cd   Thumb Code   882  cjson.o(.text)
    print_array                              0x0000253f   Thumb Code   478  cjson.o(.text)
    print_value                              0x0000271d   Thumb Code   208  cjson.o(.text)
    create_reference                         0x0000287d   Thumb Code    46  cjson.o(.text)
    cJSON_strdup                             0x00002d61   Thumb Code    34  cjson.o(.text)
    cJSON_New_Item                           0x00002d83   Thumb Code    24  cjson.o(.text)
    update                                   0x00002d9b   Thumb Code    30  cjson.o(.text)
    print_string                             0x00002db9   Thumb Code    10  cjson.o(.text)
    skip                                     0x00002dc3   Thumb Code    20  cjson.o(.text)
    parse_array                              0x00002dd7   Thumb Code   112  cjson.o(.text)
    .text                                    0x00002e4c   Section        0  h1_alloc.o(.text)
    .text                                    0x00002eae   Section        0  h1_free.o(.text)
    .text                                    0x00002efa   Section        0  lludiv.o(.text)
    .text                                    0x00002ffc   Section        0  tolower.o(.text)
    .text                                    0x00003018   Section        0  noretval__2printf.o(.text)
    .text                                    0x00003034   Section        0  noretval__2sprintf.o(.text)
    .text                                    0x0000305c   Section        0  _printf_pad.o(.text)
    .text                                    0x000030aa   Section        0  _printf_str.o(.text)
    .text                                    0x000030fc   Section        0  _printf_dec.o(.text)
    .text                                    0x00003168   Section        0  _printf_hex_int.o(.text)
    .text                                    0x000031c0   Section        0  __printf_flags_wp.o(.text)
    .text                                    0x000032f8   Section        0  atoi.o(.text)
    .text                                    0x00003312   Section        0  strchr.o(.text)
    .text                                    0x00003326   Section        0  strstr.o(.text)
    .text                                    0x00003350   Section        0  strcpy.o(.text)
    .text                                    0x0000339c   Section        0  strlen.o(.text)
    .text                                    0x000033e0   Section        0  strncmp.o(.text)
    .text                                    0x00003480   Section        0  rt_memcpy.o(.text)
    .text                                    0x00003502   Section        0  rt_memclr.o(.text)
    .text                                    0x00003542   Section      346  aeabi_sdiv.o(.text)
    .text                                    0x0000369c   Section        0  daddsub.o(.text)
    _dadd1                                   0x0000369d   Thumb Code   290  daddsub.o(.text)
    _dsub1                                   0x000037bf   Thumb Code   470  daddsub.o(.text)
    .text                                    0x000039f4   Section        0  dfixi.o(.text)
    .text                                    0x00003a60   Section        0  dflti.o(.text)
    .text                                    0x00003ab8   Section        0  dmul.o(.text)
    .text                                    0x00003d00   Section        0  f2d.o(.text)
    .text                                    0x00003d54   Section       16  rt_ctype_table.o(.text)
    .text                                    0x00003d64   Section        8  rt_heap_descriptor_intlibspace.o(.text)
    .text                                    0x00003d6c   Section        8  rt_errno_addr_intlibspace.o(.text)
    .text                                    0x00003d74   Section        0  hguard.o(.text)
    .text                                    0x00003d78   Section        0  init_alloc.o(.text)
    .text                                    0x00003e00   Section        0  h1_init.o(.text)
    .text                                    0x00003e0e   Section        0  _rserrno.o(.text)
    .text                                    0x00003e24   Section        0  _printf_intcommon.o(.text)
    .text                                    0x00003ed4   Section        0  _printf_fp_dec.o(.text)
    _fp_digits                               0x00003ed7   Thumb Code   408  _printf_fp_dec.o(.text)
    .text                                    0x000042e8   Section        0  _printf_char_common.o(.text)
    _printf_input_char                       0x000042e9   Thumb Code    10  _printf_char_common.o(.text)
    .text                                    0x00004318   Section        0  _sputc.o(.text)
    .text                                    0x00004322   Section        0  _printf_char.o(.text)
    .text                                    0x00004350   Section        0  _printf_char_file.o(.text)
    .text                                    0x00004378   Section        0  strtol.o(.text)
    .text                                    0x000043e8   Section        0  rtudiv10.o(.text)
    .text                                    0x00004410   Section        0  dcmpin.o(.text)
    .text                                    0x000044a0   Section        0  ddiv.o(.text)
    .text                                    0x000048e8   Section        0  dscalbn.o(.text)
    .text                                    0x00004948   Section        8  libspace.o(.text)
    .text                                    0x00004950   Section        8  rt_locale_intlibspace.o(.text)
    .text                                    0x00004958   Section        0  h1_extend.o(.text)
    .text                                    0x0000498c   Section        0  lludiv10.o(.text)
    .text                                    0x00004a08   Section        0  _printf_fp_infnan.o(.text)
    .text                                    0x00004a90   Section        0  _strtoul.o(.text)
    .text                                    0x00004b38   Section        0  bigflt0.o(.text)
    .text                                    0x00004c00   Section        0  btod.o(.text)
    btod_internal_mul                        0x00004c41   Thumb Code   456  btod.o(.text)
    btod_internal_div                        0x00004e09   Thumb Code   494  btod.o(.text)
    .text                                    0x000050c8   Section        0  defsig_rtmem_outer.o(.text)
    .text                                    0x000050d4   Section        0  cmpret.o(.text)
    .text                                    0x00005104   Section        0  dnan2.o(.text)
    .text                                    0x00005118   Section        0  dsqrt.o(.text)
    .text                                    0x00005218   Section        2  use_no_semi.o(.text)
    .text                                    0x0000521a   Section       62  sys_stackheap_outer.o(.text)
    .text                                    0x0000521a   Section        0  indicate_semi.o(.text)
    .text                                    0x00005258   Section        0  _chval.o(.text)
    .text                                    0x00005276   Section        0  exit.o(.text)
    .text                                    0x00005286   Section        0  defsig_exit.o(.text)
    .text                                    0x00005294   Section        0  defsig_rtmem_inner.o(.text)
    .text                                    0x000052e4   Section        0  strcmp.o(.text)
    .text                                    0x0000536c   Section        0  retnan.o(.text)
    .text                                    0x000053ca   Section        0  defsig_general.o(.text)
    .text                                    0x000053fe   Section        0  sys_wrch.o(.text)
    i.__ARM_common_ll_muluu                  0x0000540a   Section        0  btod.o(i.__ARM_common_ll_muluu)
    i.__ARM_fpclassify                       0x0000543c   Section        0  fpclassify.o(i.__ARM_fpclassify)
    i.__kernel_poly                          0x00005468   Section        0  poly.o(i.__kernel_poly)
    i.__mathlib_dbl_divzero                  0x00005514   Section        0  dunder.o(i.__mathlib_dbl_divzero)
    i.__mathlib_dbl_infnan2                  0x00005528   Section        0  dunder.o(i.__mathlib_dbl_infnan2)
    i.__mathlib_dbl_invalid                  0x00005530   Section        0  dunder.o(i.__mathlib_dbl_invalid)
    i.__mathlib_dbl_overflow                 0x00005540   Section        0  dunder.o(i.__mathlib_dbl_overflow)
    i.__mathlib_dbl_underflow                0x00005554   Section        0  dunder.o(i.__mathlib_dbl_underflow)
    i._is_digit                              0x00005568   Section        0  __printf_wp.o(i._is_digit)
    i.floor                                  0x00005578   Section        0  floor.o(i.floor)
    i.pow                                    0x00005640   Section        0  pow.o(i.pow)
    i.sqrt                                   0x0000603c   Section        0  sqrt.o(i.sqrt)
    locale$$code                             0x00006084   Section       44  lc_ctype_c.o(locale$$code)
    locale$$code                             0x000060b0   Section       44  lc_numeric_c.o(locale$$code)
    x$fpl$deqf                               0x000060dc   Section      100  deqf.o(x$fpl$deqf)
    x$fpl$dleqf                              0x00006140   Section      100  dlef.o(x$fpl$dleqf)
    x$fpl$drleqf                             0x000061a4   Section      104  drlef.o(x$fpl$drleqf)
    x$fpl$printf1                            0x0000620c   Section       16  printf1.o(x$fpl$printf1)
    .constdata                               0x0000621c   Section      512  lib_crc16.o(.constdata)
    x$fpl$usenofp                            0x0000621c   Section        0  usenofp.o(x$fpl$usenofp)
    .constdata                               0x0000641c   Section       64  clock_112x.o(.constdata)
    wdtOSCRate                               0x0000641c   Data          64  clock_112x.o(.constdata)
    .constdata                               0x0000645c   Section        3  board.o(.constdata)
    ledPin                                   0x0000645c   Data           3  board.o(.constdata)
    .constdata                               0x00006460   Section        4  board.o(.constdata)
    .constdata                               0x00006464   Section       40  board_sysinit.o(.constdata)
    pinmuxing                                0x00006464   Data          40  board_sysinit.o(.constdata)
    .constdata                               0x0000648c   Section        7  cjson.o(.constdata)
    firstByteMark                            0x0000648c   Data           7  cjson.o(.constdata)
    .constdata                               0x00006493   Section       40  _printf_hex_int.o(.constdata)
    uc_hextab                                0x00006493   Data          20  _printf_hex_int.o(.constdata)
    lc_hextab                                0x000064a7   Data          20  _printf_hex_int.o(.constdata)
    .constdata                               0x000064bb   Section       17  __printf_flags_wp.o(.constdata)
    maptable                                 0x000064bb   Data          17  __printf_flags_wp.o(.constdata)
    .constdata                               0x000064d0   Section      136  pow.o(.constdata)
    bp                                       0x000064d0   Data          16  pow.o(.constdata)
    dp_h                                     0x000064e0   Data          16  pow.o(.constdata)
    dp_l                                     0x000064f0   Data          16  pow.o(.constdata)
    L                                        0x00006500   Data          48  pow.o(.constdata)
    P                                        0x00006530   Data          40  pow.o(.constdata)
    .constdata                               0x00006558   Section      128  ddiv.o(.constdata)
    ddiv_reciptbl                            0x00006558   Data         128  ddiv.o(.constdata)
    .constdata                               0x000065d8   Section        8  qnan.o(.constdata)
    .constdata                               0x000065e0   Section      148  bigflt0.o(.constdata)
    tenpwrs_x                                0x000065e0   Data          60  bigflt0.o(.constdata)
    tenpwrs_i                                0x0000661c   Data          64  bigflt0.o(.constdata)
    .conststring                             0x00006674   Section       15  swauthdemo.o(.conststring)
    .conststring                             0x00006684   Section      197  air202.o(.conststring)
    locale$$data                             0x0000676c   Section      272  lc_ctype_c.o(locale$$data)
    __lcctype_c_name                         0x00006770   Data           2  lc_ctype_c.o(locale$$data)
    __lcctype_c_start                        0x00006778   Data           0  lc_ctype_c.o(locale$$data)
    locale$$data                             0x0000687c   Section       28  lc_numeric_c.o(locale$$data)
    __lcctype_c_end                          0x0000687c   Data           0  lc_ctype_c.o(locale$$data)
    __lcnum_c_name                           0x00006880   Data           2  lc_numeric_c.o(locale$$data)
    __lcnum_c_start                          0x00006888   Data           0  lc_numeric_c.o(locale$$data)
    __lcnum_c_point                          0x00006894   Data           0  lc_numeric_c.o(locale$$data)
    __lcnum_c_thousands                      0x00006896   Data           0  lc_numeric_c.o(locale$$data)
    __lcnum_c_grouping                       0x00006897   Data           0  lc_numeric_c.o(locale$$data)
    __lcnum_c_end                            0x00006898   Data           0  lc_numeric_c.o(locale$$data)
    .data                                    0x10000000   Section       28  swauthdemo.o(.data)
    .data                                    0x1000001c   Section       60  air202.o(.data)
    .data                                    0x10000058   Section        4  chip_112x.o(.data)
    .data                                    0x1000005c   Section        4  board.o(.data)
    .data                                    0x10000060   Section       12  cjson.o(.data)
    cJSON_malloc                             0x10000060   Data           4  cjson.o(.data)
    cJSON_free                               0x10000064   Data           4  cjson.o(.data)
    global_ep                                0x10000068   Data           4  cjson.o(.data)
    .bss                                     0x1000006c   Section     2124  swauthdemo.o(.bss)
    .bss                                     0x100008b8   Section      128  air202.o(.bss)
    .bss                                     0x10000938   Section       96  libspace.o(.bss)
    HEAP                                     0x10000998   Section      256  keil_startup_lpc112x.o(HEAP)
    Heap_Mem                                 0x10000998   Data         256  keil_startup_lpc112x.o(HEAP)
    STACK                                    0x10000a98   Section      512  keil_startup_lpc112x.o(STACK)
    Stack_Mem                                0x10000a98   Data         512  keil_startup_lpc112x.o(STACK)
    __initial_sp                             0x10000c98   Data           0  keil_startup_lpc112x.o(STACK)

    Global Symbols

    Symbol Name                              Value     Ov Type        Size  Object(Section)

    BuildAttributes$$THM_ISAv3M$S$PE$A:L22$X:L11$S22$IEEE1$IW$USESV6$~STKCKD$USESV7$~SHL$OTIME$ROPI$IEEEX$EBA8$UX$STANDARDLIB$REQ8$PRES8$EABIv2 0x00000000   Number         0  anon$$obj.o ABSOLUTE
    __ARM_use_no_argv                        0x00000000   Number         0  swauthdemo.o ABSOLUTE
    __Vectors                                0x00000000   Data           4  keil_startup_lpc112x.o(RESET)
    _printf_flags                            0x00000000   Number         0  printf_stubs.o ABSOLUTE
    _printf_return_value                     0x00000000   Number         0  printf_stubs.o ABSOLUTE
    _printf_sizespec                         0x00000000   Number         0  printf_stubs.o ABSOLUTE
    _printf_widthprec                        0x00000000   Number         0  printf_stubs.o ABSOLUTE
    __ARM_exceptions_init                     - Undefined Weak Reference
    __alloca_initialize                       - Undefined Weak Reference
    __arm_preinit_                            - Undefined Weak Reference
    __cpp_initialize__aeabi_                  - Undefined Weak Reference
    __cxa_finalize                            - Undefined Weak Reference
    __sigvec_lookup                           - Undefined Weak Reference
    __user_heap_extent                        - Undefined Weak Reference
    _atexit_init                              - Undefined Weak Reference
    _call_atexit_fns                          - Undefined Weak Reference
    _clock_init                               - Undefined Weak Reference
    _fp_trap_init                             - Undefined Weak Reference
    _fp_trap_shutdown                         - Undefined Weak Reference
    _get_lc_collate                           - Undefined Weak Reference
    _get_lc_monetary                          - Undefined Weak Reference
    _get_lc_time                              - Undefined Weak Reference
    _getenv_init                              - Undefined Weak Reference
    _handle_redirection                       - Undefined Weak Reference
    _initio                                   - Undefined Weak Reference
    _mutex_acquire                            - Undefined Weak Reference
    _mutex_free                               - Undefined Weak Reference
    _mutex_release                            - Undefined Weak Reference
    _printf_mbtowc                            - Undefined Weak Reference
    _printf_truncate_signed                   - Undefined Weak Reference
    _printf_truncate_unsigned                 - Undefined Weak Reference
    _rand_init                                - Undefined Weak Reference
    _signal_finish                            - Undefined Weak Reference
    _signal_init                              - Undefined Weak Reference
    _terminateio                              - Undefined Weak Reference
    __main                                   0x000000c1   Thumb Code     8  __main.o(!!!main)
    __scatterload                            0x000000c9   Thumb Code     0  __scatter.o(!!!scatter)
    __scatterload_rt2                        0x000000c9   Thumb Code    52  __scatter.o(!!!scatter)
    __scatterload_rt2_thumb_only             0x000000c9   Thumb Code     0  __scatter.o(!!!scatter)
    __scatterload_null                       0x000000d9   Thumb Code     0  __scatter.o(!!!scatter)
    __scatterload_copy                       0x00000105   Thumb Code    26  __scatter_copy.o(!!handler_copy)
    __scatterload_zeroinit                   0x00000121   Thumb Code    28  __scatter_zi.o(!!handler_zi)
    _printf_percent                          0x0000013d   Thumb Code     0  _printf_percent.o(.ARM.Collect$$_printf_percent$$00000000)
    _printf_f                                0x0000013f   Thumb Code     0  _printf_f.o(.ARM.Collect$$_printf_percent$$00000003)
    _printf_e                                0x00000149   Thumb Code     0  _printf_e.o(.ARM.Collect$$_printf_percent$$00000004)
    _printf_d                                0x00000153   Thumb Code     0  _printf_d.o(.ARM.Collect$$_printf_percent$$00000009)
    _printf_x                                0x0000015d   Thumb Code     0  _printf_x.o(.ARM.Collect$$_printf_percent$$0000000C)
    _printf_s                                0x00000167   Thumb Code     0  _printf_s.o(.ARM.Collect$$_printf_percent$$00000014)
    _printf_percent_end                      0x00000171   Thumb Code     0  _printf_percent_end.o(.ARM.Collect$$_printf_percent$$00000017)
    __rt_lib_init                            0x00000175   Thumb Code     0  libinit.o(.ARM.Collect$$libinit$$00000000)
    __rt_lib_init_fp_1                       0x00000177   Thumb Code     0  libinit2.o(.ARM.Collect$$libinit$$00000002)
    __rt_lib_init_heap_2                     0x00000177   Thumb Code     0  libinit2.o(.ARM.Collect$$libinit$$00000005)
    __rt_lib_init_preinit_1                  0x00000177   Thumb Code     0  libinit2.o(.ARM.Collect$$libinit$$00000004)
    __rt_lib_init_heap_1                     0x0000017f   Thumb Code     0  libinit2.o(.ARM.Collect$$libinit$$0000000A)
    __rt_lib_init_lc_common                  0x0000017f   Thumb Code     0  libinit2.o(.ARM.Collect$$libinit$$0000000F)
    __rt_lib_init_rand_1                     0x0000017f   Thumb Code     0  libinit2.o(.ARM.Collect$$libinit$$0000000E)
    __rt_lib_init_user_alloc_1               0x0000017f   Thumb Code     0  libinit2.o(.ARM.Collect$$libinit$$0000000C)
    __rt_lib_init_lc_collate_1               0x00000185   Thumb Code     0  libinit2.o(.ARM.Collect$$libinit$$00000011)
    __rt_lib_init_lc_ctype_2                 0x00000185   Thumb Code     0  libinit2.o(.ARM.Collect$$libinit$$00000012)
    __rt_lib_init_lc_ctype_1                 0x00000191   Thumb Code     0  libinit2.o(.ARM.Collect$$libinit$$00000013)
    __rt_lib_init_lc_monetary_1              0x00000191   Thumb Code     0  libinit2.o(.ARM.Collect$$libinit$$00000015)
    __rt_lib_init_lc_numeric_2               0x00000191   Thumb Code     0  libinit2.o(.ARM.Collect$$libinit$$00000016)
    __rt_lib_init_alloca_1                   0x0000019b   Thumb Code     0  libinit2.o(.ARM.Collect$$libinit$$0000002E)
    __rt_lib_init_argv_1                     0x0000019b   Thumb Code     0  libinit2.o(.ARM.Collect$$libinit$$0000002C)
    __rt_lib_init_atexit_1                   0x0000019b   Thumb Code     0  libinit2.o(.ARM.Collect$$libinit$$0000001B)
    __rt_lib_init_clock_1                    0x0000019b   Thumb Code     0  libinit2.o(.ARM.Collect$$libinit$$00000021)
    __rt_lib_init_cpp_1                      0x0000019b   Thumb Code     0  libinit2.o(.ARM.Collect$$libinit$$00000032)
    __rt_lib_init_exceptions_1               0x0000019b   Thumb Code     0  libinit2.o(.ARM.Collect$$libinit$$00000030)
    __rt_lib_init_fp_trap_1                  0x0000019b   Thumb Code     0  libinit2.o(.ARM.Collect$$libinit$$0000001F)
    __rt_lib_init_getenv_1                   0x0000019b   Thumb Code     0  libinit2.o(.ARM.Collect$$libinit$$00000023)
    __rt_lib_init_lc_numeric_1               0x0000019b   Thumb Code     0  libinit2.o(.ARM.Collect$$libinit$$00000017)
    __rt_lib_init_lc_time_1                  0x0000019b   Thumb Code     0  libinit2.o(.ARM.Collect$$libinit$$00000019)
    __rt_lib_init_return                     0x0000019b   Thumb Code     0  libinit2.o(.ARM.Collect$$libinit$$00000033)
    __rt_lib_init_signal_1                   0x0000019b   Thumb Code     0  libinit2.o(.ARM.Collect$$libinit$$0000001D)
    __rt_lib_init_stdio_1                    0x0000019b   Thumb Code     0  libinit2.o(.ARM.Collect$$libinit$$00000025)
    __rt_lib_shutdown                        0x0000019d   Thumb Code     0  libshutdown.o(.ARM.Collect$$libshutdown$$00000000)
    __rt_lib_shutdown_cpp_1                  0x0000019f   Thumb Code     0  libshutdown2.o(.ARM.Collect$$libshutdown$$00000002)
    __rt_lib_shutdown_fp_trap_1              0x0000019f   Thumb Code     0  libshutdown2.o(.ARM.Collect$$libshutdown$$00000007)
    __rt_lib_shutdown_heap_1                 0x0000019f   Thumb Code     0  libshutdown2.o(.ARM.Collect$$libshutdown$$0000000F)
    __rt_lib_shutdown_return                 0x0000019f   Thumb Code     0  libshutdown2.o(.ARM.Collect$$libshutdown$$00000010)
    __rt_lib_shutdown_signal_1               0x0000019f   Thumb Code     0  libshutdown2.o(.ARM.Collect$$libshutdown$$0000000A)
    __rt_lib_shutdown_stdio_1                0x0000019f   Thumb Code     0  libshutdown2.o(.ARM.Collect$$libshutdown$$00000004)
    __rt_lib_shutdown_user_alloc_1           0x0000019f   Thumb Code     0  libshutdown2.o(.ARM.Collect$$libshutdown$$0000000C)
    __rt_entry                               0x000001a1   Thumb Code     0  __rtentry.o(.ARM.Collect$$rtentry$$00000000)
    __rt_entry_presh_1                       0x000001a1   Thumb Code     0  __rtentry2.o(.ARM.Collect$$rtentry$$00000002)
    __rt_entry_sh                            0x000001a1   Thumb Code     0  __rtentry4.o(.ARM.Collect$$rtentry$$00000004)
    __rt_entry_li                            0x000001a7   Thumb Code     0  __rtentry2.o(.ARM.Collect$$rtentry$$0000000A)
    __rt_entry_postsh_1                      0x000001a7   Thumb Code     0  __rtentry2.o(.ARM.Collect$$rtentry$$00000009)
    __rt_entry_main                          0x000001ab   Thumb Code     0  __rtentry2.o(.ARM.Collect$$rtentry$$0000000D)
    __rt_entry_postli_1                      0x000001ab   Thumb Code     0  __rtentry2.o(.ARM.Collect$$rtentry$$0000000C)
    __rt_exit                                0x000001b3   Thumb Code     0  rtexit.o(.ARM.Collect$$rtexit$$00000000)
    __rt_exit_ls                             0x000001b5   Thumb Code     0  rtexit2.o(.ARM.Collect$$rtexit$$00000003)
    __rt_exit_prels_1                        0x000001b5   Thumb Code     0  rtexit2.o(.ARM.Collect$$rtexit$$00000002)
    __rt_exit_exit                           0x000001b9   Thumb Code     0  rtexit2.o(.ARM.Collect$$rtexit$$00000004)
    __aeabi_memcpy4                          0x000001c1   Thumb Code    56  rt_memcpy.o(.emb_text)
    __aeabi_memcpy8                          0x000001c1   Thumb Code     0  rt_memcpy.o(.emb_text)
    Reset_Handler                            0x000001f9   Thumb Code     8  keil_startup_lpc112x.o(.text)
    _maybe_terminate_alloc                   0x000001f9   Thumb Code     0  maybetermalloc1.o(.emb_text)
    NMI_Handler                              0x00000201   Thumb Code     2  keil_startup_lpc112x.o(.text)
    HardFault_Handler                        0x00000203   Thumb Code     2  keil_startup_lpc112x.o(.text)
    MemManage_Handler                        0x00000205   Thumb Code     2  keil_startup_lpc112x.o(.text)
    BusFault_Handler                         0x00000207   Thumb Code     2  keil_startup_lpc112x.o(.text)
    UsageFault_Handler                       0x00000209   Thumb Code     2  keil_startup_lpc112x.o(.text)
    SVC_Handler                              0x0000020b   Thumb Code     2  keil_startup_lpc112x.o(.text)
    DebugMon_Handler                         0x0000020d   Thumb Code     2  keil_startup_lpc112x.o(.text)
    PendSV_Handler                           0x0000020f   Thumb Code     2  keil_startup_lpc112x.o(.text)
    Reserved_IRQHandler                      0x00000213   Thumb Code     2  keil_startup_lpc112x.o(.text)
    ADCA_IRQHandler                          0x00000215   Thumb Code     0  keil_startup_lpc112x.o(.text)
    ADCB_IRQHandler                          0x00000215   Thumb Code     0  keil_startup_lpc112x.o(.text)
    BOD_IRQHandler                           0x00000215   Thumb Code     0  keil_startup_lpc112x.o(.text)
    I2C_IRQHandler                           0x00000215   Thumb Code     0  keil_startup_lpc112x.o(.text)
    PIOINT0_IRQHandler                       0x00000215   Thumb Code     0  keil_startup_lpc112x.o(.text)
    PIOINT1_IRQHandler                       0x00000215   Thumb Code     0  keil_startup_lpc112x.o(.text)
    PIOINT2_IRQHandler                       0x00000215   Thumb Code     0  keil_startup_lpc112x.o(.text)
    PIOINT3_IRQHandler                       0x00000215   Thumb Code     0  keil_startup_lpc112x.o(.text)
    SSP0_IRQHandler                          0x00000215   Thumb Code     0  keil_startup_lpc112x.o(.text)
    SSP1_IRQHandler                          0x00000215   Thumb Code     0  keil_startup_lpc112x.o(.text)
    TIMER16_0_IRQHandler                     0x00000215   Thumb Code     0  keil_startup_lpc112x.o(.text)
    TIMER16_1_IRQHandler                     0x00000215   Thumb Code     0  keil_startup_lpc112x.o(.text)
    TIMER32_0_IRQHandler                     0x00000215   Thumb Code     0  keil_startup_lpc112x.o(.text)
    TIMER32_1_IRQHandler                     0x00000215   Thumb Code     0  keil_startup_lpc112x.o(.text)
    UART1_IRQHandler                         0x00000215   Thumb Code     0  keil_startup_lpc112x.o(.text)
    UART_IRQHandler                          0x00000215   Thumb Code     0  keil_startup_lpc112x.o(.text)
    WAKEUP_IRQHandler                        0x00000215   Thumb Code     0  keil_startup_lpc112x.o(.text)
    WDT_IRQHandler                           0x00000215   Thumb Code     0  keil_startup_lpc112x.o(.text)
    __user_initial_stackheap                 0x00000219   Thumb Code     0  keil_startup_lpc112x.o(.text)
    SystemInit                               0x0000023d   Thumb Code     8  sysinit.o(.text)
    update_crc16_reflected                   0x00000245   Thumb Code    14  lib_crc16.o(.text)
    update_crc16_A001                        0x00000253   Thumb Code     8  lib_crc16.o(.text)
    calculate_crc16                          0x0000025b   Thumb Code    28  lib_crc16.o(.text)
    calculate_crc16_Modbus                   0x00000277   Thumb Code    28  lib_crc16.o(.text)
    SystemCoreClockUpdate                    0x0000029d   Thumb Code    12  chip_112x.o(.text)
    Chip_IOCON_SetPinMuxing                  0x000002ad   Thumb Code    26  iocon_112x.o(.text)
    __aeabi_lmul                             0x000002c7   Thumb Code    48  llmul.o(.text)
    _ll_mul                                  0x000002c7   Thumb Code     0  llmul.o(.text)
    __use_two_region_memory                  0x000002f7   Thumb Code     2  heapauxi.o(.text)
    __rt_heap_escrow                         0x000002f9   Thumb Code     2  heapauxi.o(.text)
    __rt_heap_expand                         0x000002fb   Thumb Code     2  heapauxi.o(.text)
    SysTick_Handler                          0x0000033d   Thumb Code    86  swauthdemo.o(.text)
    UART2_IRQHandler                         0x00000393   Thumb Code    16  swauthdemo.o(.text)
    setupGPRS                                0x000003a3   Thumb Code   214  swauthdemo.o(.text)
    authorization                            0x00000479   Thumb Code    60  swauthdemo.o(.text)
    userApp                                  0x000004b5   Thumb Code    22  swauthdemo.o(.text)
    getUID                                   0x000004cb   Thumb Code    62  swauthdemo.o(.text)
    AT_Send                                  0x00000509   Thumb Code    16  swauthdemo.o(.text)
    AT_Read                                  0x00000519   Thumb Code    34  swauthdemo.o(.text)
    GPIO_Init                                0x0000053b   Thumb Code    28  swauthdemo.o(.text)
    setGPRSCtlPinStatu                       0x00000557   Thumb Code    18  swauthdemo.o(.text)
    checkSockRecvData                        0x00000569   Thumb Code   158  swauthdemo.o(.text)
    parseRecvData                            0x00000607   Thumb Code   138  swauthdemo.o(.text)
    test                                     0x00000691   Thumb Code    20  swauthdemo.o(.text)
    main                                     0x000006a5   Thumb Code   622  swauthdemo.o(.text)
    delay_ms                                 0x00000acd   Thumb Code    24  air202.o(.text)
    delay_us                                 0x00000ae5   Thumb Code    22  air202.o(.text)
    Air202_ATInit                            0x00000b6b   Thumb Code    10  air202.o(.text)
    Air202_checkSignal                       0x00000b75   Thumb Code    46  air202.o(.text)
    Air202_checkPIN                          0x00000ba3   Thumb Code    10  air202.o(.text)
    Air202_getIPStatus                       0x00000bad   Thumb Code    66  air202.o(.text)
    Air202_setAPN                            0x00000bef   Thumb Code    38  air202.o(.text)
    Air202_setEcho                           0x00000c15   Thumb Code    28  air202.o(.text)
    Air202_setIPHead                         0x00000c31   Thumb Code    28  air202.o(.text)
    Air202_IPStart                           0x00000c4d   Thumb Code    66  air202.o(.text)
    Air202_IPClose                           0x00000c8f   Thumb Code    10  air202.o(.text)
    Air202_CheckRegStatus                    0x00000c99   Thumb Code    46  air202.o(.text)
    Air202_checkAttach                       0x00000cc7   Thumb Code    46  air202.o(.text)
    Air202_activePDP                         0x00000cf5   Thumb Code     8  air202.o(.text)
    Air202_checkIPAddress                    0x00000cfd   Thumb Code    72  air202.o(.text)
    Air202_checkSendLimitSize                0x00000d45   Thumb Code    46  air202.o(.text)
    Air202_IPSend                            0x00000d73   Thumb Code    70  air202.o(.text)
    Air202_IPShut                            0x00000db9   Thumb Code     8  air202.o(.text)
    Air202_powerOn                           0x00000dc1   Thumb Code    66  air202.o(.text)
    Air202_powerOff                          0x00000e03   Thumb Code    10  air202.o(.text)
    Chip_Clock_SetSystemPLLSource            0x00000f91   Thumb Code    14  clock_112x.o(.text)
    Chip_Clock_SetPLLBypass                  0x00000f9f   Thumb Code    24  clock_112x.o(.text)
    Chip_Clock_SetMainClockSource            0x00000fb7   Thumb Code    14  clock_112x.o(.text)
    Chip_Clock_SetWDTClockSource             0x00000fc5   Thumb Code    18  clock_112x.o(.text)
    Chip_Clock_SetCLKOUTSource               0x00000fd7   Thumb Code    18  clock_112x.o(.text)
    Chip_Clock_GetWDTOSCRate                 0x00000fe9   Thumb Code    30  clock_112x.o(.text)
    Chip_Clock_GetSystemPLLInClockRate       0x00001007   Thumb Code    28  clock_112x.o(.text)
    Chip_Clock_GetSystemPLLOutClockRate      0x00001023   Thumb Code    22  clock_112x.o(.text)
    Chip_Clock_GetMainClockRate              0x00001039   Thumb Code    34  clock_112x.o(.text)
    Chip_Clock_GetSystemClockRate            0x0000105b   Thumb Code    16  clock_112x.o(.text)
    Chip_GPIO_Init                           0x0000107d   Thumb Code    12  gpio_112x.o(.text)
    Chip_GPIO_DeInit                         0x00001089   Thumb Code    12  gpio_112x.o(.text)
    Chip_GPIO_WriteDirBit                    0x00001095   Thumb Code    32  gpio_112x.o(.text)
    Chip_GPIO_SetDir                         0x000010b5   Thumb Code    28  gpio_112x.o(.text)
    Chip_GPIO_SetPinDIR                      0x000010d1   Thumb Code    30  gpio_112x.o(.text)
    Chip_GPIO_SetPortDIR                     0x000010ef   Thumb Code    26  gpio_112x.o(.text)
    Chip_GPIO_SetupPinInt                    0x00001109   Thumb Code    64  gpio_112x.o(.text)
    Chip_SYSCON_SetDeepSleepPD               0x0000114d   Thumb Code    14  syscon_112x.o(.text)
    Chip_SYSCON_SetWakeup                    0x0000115b   Thumb Code    14  syscon_112x.o(.text)
    Chip_SYSCON_PowerDown                    0x00001169   Thumb Code    20  syscon_112x.o(.text)
    Chip_SYSCON_PowerUp                      0x0000117d   Thumb Code    20  syscon_112x.o(.text)
    Chip_SetupXtalClocking                   0x00001199   Thumb Code    84  sysinit_112x.o(.text)
    Chip_SetupIrcClocking                    0x000011ed   Thumb Code    86  sysinit_112x.o(.text)
    Chip_SystemInit                          0x00001243   Thumb Code     2  sysinit_112x.o(.text)
    Chip_UART_Init                           0x0000126d   Thumb Code    60  uart_112x.o(.text)
    Chip_UART_DeInit                         0x000012a9   Thumb Code    14  uart_112x.o(.text)
    Chip_UART_Send                           0x000012b7   Thumb Code    28  uart_112x.o(.text)
    Chip_UART_SendBlocking                   0x000012d3   Thumb Code    36  uart_112x.o(.text)
    Chip_UART_Read                           0x000012f7   Thumb Code    28  uart_112x.o(.text)
    Chip_UART_ReadBlocking                   0x00001313   Thumb Code    36  uart_112x.o(.text)
    Chip_UART_SetBaud                        0x00001337   Thumb Code    56  uart_112x.o(.text)
    Chip_UART_RXIntHandlerRB                 0x0000136f   Thumb Code    28  uart_112x.o(.text)
    Chip_UART_TXIntHandlerRB                 0x0000138b   Thumb Code    34  uart_112x.o(.text)
    Chip_UART_SendRB                         0x000013ad   Thumb Code    62  uart_112x.o(.text)
    Chip_UART_ReadRB                         0x000013eb   Thumb Code    16  uart_112x.o(.text)
    Chip_UART_IRQRBHandler                   0x000013fb   Thumb Code    48  uart_112x.o(.text)
    Chip_UART_SetBaudFDR                     0x0000142b   Thumb Code   192  uart_112x.o(.text)
    RingBuffer_Init                          0x00001509   Thumb Code    14  ring_buffer.o(.text)
    RingBuffer_Insert                        0x00001517   Thumb Code    50  ring_buffer.o(.text)
    RingBuffer_InsertMult                    0x00001549   Thumb Code   130  ring_buffer.o(.text)
    RingBuffer_Pop                           0x000015cb   Thumb Code    50  ring_buffer.o(.text)
    RingBuffer_PopMult                       0x000015fd   Thumb Code   126  ring_buffer.o(.text)
    Board_UARTPutChar                        0x000016a1   Thumb Code    14  board.o(.text)
    _sys_open                                0x000016af   Thumb Code     4  board.o(.text)
    fputc                                    0x000016b3   Thumb Code    12  board.o(.text)
    Board_UARTGetChar                        0x000016bf   Thumb Code    28  board.o(.text)
    fgetc                                    0x000016db   Thumb Code     2  board.o(.text)
    ferror                                   0x000016dd   Thumb Code     6  board.o(.text)
    _sys_exit                                0x000016e3   Thumb Code     4  board.o(.text)
    Board_UARTPutSTR                         0x000016e7   Thumb Code    20  board.o(.text)
    Board_Debug_Init                         0x000016fb   Thumb Code    46  board.o(.text)
    Board_LED_Set                            0x00001729   Thumb Code    24  board.o(.text)
    Board_LED_Test                           0x00001741   Thumb Code    26  board.o(.text)
    Board_LED_Toggle                         0x0000175b   Thumb Code    24  board.o(.text)
    Board_Init                               0x00001773   Thumb Code    50  board.o(.text)
    Board_Buttons_Init                       0x000017a5   Thumb Code    28  board.o(.text)
    Buttons_GetStatus                        0x000017c1   Thumb Code    46  board.o(.text)
    Board_SetupMuxing                        0x0000182d   Thumb Code    26  board_sysinit.o(.text)
    Board_SetupClocking                      0x00001847   Thumb Code     8  board_sysinit.o(.text)
    Board_SystemInit                         0x0000184f   Thumb Code    12  board_sysinit.o(.text)
    cJSON_GetErrorPtr                        0x00001869   Thumb Code     6  cjson.o(.text)
    cJSON_InitHooks                          0x000018b5   Thumb Code    36  cjson.o(.text)
    cJSON_Delete                             0x000018d9   Thumb Code    72  cjson.o(.text)
    cJSON_ParseWithOpts                      0x00002165   Thumb Code    98  cjson.o(.text)
    cJSON_Parse                              0x000021c7   Thumb Code     6  cjson.o(.text)
    cJSON_Print                              0x000027ed   Thumb Code     8  cjson.o(.text)
    cJSON_PrintUnformatted                   0x000027f5   Thumb Code     8  cjson.o(.text)
    cJSON_PrintBuffered                      0x000027fd   Thumb Code    38  cjson.o(.text)
    cJSON_GetArraySize                       0x00002823   Thumb Code    16  cjson.o(.text)
    cJSON_GetArrayItem                       0x00002833   Thumb Code    22  cjson.o(.text)
    cJSON_GetObjectItem                      0x00002849   Thumb Code    38  cjson.o(.text)
    cJSON_HasObjectItem                      0x0000286f   Thumb Code    14  cjson.o(.text)
    cJSON_AddItemToArray                     0x000028ab   Thumb Code    30  cjson.o(.text)
    cJSON_AddItemToObject                    0x000028c9   Thumb Code    40  cjson.o(.text)
    cJSON_AddItemToObjectCS                  0x000028f1   Thumb Code    50  cjson.o(.text)
    cJSON_AddItemReferenceToArray            0x00002923   Thumb Code    20  cjson.o(.text)
    cJSON_AddItemReferenceToObject           0x00002937   Thumb Code    38  cjson.o(.text)
    cJSON_DetachItemFromArray                0x0000295d   Thumb Code    56  cjson.o(.text)
    cJSON_DeleteItemFromArray                0x00002995   Thumb Code    12  cjson.o(.text)
    cJSON_DetachItemFromObject               0x000029a1   Thumb Code    46  cjson.o(.text)
    cJSON_DeleteItemFromObject               0x000029cf   Thumb Code    12  cjson.o(.text)
    cJSON_InsertItemInArray                  0x000029db   Thumb Code    46  cjson.o(.text)
    cJSON_ReplaceItemInArray                 0x00002a09   Thumb Code    60  cjson.o(.text)
    cJSON_ReplaceItemInObject                0x00002a45   Thumb Code    52  cjson.o(.text)
    cJSON_CreateNull                         0x00002a79   Thumb Code    16  cjson.o(.text)
    cJSON_CreateTrue                         0x00002a89   Thumb Code    16  cjson.o(.text)
    cJSON_CreateFalse                        0x00002a99   Thumb Code    16  cjson.o(.text)
    cJSON_CreateBool                         0x00002aa9   Thumb Code    26  cjson.o(.text)
    cJSON_CreateNumber                       0x00002ac3   Thumb Code    36  cjson.o(.text)
    cJSON_CreateString                       0x00002ae7   Thumb Code    42  cjson.o(.text)
    cJSON_CreateArray                        0x00002b11   Thumb Code    16  cjson.o(.text)
    cJSON_CreateObject                       0x00002b21   Thumb Code    16  cjson.o(.text)
    cJSON_CreateIntArray                     0x00002b31   Thumb Code    74  cjson.o(.text)
    cJSON_CreateFloatArray                   0x00002b7b   Thumb Code    74  cjson.o(.text)
    cJSON_CreateDoubleArray                  0x00002bc5   Thumb Code    72  cjson.o(.text)
    cJSON_CreateStringArray                  0x00002c0d   Thumb Code    70  cjson.o(.text)
    cJSON_Duplicate                          0x00002c53   Thumb Code   130  cjson.o(.text)
    cJSON_Minify                             0x00002cd5   Thumb Code   140  cjson.o(.text)
    malloc                                   0x00002e4d   Thumb Code    98  h1_alloc.o(.text)
    free                                     0x00002eaf   Thumb Code    76  h1_free.o(.text)
    __aeabi_uldivmod                         0x00002efb   Thumb Code   258  lludiv.o(.text)
    _ll_udiv                                 0x00002efb   Thumb Code     0  lludiv.o(.text)
    tolower                                  0x00002ffd   Thumb Code    26  tolower.o(.text)
    __2printf                                0x00003019   Thumb Code    22  noretval__2printf.o(.text)
    __2sprintf                               0x00003035   Thumb Code    36  noretval__2sprintf.o(.text)
    _printf_pre_padding                      0x0000305d   Thumb Code    44  _printf_pad.o(.text)
    _printf_post_padding                     0x00003089   Thumb Code    34  _printf_pad.o(.text)
    _printf_str                              0x000030ab   Thumb Code    82  _printf_str.o(.text)
    _printf_int_dec                          0x000030fd   Thumb Code    90  _printf_dec.o(.text)
    _printf_int_hex                          0x00003169   Thumb Code    84  _printf_hex_int.o(.text)
    _printf_longlong_hex                     0x00003169   Thumb Code     0  _printf_hex_int.o(.text)
    __printf                                 0x000031c1   Thumb Code   306  __printf_flags_wp.o(.text)
    atoi                                     0x000032f9   Thumb Code    26  atoi.o(.text)
    strchr                                   0x00003313   Thumb Code    20  strchr.o(.text)
    strstr                                   0x00003327   Thumb Code    40  strstr.o(.text)
    strcpy                                   0x00003351   Thumb Code    70  strcpy.o(.text)
    strlen                                   0x0000339d   Thumb Code    62  strlen.o(.text)
    strncmp                                  0x000033e1   Thumb Code   154  strncmp.o(.text)
    __aeabi_memcpy                           0x00003481   Thumb Code   130  rt_memcpy.o(.text)
    __rt_memcpy                              0x00003481   Thumb Code     0  rt_memcpy.o(.text)
    _memset_w                                0x00003503   Thumb Code    26  rt_memclr.o(.text)
    _memset                                  0x0000351d   Thumb Code    30  rt_memclr.o(.text)
    __aeabi_memclr                           0x0000353b   Thumb Code     4  rt_memclr.o(.text)
    __rt_memclr                              0x0000353b   Thumb Code     0  rt_memclr.o(.text)
    __aeabi_memclr4                          0x0000353f   Thumb Code     0  rt_memclr.o(.text)
    __aeabi_memclr8                          0x0000353f   Thumb Code     0  rt_memclr.o(.text)
    __rt_memclr_w                            0x0000353f   Thumb Code     4  rt_memclr.o(.text)
    __aeabi_uidiv                            0x00003543   Thumb Code     0  aeabi_sdiv.o(.text)
    __aeabi_uidivmod                         0x00003543   Thumb Code    20  aeabi_sdiv.o(.text)
    __aeabi_idiv                             0x00003557   Thumb Code     0  aeabi_sdiv.o(.text)
    __aeabi_idivmod                          0x00003557   Thumb Code   326  aeabi_sdiv.o(.text)
    __aeabi_dadd                             0x00003995   Thumb Code     0  daddsub.o(.text)
    _dadd                                    0x00003995   Thumb Code    26  daddsub.o(.text)
    __aeabi_dsub                             0x000039af   Thumb Code     0  daddsub.o(.text)
    _dsub                                    0x000039af   Thumb Code    22  daddsub.o(.text)
    __aeabi_drsub                            0x000039c5   Thumb Code     0  daddsub.o(.text)
    _drsb                                    0x000039c5   Thumb Code    28  daddsub.o(.text)
    __aeabi_d2iz                             0x000039f5   Thumb Code     0  dfixi.o(.text)
    _dfix                                    0x000039f5   Thumb Code    98  dfixi.o(.text)
    __aeabi_i2d_normalise                    0x00003a61   Thumb Code    66  dflti.o(.text)
    __aeabi_i2d                              0x00003aa3   Thumb Code    16  dflti.o(.text)
    _dflt                                    0x00003aa3   Thumb Code     0  dflti.o(.text)
    __aeabi_ui2d                             0x00003ab3   Thumb Code     6  dflti.o(.text)
    _dfltu                                   0x00003ab3   Thumb Code     0  dflti.o(.text)
    __aeabi_dmul                             0x00003ab9   Thumb Code     0  dmul.o(.text)
    _dmul                                    0x00003ab9   Thumb Code   558  dmul.o(.text)
    __aeabi_f2d                              0x00003d01   Thumb Code     0  f2d.o(.text)
    _f2d                                     0x00003d01   Thumb Code    80  f2d.o(.text)
    __rt_ctype_table                         0x00003d55   Thumb Code    16  rt_ctype_table.o(.text)
    __rt_heap_descriptor                     0x00003d65   Thumb Code     8  rt_heap_descriptor_intlibspace.o(.text)
    __aeabi_errno_addr                       0x00003d6d   Thumb Code     8  rt_errno_addr_intlibspace.o(.text)
    __errno$intlibspace                      0x00003d6d   Thumb Code     0  rt_errno_addr_intlibspace.o(.text)
    __rt_errno_addr$intlibspace              0x00003d6d   Thumb Code     0  rt_errno_addr_intlibspace.o(.text)
    __use_no_heap                            0x00003d75   Thumb Code     2  hguard.o(.text)
    __heap$guard                             0x00003d77   Thumb Code     2  hguard.o(.text)
    _terminate_user_alloc                    0x00003d79   Thumb Code     2  init_alloc.o(.text)
    _init_user_alloc                         0x00003d7b   Thumb Code     2  init_alloc.o(.text)
    __Heap_Full                              0x00003d7d   Thumb Code    32  init_alloc.o(.text)
    __Heap_Broken                            0x00003d9d   Thumb Code    10  init_alloc.o(.text)
    _init_alloc                              0x00003da7   Thumb Code    90  init_alloc.o(.text)
    __Heap_Initialize                        0x00003e01   Thumb Code    10  h1_init.o(.text)
    __Heap_DescSize                          0x00003e0b   Thumb Code     4  h1_init.o(.text)
    __read_errno                             0x00003e0f   Thumb Code    10  _rserrno.o(.text)
    __set_errno                              0x00003e19   Thumb Code    12  _rserrno.o(.text)
    _printf_int_common                       0x00003e25   Thumb Code   176  _printf_intcommon.o(.text)
    __lib_sel_fp_printf                      0x00003ed5   Thumb Code     2  _printf_fp_dec.o(.text)
    _printf_fp_dec_real                      0x0000406f   Thumb Code   620  _printf_fp_dec.o(.text)
    _printf_char_common                      0x000042f3   Thumb Code    32  _printf_char_common.o(.text)
    _sputc                                   0x00004319   Thumb Code    10  _sputc.o(.text)
    _printf_cs_common                        0x00004323   Thumb Code    22  _printf_char.o(.text)
    _printf_char                             0x00004339   Thumb Code    16  _printf_char.o(.text)
    _printf_string                           0x00004349   Thumb Code     8  _printf_char.o(.text)
    _printf_char_file                        0x00004351   Thumb Code    34  _printf_char_file.o(.text)
    strtol                                   0x00004379   Thumb Code   108  strtol.o(.text)
    __rt_udiv10                              0x000043e9   Thumb Code    40  rtudiv10.o(.text)
    __fpl_dcmp_InfNaN                        0x00004411   Thumb Code   140  dcmpin.o(.text)
    __aeabi_ddiv                             0x000044a1   Thumb Code     0  ddiv.o(.text)
    _ddiv                                    0x000044a1   Thumb Code  1072  ddiv.o(.text)
    _drdiv                                   0x000048d1   Thumb Code    20  ddiv.o(.text)
    __ARM_scalbn                             0x000048e9   Thumb Code    84  dscalbn.o(.text)
    __user_libspace                          0x00004949   Thumb Code     8  libspace.o(.text)
    __user_perproc_libspace                  0x00004949   Thumb Code     0  libspace.o(.text)
    __user_perthread_libspace                0x00004949   Thumb Code     0  libspace.o(.text)
    __rt_locale                              0x00004951   Thumb Code     8  rt_locale_intlibspace.o(.text)
    __Heap_ProvideMemory                     0x00004959   Thumb Code    52  h1_extend.o(.text)
    _ll_udiv10                               0x0000498d   Thumb Code   122  lludiv10.o(.text)
    _printf_fp_infnan                        0x00004a09   Thumb Code   120  _printf_fp_infnan.o(.text)
    _strtoul                                 0x00004a91   Thumb Code   166  _strtoul.o(.text)
    _btod_etento                             0x00004b39   Thumb Code   196  bigflt0.o(.text)
    _btod_d2e                                0x00004c01   Thumb Code    64  btod.o(.text)
    _btod_emul                               0x00004ff7   Thumb Code    24  btod.o(.text)
    _btod_emuld                              0x0000500f   Thumb Code    88  btod.o(.text)
    _btod_ediv                               0x00005067   Thumb Code    22  btod.o(.text)
    _btod_edivd                              0x0000507d   Thumb Code    60  btod.o(.text)
    __rt_SIGRTMEM                            0x000050c9   Thumb Code    12  defsig_rtmem_outer.o(.text)
    __fpl_cmpreturn                          0x000050d5   Thumb Code    46  cmpret.o(.text)
    __fpl_dcheck_NaN2                        0x00005105   Thumb Code    14  dnan2.o(.text)
    _dsqrt                                   0x00005119   Thumb Code   248  dsqrt.o(.text)
    __I$use$semihosting                      0x00005219   Thumb Code     0  use_no_semi.o(.text)
    __use_no_semihosting_swi                 0x00005219   Thumb Code     2  use_no_semi.o(.text)
    __semihosting_library_function           0x0000521b   Thumb Code     0  indicate_semi.o(.text)
    __user_setup_stackheap                   0x0000521b   Thumb Code    62  sys_stackheap_outer.o(.text)
    _chval                                   0x00005259   Thumb Code    30  _chval.o(.text)
    exit                                     0x00005277   Thumb Code    16  exit.o(.text)
    __sig_exit                               0x00005287   Thumb Code    12  defsig_exit.o(.text)
    __rt_SIGRTMEM_inner                      0x00005295   Thumb Code    22  defsig_rtmem_inner.o(.text)
    strcmp                                   0x000052e5   Thumb Code   132  strcmp.o(.text)
    __fpl_return_NaN                         0x0000536d   Thumb Code    94  retnan.o(.text)
    __default_signal_display                 0x000053cb   Thumb Code    52  defsig_general.o(.text)
    _ttywrch                                 0x000053ff   Thumb Code    12  sys_wrch.o(.text)
    __ARM_common_ll_muluu                    0x0000540b   Thumb Code    48  btod.o(i.__ARM_common_ll_muluu)
    __ARM_fpclassify                         0x0000543d   Thumb Code    40  fpclassify.o(i.__ARM_fpclassify)
    __kernel_poly                            0x00005469   Thumb Code   172  poly.o(i.__kernel_poly)
    __mathlib_dbl_divzero                    0x00005515   Thumb Code    16  dunder.o(i.__mathlib_dbl_divzero)
    __mathlib_dbl_infnan2                    0x00005529   Thumb Code     8  dunder.o(i.__mathlib_dbl_infnan2)
    __mathlib_dbl_invalid                    0x00005531   Thumb Code    16  dunder.o(i.__mathlib_dbl_invalid)
    __mathlib_dbl_overflow                   0x00005541   Thumb Code    16  dunder.o(i.__mathlib_dbl_overflow)
    __mathlib_dbl_underflow                  0x00005555   Thumb Code    14  dunder.o(i.__mathlib_dbl_underflow)
    _is_digit                                0x00005569   Thumb Code    14  __printf_wp.o(i._is_digit)
    floor                                    0x00005579   Thumb Code   180  floor.o(i.floor)
    pow                                      0x00005641   Thumb Code  2548  pow.o(i.pow)
    sqrt                                     0x0000603d   Thumb Code    66  sqrt.o(i.sqrt)
    _get_lc_ctype                            0x00006085   Thumb Code    44  lc_ctype_c.o(locale$$code)
    _get_lc_numeric                          0x000060b1   Thumb Code    44  lc_numeric_c.o(locale$$code)
    __aeabi_cdcmpeq                          0x000060dd   Thumb Code     0  deqf.o(x$fpl$deqf)
    _dcmpeq                                  0x000060dd   Thumb Code    94  deqf.o(x$fpl$deqf)
    __aeabi_cdcmple                          0x00006141   Thumb Code     0  dlef.o(x$fpl$dleqf)
    _dcmple                                  0x00006141   Thumb Code    94  dlef.o(x$fpl$dleqf)
    __aeabi_cdrcmple                         0x000061a5   Thumb Code     0  drlef.o(x$fpl$drleqf)
    _drcmple                                 0x000061a5   Thumb Code   100  drlef.o(x$fpl$drleqf)
    _printf_fp_dec                           0x0000620d   Thumb Code    16  printf1.o(x$fpl$printf1)
    __I$use$fp                               0x0000621c   Number         0  usenofp.o(x$fpl$usenofp)
    crc_tab_8005_reflected                   0x0000621c   Data         512  lib_crc16.o(.constdata)
    OscRateIn                                0x00006460   Data           4  board.o(.constdata)
    __mathlib_zero                           0x000065d8   Data           8  qnan.o(.constdata)
    Region$$Table$$Base                      0x0000674c   Number         0  anon$$obj.o(Region$$Table)
    Region$$Table$$Limit                     0x0000676c   Number         0  anon$$obj.o(Region$$Table)
    __ctype                                  0x00006779   Data           0  lc_ctype_c.o(locale$$data)
    ledToggleFlag                            0x10000000   Data           1  swauthdemo.o(.data)
    tick_ct                                  0x10000004   Data           4  swauthdemo.o(.data)
    systemTimer                              0x10000008   Data           4  swauthdemo.o(.data)
    description                              0x1000000c   Data           4  swauthdemo.o(.data)
    authInfo                                 0x10000010   Data          12  swauthdemo.o(.data)
    IPStatusList                             0x1000001c   Data          60  air202.o(.data)
    SystemCoreClock                          0x10000058   Data           4  chip_112x.o(.data)
    __stdout                                 0x1000005c   Data           4  board.o(.data)
    uid                                      0x1000006c   Data          36  swauthdemo.o(.bss)
    txring                                   0x10000090   Data          20  swauthdemo.o(.bss)
    rxring                                   0x100000a4   Data          20  swauthdemo.o(.bss)
    socketBuffer                             0x100000b8   Data         768  swauthdemo.o(.bss)
    rxbuff                                   0x100003b8   Data         512  swauthdemo.o(.bss)
    txbuff                                   0x100005b8   Data         256  swauthdemo.o(.bss)
    ATRXBuffer                               0x100006b8   Data         512  swauthdemo.o(.bss)
    ATTXBuffer                               0x100008b8   Data         128  air202.o(.bss)
    __libspace_start                         0x10000938   Data          96  libspace.o(.bss)
    __temporary_stack_top$libspace           0x10000998   Data           0  libspace.o(.bss)



==============================================================================

Memory Map of the image

  Image Entry point : 0x000000c1

  Load Region LR_IROM1 (Base: 0x00000000, Size: 0x00006904, Max: 0x00010000, ABSOLUTE)

    Execution Region ER_IROM1 (Base: 0x00000000, Size: 0x00006898, Max: 0x00010000, ABSOLUTE)

    Base Addr    Size         Type   Attr      Idx    E Section Name        Object

    0x00000000   0x000000c0   Data   RO            3    RESET               keil_startup_lpc112x.o
    0x000000c0   0x00000008   Code   RO          886  * !!!main             c_p.l(__main.o)
    0x000000c8   0x0000003c   Code   RO         1234    !!!scatter          c_p.l(__scatter.o)
    0x00000104   0x0000001a   Code   RO         1236    !!handler_copy      c_p.l(__scatter_copy.o)
    0x0000011e   0x00000002   PAD
    0x00000120   0x0000001c   Code   RO         1238    !!handler_zi        c_p.l(__scatter_zi.o)
    0x0000013c   0x00000002   Code   RO          861    .ARM.Collect$$_printf_percent$$00000000  c_p.l(_printf_percent.o)
    0x0000013e   0x0000000a   Code   RO          859    .ARM.Collect$$_printf_percent$$00000003  c_p.l(_printf_f.o)
    0x00000148   0x0000000a   Code   RO          860    .ARM.Collect$$_printf_percent$$00000004  c_p.l(_printf_e.o)
    0x00000152   0x0000000a   Code   RO          858    .ARM.Collect$$_printf_percent$$00000009  c_p.l(_printf_d.o)
    0x0000015c   0x0000000a   Code   RO          857    .ARM.Collect$$_printf_percent$$0000000C  c_p.l(_printf_x.o)
    0x00000166   0x0000000a   Code   RO          856    .ARM.Collect$$_printf_percent$$00000014  c_p.l(_printf_s.o)
    0x00000170   0x00000004   Code   RO          977    .ARM.Collect$$_printf_percent$$00000017  c_p.l(_printf_percent_end.o)
    0x00000174   0x00000002   Code   RO         1172    .ARM.Collect$$libinit$$00000000  c_p.l(libinit.o)
    0x00000176   0x00000000   Code   RO          985    .ARM.Collect$$libinit$$00000002  c_p.l(libinit2.o)
    0x00000176   0x00000000   Code   RO          987    .ARM.Collect$$libinit$$00000004  c_p.l(libinit2.o)
    0x00000176   0x00000008   Code   RO          988    .ARM.Collect$$libinit$$00000005  c_p.l(libinit2.o)
    0x0000017e   0x00000000   Code   RO          990    .ARM.Collect$$libinit$$0000000A  c_p.l(libinit2.o)
    0x0000017e   0x00000000   Code   RO          992    .ARM.Collect$$libinit$$0000000C  c_p.l(libinit2.o)
    0x0000017e   0x00000000   Code   RO          994    .ARM.Collect$$libinit$$0000000E  c_p.l(libinit2.o)
    0x0000017e   0x00000006   Code   RO          995    .ARM.Collect$$libinit$$0000000F  c_p.l(libinit2.o)
    0x00000184   0x00000000   Code   RO          997    .ARM.Collect$$libinit$$00000011  c_p.l(libinit2.o)
    0x00000184   0x0000000c   Code   RO          998    .ARM.Collect$$libinit$$00000012  c_p.l(libinit2.o)
    0x00000190   0x00000000   Code   RO          999    .ARM.Collect$$libinit$$00000013  c_p.l(libinit2.o)
    0x00000190   0x00000000   Code   RO         1001    .ARM.Collect$$libinit$$00000015  c_p.l(libinit2.o)
    0x00000190   0x0000000a   Code   RO         1002    .ARM.Collect$$libinit$$00000016  c_p.l(libinit2.o)
    0x0000019a   0x00000000   Code   RO         1003    .ARM.Collect$$libinit$$00000017  c_p.l(libinit2.o)
    0x0000019a   0x00000000   Code   RO         1005    .ARM.Collect$$libinit$$00000019  c_p.l(libinit2.o)
    0x0000019a   0x00000000   Code   RO         1007    .ARM.Collect$$libinit$$0000001B  c_p.l(libinit2.o)
    0x0000019a   0x00000000   Code   RO         1009    .ARM.Collect$$libinit$$0000001D  c_p.l(libinit2.o)
    0x0000019a   0x00000000   Code   RO         1011    .ARM.Collect$$libinit$$0000001F  c_p.l(libinit2.o)
    0x0000019a   0x00000000   Code   RO         1013    .ARM.Collect$$libinit$$00000021  c_p.l(libinit2.o)
    0x0000019a   0x00000000   Code   RO         1015    .ARM.Collect$$libinit$$00000023  c_p.l(libinit2.o)
    0x0000019a   0x00000000   Code   RO         1017    .ARM.Collect$$libinit$$00000025  c_p.l(libinit2.o)
    0x0000019a   0x00000000   Code   RO         1021    .ARM.Collect$$libinit$$0000002C  c_p.l(libinit2.o)
    0x0000019a   0x00000000   Code   RO         1023    .ARM.Collect$$libinit$$0000002E  c_p.l(libinit2.o)
    0x0000019a   0x00000000   Code   RO         1025    .ARM.Collect$$libinit$$00000030  c_p.l(libinit2.o)
    0x0000019a   0x00000000   Code   RO         1027    .ARM.Collect$$libinit$$00000032  c_p.l(libinit2.o)
    0x0000019a   0x00000002   Code   RO         1028    .ARM.Collect$$libinit$$00000033  c_p.l(libinit2.o)
    0x0000019c   0x00000002   Code   RO         1231    .ARM.Collect$$libshutdown$$00000000  c_p.l(libshutdown.o)
    0x0000019e   0x00000000   Code   RO         1189    .ARM.Collect$$libshutdown$$00000002  c_p.l(libshutdown2.o)
    0x0000019e   0x00000000   Code   RO         1191    .ARM.Collect$$libshutdown$$00000004  c_p.l(libshutdown2.o)
    0x0000019e   0x00000000   Code   RO         1194    .ARM.Collect$$libshutdown$$00000007  c_p.l(libshutdown2.o)
    0x0000019e   0x00000000   Code   RO         1197    .ARM.Collect$$libshutdown$$0000000A  c_p.l(libshutdown2.o)
    0x0000019e   0x00000000   Code   RO         1199    .ARM.Collect$$libshutdown$$0000000C  c_p.l(libshutdown2.o)
    0x0000019e   0x00000000   Code   RO         1202    .ARM.Collect$$libshutdown$$0000000F  c_p.l(libshutdown2.o)
    0x0000019e   0x00000002   Code   RO         1203    .ARM.Collect$$libshutdown$$00000010  c_p.l(libshutdown2.o)
    0x000001a0   0x00000000   Code   RO          922    .ARM.Collect$$rtentry$$00000000  c_p.l(__rtentry.o)
    0x000001a0   0x00000000   Code   RO         1070    .ARM.Collect$$rtentry$$00000002  c_p.l(__rtentry2.o)
    0x000001a0   0x00000006   Code   RO         1082    .ARM.Collect$$rtentry$$00000004  c_p.l(__rtentry4.o)
    0x000001a6   0x00000000   Code   RO         1072    .ARM.Collect$$rtentry$$00000009  c_p.l(__rtentry2.o)
    0x000001a6   0x00000004   Code   RO         1073    .ARM.Collect$$rtentry$$0000000A  c_p.l(__rtentry2.o)
    0x000001aa   0x00000000   Code   RO         1075    .ARM.Collect$$rtentry$$0000000C  c_p.l(__rtentry2.o)
    0x000001aa   0x00000008   Code   RO         1076    .ARM.Collect$$rtentry$$0000000D  c_p.l(__rtentry2.o)
    0x000001b2   0x00000002   Code   RO         1176    .ARM.Collect$$rtexit$$00000000  c_p.l(rtexit.o)
    0x000001b4   0x00000000   Code   RO         1207    .ARM.Collect$$rtexit$$00000002  c_p.l(rtexit2.o)
    0x000001b4   0x00000004   Code   RO         1208    .ARM.Collect$$rtexit$$00000003  c_p.l(rtexit2.o)
    0x000001b8   0x00000006   Code   RO         1209    .ARM.Collect$$rtexit$$00000004  c_p.l(rtexit2.o)
    0x000001be   0x00000002   PAD
    0x000001c0   0x00000038   Code   RO          874    .emb_text           c_p.l(rt_memcpy.o)
    0x000001f8   0x00000000   Code   RO         1093    .emb_text           c_p.l(maybetermalloc1.o)
    0x000001f8   0x00000044   Code   RO            5    .text               keil_startup_lpc112x.o
    0x0000023c   0x00000008   Code   RO           15    .text               sysinit.o
    0x00000244   0x00000058   Code   RO          188    .text               lib_crc16.o
    0x0000029c   0x00000010   Code   RO          275    .text               chip_112x.o
    0x000002ac   0x0000001a   Code   RO          401    .text               iocon_112x.o
    0x000002c6   0x00000030   Code   RO          793    .text               c_p.l(llmul.o)
    0x000002f6   0x00000006   Code   RO          884    .text               c_p.l(heapauxi.o)
    0x000002fc   0x00000004   Code   RO            4    .ARM.__at_0x02FC    keil_startup_lpc112x.o
    0x00000300   0x000007cc   Code   RO          131    .text               swauthdemo.o
    0x00000acc   0x000004c4   Code   RO          209    .text               air202.o
    0x00000f90   0x000000ec   Code   RO          302    .text               clock_112x.o
    0x0000107c   0x000000d0   Code   RO          325    .text               gpio_112x.o
    0x0000114c   0x0000004c   Code   RO          486    .text               syscon_112x.o
    0x00001198   0x000000d4   Code   RO          506    .text               sysinit_112x.o
    0x0000126c   0x0000029c   Code   RO          552    .text               uart_112x.o
    0x00001508   0x00000196   Code   RO          600    .text               ring_buffer.o
    0x0000169e   0x00000002   PAD
    0x000016a0   0x0000018c   Code   RO          620    .text               board.o
    0x0000182c   0x0000003c   Code   RO          672    .text               board_sysinit.o
    0x00001868   0x000015e4   Code   RO          696    .text               cjson.o
    0x00002e4c   0x00000062   Code   RO          735    .text               c_p.l(h1_alloc.o)
    0x00002eae   0x0000004c   Code   RO          737    .text               c_p.l(h1_free.o)
    0x00002efa   0x00000102   Code   RO          795    .text               c_p.l(lludiv.o)
    0x00002ffc   0x0000001a   Code   RO          797    .text               c_p.l(tolower.o)
    0x00003016   0x00000002   PAD
    0x00003018   0x0000001c   Code   RO          803    .text               c_p.l(noretval__2printf.o)
    0x00003034   0x00000028   Code   RO          805    .text               c_p.l(noretval__2sprintf.o)
    0x0000305c   0x0000004e   Code   RO          809    .text               c_p.l(_printf_pad.o)
    0x000030aa   0x00000052   Code   RO          811    .text               c_p.l(_printf_str.o)
    0x000030fc   0x0000006c   Code   RO          813    .text               c_p.l(_printf_dec.o)
    0x00003168   0x00000058   Code   RO          818    .text               c_p.l(_printf_hex_int.o)
    0x000031c0   0x00000138   Code   RO          848    .text               c_p.l(__printf_flags_wp.o)
    0x000032f8   0x0000001a   Code   RO          862    .text               c_p.l(atoi.o)
    0x00003312   0x00000014   Code   RO          864    .text               c_p.l(strchr.o)
    0x00003326   0x00000028   Code   RO          866    .text               c_p.l(strstr.o)
    0x0000334e   0x00000002   PAD
    0x00003350   0x0000004c   Code   RO          868    .text               c_p.l(strcpy.o)
    0x0000339c   0x00000044   Code   RO          870    .text               c_p.l(strlen.o)
    0x000033e0   0x000000a0   Code   RO          872    .text               c_p.l(strncmp.o)
    0x00003480   0x00000082   Code   RO          875    .text               c_p.l(rt_memcpy.o)
    0x00003502   0x00000040   Code   RO          878    .text               c_p.l(rt_memclr.o)
    0x00003542   0x0000015a   Code   RO          880    .text               c_p.l(aeabi_sdiv.o)
    0x0000369c   0x00000358   Code   RO          888    .text               fz_ps.l(daddsub.o)
    0x000039f4   0x0000006c   Code   RO          892    .text               fz_ps.l(dfixi.o)
    0x00003a60   0x00000058   Code   RO          894    .text               fz_ps.l(dflti.o)
    0x00003ab8   0x00000248   Code   RO          898    .text               fz_ps.l(dmul.o)
    0x00003d00   0x00000054   Code   RO          902    .text               fz_ps.l(f2d.o)
    0x00003d54   0x00000010   Code   RO          923    .text               c_p.l(rt_ctype_table.o)
    0x00003d64   0x00000008   Code   RO          936    .text               c_p.l(rt_heap_descriptor_intlibspace.o)
    0x00003d6c   0x00000008   Code   RO          941    .text               c_p.l(rt_errno_addr_intlibspace.o)
    0x00003d74   0x00000004   Code   RO          943    .text               c_p.l(hguard.o)
    0x00003d78   0x00000088   Code   RO          945    .text               c_p.l(init_alloc.o)
    0x00003e00   0x0000000e   Code   RO          949    .text               c_p.l(h1_init.o)
    0x00003e0e   0x00000016   Code   RO          963    .text               c_p.l(_rserrno.o)
    0x00003e24   0x000000b0   Code   RO          965    .text               c_p.l(_printf_intcommon.o)
    0x00003ed4   0x00000414   Code   RO          967    .text               c_p.l(_printf_fp_dec.o)
    0x000042e8   0x00000030   Code   RO          969    .text               c_p.l(_printf_char_common.o)
    0x00004318   0x0000000a   Code   RO          971    .text               c_p.l(_sputc.o)
    0x00004322   0x0000002e   Code   RO          973    .text               c_p.l(_printf_char.o)
    0x00004350   0x00000028   Code   RO          975    .text               c_p.l(_printf_char_file.o)
    0x00004378   0x00000070   Code   RO          978    .text               c_p.l(strtol.o)
    0x000043e8   0x00000028   Code   RO          980    .text               c_p.l(rtudiv10.o)
    0x00004410   0x00000090   Code   RO         1029    .text               fz_ps.l(dcmpin.o)
    0x000044a0   0x00000448   Code   RO         1031    .text               fz_ps.l(ddiv.o)
    0x000048e8   0x00000060   Code   RO         1034    .text               fz_ps.l(dscalbn.o)
    0x00004948   0x00000008   Code   RO         1066    .text               c_p.l(libspace.o)
    0x00004950   0x00000008   Code   RO         1089    .text               c_p.l(rt_locale_intlibspace.o)
    0x00004958   0x00000034   Code   RO         1095    .text               c_p.l(h1_extend.o)
    0x0000498c   0x0000007a   Code   RO         1099    .text               c_p.l(lludiv10.o)
    0x00004a06   0x00000002   PAD
    0x00004a08   0x00000088   Code   RO         1101    .text               c_p.l(_printf_fp_infnan.o)
    0x00004a90   0x000000a6   Code   RO         1105    .text               c_p.l(_strtoul.o)
    0x00004b36   0x00000002   PAD
    0x00004b38   0x000000c8   Code   RO         1107    .text               c_p.l(bigflt0.o)
    0x00004c00   0x000004c8   Code   RO         1110    .text               c_p.l(btod.o)
    0x000050c8   0x0000000c   Code   RO         1120    .text               c_p.l(defsig_rtmem_outer.o)
    0x000050d4   0x0000002e   Code   RO         1129    .text               fz_ps.l(cmpret.o)
    0x00005102   0x00000002   PAD
    0x00005104   0x00000014   Code   RO         1131    .text               fz_ps.l(dnan2.o)
    0x00005118   0x00000100   Code   RO         1133    .text               fz_ps.l(dsqrt.o)
    0x00005218   0x00000002   Code   RO         1139    .text               c_p.l(use_no_semi.o)
    0x0000521a   0x00000000   Code   RO         1141    .text               c_p.l(indicate_semi.o)
    0x0000521a   0x0000003e   Code   RO         1142    .text               c_p.l(sys_stackheap_outer.o)
    0x00005258   0x0000001e   Code   RO         1149    .text               c_p.l(_chval.o)
    0x00005276   0x00000010   Code   RO         1151    .text               c_p.l(exit.o)
    0x00005286   0x0000000c   Code   RO         1153    .text               c_p.l(defsig_exit.o)
    0x00005292   0x00000002   PAD
    0x00005294   0x00000050   Code   RO         1159    .text               c_p.l(defsig_rtmem_inner.o)
    0x000052e4   0x00000088   Code   RO         1161    .text               c_p.l(strcmp.o)
    0x0000536c   0x0000005e   Code   RO         1173    .text               fz_ps.l(retnan.o)
    0x000053ca   0x00000034   Code   RO         1184    .text               c_p.l(defsig_general.o)
    0x000053fe   0x0000000c   Code   RO         1204    .text               c_p.l(sys_wrch.o)
    0x0000540a   0x00000030   Code   RO         1112    i.__ARM_common_ll_muluu  c_p.l(btod.o)
    0x0000543a   0x00000002   PAD
    0x0000543c   0x0000002c   Code   RO         1051    i.__ARM_fpclassify  m_ps.l(fpclassify.o)
    0x00005468   0x000000ac   Code   RO         1053    i.__kernel_poly     m_ps.l(poly.o)
    0x00005514   0x00000014   Code   RO         1037    i.__mathlib_dbl_divzero  m_ps.l(dunder.o)
    0x00005528   0x00000008   Code   RO         1039    i.__mathlib_dbl_infnan2  m_ps.l(dunder.o)
    0x00005530   0x00000010   Code   RO         1040    i.__mathlib_dbl_invalid  m_ps.l(dunder.o)
    0x00005540   0x00000014   Code   RO         1041    i.__mathlib_dbl_overflow  m_ps.l(dunder.o)
    0x00005554   0x00000014   Code   RO         1043    i.__mathlib_dbl_underflow  m_ps.l(dunder.o)
    0x00005568   0x0000000e   Code   RO          846    i._is_digit         c_p.l(__printf_wp.o)
    0x00005576   0x00000002   PAD
    0x00005578   0x000000c8   Code   RO          907    i.floor             m_ps.l(floor.o)
    0x00005640   0x000009fc   Code   RO          911    i.pow               m_ps.l(pow.o)
    0x0000603c   0x00000048   Code   RO         1057    i.sqrt              m_ps.l(sqrt.o)
    0x00006084   0x0000002c   Code   RO         1115    locale$$code        c_p.l(lc_ctype_c.o)
    0x000060b0   0x0000002c   Code   RO         1118    locale$$code        c_p.l(lc_numeric_c.o)
    0x000060dc   0x00000064   Code   RO          890    x$fpl$deqf          fz_ps.l(deqf.o)
    0x00006140   0x00000064   Code   RO          896    x$fpl$dleqf         fz_ps.l(dlef.o)
    0x000061a4   0x00000068   Code   RO          900    x$fpl$drleqf        fz_ps.l(drlef.o)
    0x0000620c   0x00000010   Code   RO          904    x$fpl$printf1       fz_ps.l(printf1.o)
    0x0000621c   0x00000000   Code   RO         1036    x$fpl$usenofp       fz_ps.l(usenofp.o)
    0x0000621c   0x00000200   Data   RO          189    .constdata          lib_crc16.o
    0x0000641c   0x00000040   Data   RO          303    .constdata          clock_112x.o
    0x0000645c   0x00000003   Data   RO          621    .constdata          board.o
    0x0000645f   0x00000001   PAD
    0x00006460   0x00000004   Data   RO          622    .constdata          board.o
    0x00006464   0x00000028   Data   RO          673    .constdata          board_sysinit.o
    0x0000648c   0x00000007   Data   RO          697    .constdata          cjson.o
    0x00006493   0x00000028   Data   RO          819    .constdata          c_p.l(_printf_hex_int.o)
    0x000064bb   0x00000011   Data   RO          849    .constdata          c_p.l(__printf_flags_wp.o)
    0x000064cc   0x00000004   PAD
    0x000064d0   0x00000088   Data   RO          912    .constdata          m_ps.l(pow.o)
    0x00006558   0x00000080   Data   RO         1032    .constdata          fz_ps.l(ddiv.o)
    0x000065d8   0x00000008   Data   RO         1055    .constdata          m_ps.l(qnan.o)
    0x000065e0   0x00000094   Data   RO         1108    .constdata          c_p.l(bigflt0.o)
    0x00006674   0x0000000f   Data   RO          133    .conststring        swauthdemo.o
    0x00006683   0x00000001   PAD
    0x00006684   0x000000c5   Data   RO          211    .conststring        air202.o
    0x00006749   0x00000003   PAD
    0x0000674c   0x00000020   Data   RO         1232    Region$$Table       anon$$obj.o
    0x0000676c   0x00000110   Data   RO         1114    locale$$data        c_p.l(lc_ctype_c.o)
    0x0000687c   0x0000001c   Data   RO         1117    locale$$data        c_p.l(lc_numeric_c.o)


    Execution Region RW_IRAM1 (Base: 0x10000000, Size: 0x00000c98, Max: 0x00002000, ABSOLUTE)

    Base Addr    Size         Type   Attr      Idx    E Section Name        Object

    0x10000000   0x0000001c   Data   RW          135    .data               swauthdemo.o
    0x1000001c   0x0000003c   Data   RW          212    .data               air202.o
    0x10000058   0x00000004   Data   RW          276    .data               chip_112x.o
    0x1000005c   0x00000004   Data   RW          624    .data               board.o
    0x10000060   0x0000000c   Data   RW          698    .data               cjson.o
    0x1000006c   0x0000084c   Zero   RW          132    .bss                swauthdemo.o
    0x100008b8   0x00000080   Zero   RW          210    .bss                air202.o
    0x10000938   0x00000060   Zero   RW         1067    .bss                c_p.l(libspace.o)
    0x10000998   0x00000100   Zero   RW            2    HEAP                keil_startup_lpc112x.o
    0x10000a98   0x00000200   Zero   RW            1    STACK               keil_startup_lpc112x.o


==============================================================================

Image component sizes


      Code (inc. data)   RO Data    RW Data    ZI Data      Debug   Object Name

         0          0          0          0          0       2804   adc_112x.o
      1220        388        197         60        128       6816   air202.o
       396         20          7          4          0      16501   board.o
        60         14         40          0          0       4787   board_sysinit.o
        16          4          0          4          0        946   chip_112x.o
      5604        162          7         12          0      25798   cjson.o
       236         18         64          0          0       3902   clock_112x.o
       208          4          0          0          0       6312   gpio_112x.o
        26          0          0          0          0       1350   iocon_112x.o
        72         32        192          0        768       1296   keil_startup_lpc112x.o
        88         10        512          0          0       2273   lib_crc16.o
       406          0          0          0          0       4404   ring_buffer.o
      1996        604         15         28       2124      29046   swauthdemo.o
        76          8          0          0          0       1185   syscon_112x.o
         8          0          0          0          0      13373   sysinit.o
       212         10          0          0          0       5423   sysinit_112x.o
       668         16          0          0          0      16866   uart_112x.o

    ----------------------------------------------------------------------
     11294       1290       1071        108       3020     143082   Object Totals
         0          0         32          0          0          0   (incl. Generated)
         2          0          5          0          0          0   (incl. Padding)

    ----------------------------------------------------------------------

      Code (inc. data)   RO Data    RW Data    ZI Data      Debug   Library Member Name

         8          0          0          0          0         68   __main.o
       312          6         17          0          0         76   __printf_flags_wp.o
        14          0          0          0          0         60   __printf_wp.o
         0          0          0          0          0          0   __rtentry.o
        12          0          0          0          0          0   __rtentry2.o
         6          0          0          0          0          0   __rtentry4.o
        60          8          0          0          0          0   __scatter.o
        26          0          0          0          0          0   __scatter_copy.o
        28          0          0          0          0          0   __scatter_zi.o
        30          0          0          0          0         60   _chval.o
        46          0          0          0          0        100   _printf_char.o
        48          6          0          0          0         88   _printf_char_common.o
        40          6          0          0          0         72   _printf_char_file.o
        10          0          0          0          0          0   _printf_d.o
       108         18          0          0          0         76   _printf_dec.o
        10          0          0          0          0          0   _printf_e.o
        10          0          0          0          0          0   _printf_f.o
      1044         14          0          0          0        176   _printf_fp_dec.o
       136         16          0          0          0         76   _printf_fp_infnan.o
        88          4         40          0          0         72   _printf_hex_int.o
       176          0          0          0          0         84   _printf_intcommon.o
        78          0          0          0          0        100   _printf_pad.o
         2          0          0          0          0          0   _printf_percent.o
         4          0          0          0          0          0   _printf_percent_end.o
        10          0          0          0          0          0   _printf_s.o
        82          0          0          0          0         72   _printf_str.o
        10          0          0          0          0          0   _printf_x.o
        22          0          0          0          0         92   _rserrno.o
        10          0          0          0          0         60   _sputc.o
       166          0          0          0          0         84   _strtoul.o
       346          0          0          0          0         92   aeabi_sdiv.o
        26          0          0          0          0         72   atoi.o
       200          4        148          0          0         80   bigflt0.o
      1272         16          0          0          0        328   btod.o
        12          0          0          0          0         68   defsig_exit.o
        52          0          0          0          0         72   defsig_general.o
        80         58          0          0          0         68   defsig_rtmem_inner.o
        12          0          0          0          0         68   defsig_rtmem_outer.o
        16          0          0          0          0         68   exit.o
        98          0          0          0          0         72   h1_alloc.o
        52          0          0          0          0         68   h1_extend.o
        76          0          0          0          0         72   h1_free.o
        14          0          0          0          0         76   h1_init.o
         6          0          0          0          0        136   heapauxi.o
         4          0          0          0          0        120   hguard.o
         0          0          0          0          0          0   indicate_semi.o
       136          0          0          0          0        160   init_alloc.o
        44         10        272          0          0         76   lc_ctype_c.o
        44         10         28          0          0         76   lc_numeric_c.o
         2          0          0          0          0          0   libinit.o
        38          0          0          0          0          0   libinit2.o
         2          0          0          0          0          0   libshutdown.o
         2          0          0          0          0          0   libshutdown2.o
         8          4          0          0         96         68   libspace.o
        48          0          0          0          0         72   llmul.o
       258          0          0          0          0         88   lludiv.o
       122          0          0          0          0         72   lludiv10.o
         0          0          0          0          0          0   maybetermalloc1.o
        28          6          0          0          0         84   noretval__2printf.o
        40          4          0          0          0         84   noretval__2sprintf.o
        16          4          0          0          0         76   rt_ctype_table.o
         8          4          0          0          0         68   rt_errno_addr_intlibspace.o
         8          4          0          0          0         68   rt_heap_descriptor_intlibspace.o
         8          4          0          0          0         68   rt_locale_intlibspace.o
        64          0          0          0          0        108   rt_memclr.o
       186          0          0          0          0        144   rt_memcpy.o
         2          0          0          0          0          0   rtexit.o
        10          0          0          0          0          0   rtexit2.o
        40          0          0          0          0         60   rtudiv10.o
        20          0          0          0          0         60   strchr.o
       136          4          0          0          0         72   strcmp.o
        76          6          0          0          0         72   strcpy.o
        68          6          0          0          0         72   strlen.o
       160          6          0          0          0         76   strncmp.o
        40          0          0          0          0         72   strstr.o
       112          4          0          0          0         76   strtol.o
        62          0          0          0          0         80   sys_stackheap_outer.o
        12          0          0          0          0         68   sys_wrch.o
        26          0          0          0          0         68   tolower.o
         2          0          0          0          0         68   use_no_semi.o
        46          0          0          0          0         60   cmpret.o
       856         20          0          0          0        208   daddsub.o
       144          4          0          0          0         76   dcmpin.o
      1096         26        128          0          0        112   ddiv.o
       100          4          0          0          0         92   deqf.o
       108         10          0          0          0         72   dfixi.o
        88          0          0          0          0         92   dflti.o
       100          4          0          0          0         92   dlef.o
       584         26          0          0          0         84   dmul.o
        20          6          0          0          0         68   dnan2.o
       104          4          0          0          0        104   drlef.o
        96         12          0          0          0         72   dscalbn.o
       256          8          0          0          0         76   dsqrt.o
        84          4          0          0          0         60   f2d.o
        16          4          0          0          0         76   printf1.o
        94          0          0          0          0         68   retnan.o
         0          0          0          0          0          0   usenofp.o
        84         14          0          0          0        340   dunder.o
       200         20          0          0          0         76   floor.o
        44          4          0          0          0         60   fpclassify.o
       172          0          0          0          0         76   poly.o
      2556        196        136          0          0        240   pow.o
         0          0          8          0          0          0   qnan.o
        72          6          0          0          0         76   sqrt.o

    ----------------------------------------------------------------------
     13630        604        781          0         96       7312   Library Totals
        20          0          4          0          0          0   (incl. Padding)

    ----------------------------------------------------------------------

      Code (inc. data)   RO Data    RW Data    ZI Data      Debug   Library Name

      6690        232        505          0         96       5032   c_p.l
      3792        132        128          0          0       1412   fz_ps.l
      3128        240        144          0          0        868   m_ps.l

    ----------------------------------------------------------------------
     13630        604        781          0         96       7312   Library Totals

    ----------------------------------------------------------------------

==============================================================================


      Code (inc. data)   RO Data    RW Data    ZI Data      Debug   

     24924       1894       1852        108       3116     145366   Grand Totals
     24924       1894       1852        108       3116     145366   ELF Image Totals
     24924       1894       1852        108          0          0   ROM Totals

==============================================================================

    Total RO  Size (Code + RO Data)                26776 (  26.15kB)
    Total RW  Size (RW Data + ZI Data)              3224 (   3.15kB)
    Total ROM Size (Code + RO Data + RW Data)      26884 (  26.25kB)

==============================================================================

