Component: ARM Compiler 5.06 update 4 (build 422) Tool: armlink [4d35d2]

==============================================================================

Section Cross References

    keil_startup_lpc112x.o(STACK) refers (Special) to heapauxi.o(.text) for __use_two_region_memory
    keil_startup_lpc112x.o(HEAP) refers (Special) to heapauxi.o(.text) for __use_two_region_memory
    keil_startup_lpc112x.o(RESET) refers (Special) to heapauxi.o(.text) for __use_two_region_memory
    keil_startup_lpc112x.o(RESET) refers to keil_startup_lpc112x.o(STACK) for __initial_sp
    keil_startup_lpc112x.o(RESET) refers to keil_startup_lpc112x.o(.text) for Reset_Handler
    keil_startup_lpc112x.o(RESET) refers to swauthdemo.o(.text) for SysTick_Handler
    keil_startup_lpc112x.o(.ARM.__at_0x02FC) refers (Special) to heapauxi.o(.text) for __use_two_region_memory
    keil_startup_lpc112x.o(.text) refers (Special) to heapauxi.o(.text) for __use_two_region_memory
    keil_startup_lpc112x.o(.text) refers to sysinit.o(.text) for SystemInit
    keil_startup_lpc112x.o(.text) refers to __main.o(!!!main) for __main
    keil_startup_lpc112x.o(.text) refers to keil_startup_lpc112x.o(HEAP) for Heap_Mem
    keil_startup_lpc112x.o(.text) refers to keil_startup_lpc112x.o(STACK) for Stack_Mem
    sysinit.o(.text) refers to board_sysinit.o(.text) for Board_SystemInit
    swauthdemo.o(.text) refers to _printf_percent.o(.ARM.Collect$$_printf_percent$$00000000) for _printf_percent
    swauthdemo.o(.text) refers to _printf_s.o(.ARM.Collect$$_printf_percent$$00000014) for _printf_s
    swauthdemo.o(.text) refers to _printf_str.o(.text) for _printf_str
    swauthdemo.o(.text) refers to air202.o(.text) for Air202_powerOn
    swauthdemo.o(.text) refers to noretval__2printf.o(.text) for __2printf
    swauthdemo.o(.text) refers to rt_memcpy.o(.emb_text) for __aeabi_memcpy4
    swauthdemo.o(.text) refers to strlen.o(.text) for strlen
    swauthdemo.o(.text) refers to aeabi_sdiv.o(.text) for __aeabi_uidivmod
    swauthdemo.o(.text) refers to uart_112x.o(.text) for Chip_UART_IRQRBHandler
    swauthdemo.o(.text) refers to board.o(.text) for Board_LED_Toggle
    swauthdemo.o(.text) refers to lib_crc16.o(.text) for calculate_crc16
    swauthdemo.o(.text) refers to rt_memclr.o(.text) for __aeabi_memclr4
    swauthdemo.o(.text) refers to strstr.o(.text) for strstr
    swauthdemo.o(.text) refers to atoi.o(.text) for atoi
    swauthdemo.o(.text) refers to rt_memcpy.o(.text) for __aeabi_memcpy
    swauthdemo.o(.text) refers to chip_112x.o(.text) for SystemCoreClockUpdate
    swauthdemo.o(.text) refers to ring_buffer.o(.text) for RingBuffer_Init
    swauthdemo.o(.text) refers to swauthdemo.o(.data) for .data
    swauthdemo.o(.text) refers to swauthdemo.o(.bss) for .bss
    swauthdemo.o(.text) refers to chip_112x.o(.data) for SystemCoreClock
    swauthdemo.o(.data) refers to swauthdemo.o(.conststring) for .conststring
    lib_crc16.o(.text) refers to lib_crc16.o(.constdata) for .constdata
    air202.o(.text) refers to _printf_percent.o(.ARM.Collect$$_printf_percent$$00000000) for _printf_percent
    air202.o(.text) refers to _printf_s.o(.ARM.Collect$$_printf_percent$$00000014) for _printf_s
    air202.o(.text) refers to _printf_str.o(.text) for _printf_str
    air202.o(.text) refers to _printf_d.o(.ARM.Collect$$_printf_percent$$00000009) for _printf_d
    air202.o(.text) refers to _printf_dec.o(.text) for _printf_int_dec
    air202.o(.text) refers to rt_memclr.o(.text) for __aeabi_memclr
    air202.o(.text) refers to strlen.o(.text) for strlen
    air202.o(.text) refers to swauthdemo.o(.text) for AT_Send
    air202.o(.text) refers to noretval__2printf.o(.text) for __2printf
    air202.o(.text) refers to strstr.o(.text) for strstr
    air202.o(.text) refers to atoi.o(.text) for atoi
    air202.o(.text) refers to noretval__2sprintf.o(.text) for __2sprintf
    air202.o(.text) refers to swauthdemo.o(.bss) for ATRXBuffer
    air202.o(.text) refers to air202.o(.data) for .data
    air202.o(.text) refers to air202.o(.bss) for .bss
    air202.o(.data) refers to air202.o(.conststring) for .conststring
    adc_112x.o(.text) refers to syscon_112x.o(.text) for Chip_SYSCON_PowerUp
    adc_112x.o(.text) refers to clock_112x.o(.text) for Chip_Clock_GetSystemClockRate
    adc_112x.o(.text) refers to aeabi_sdiv.o(.text) for __aeabi_uidivmod
    chip_112x.o(.text) refers to clock_112x.o(.text) for Chip_Clock_GetSystemClockRate
    chip_112x.o(.text) refers to chip_112x.o(.data) for .data
    clock_112x.o(.text) refers to aeabi_sdiv.o(.text) for __aeabi_uidivmod
    clock_112x.o(.text) refers to clock_112x.o(.constdata) for .constdata
    clock_112x.o(.text) refers to board.o(.constdata) for OscRateIn
    i2c_112x.o(.text) refers to i2c_112x.o(i.__ARM_common_switch8) for __ARM_common_switch8
    i2c_112x.o(.text) refers to clock_112x.o(.text) for Chip_Clock_GetMainClockRate
    i2c_112x.o(.text) refers to aeabi_sdiv.o(.text) for __aeabi_uidivmod
[...]
    rt_errno_addr.o(.text) refers to rt_errno_addr.o(.bss) for __aeabi_errno_addr_data
    rt_errno_addr_intlibspace.o(.text) refers to libspace.o(.bss) for __libspace_start
    _printf_char_common.o(.text) refers to __printf.o(.text) for __printf
    _printf_char.o(.text) refers (Weak) to _printf_str.o(.text) for _printf_str
    _printf_char_file.o(.text) refers to _printf_char_common.o(.text) for _printf_char_common
    _printf_char_file.o(.text) refers to board.o(.text) for ferror
    strtol.o(.text) refers to rt_ctype_table.o(.text) for __rt_ctype_table
    strtol.o(.text) refers to _strtoul.o(.text) for _strtoul
    strtol.o(.text) refers to rt_errno_addr_intlibspace.o(.text) for __aeabi_errno_addr
    libspace.o(.text) refers to libspace.o(.bss) for __libspace_start
    __rtentry2.o(.ARM.Collect$$rtentry$$00000008) refers to boardinit2.o(.text) for _platform_post_stackheap_init
    __rtentry2.o(.ARM.Collect$$rtentry$$0000000A) refers to libinit.o(.ARM.Collect$$libinit$$00000000) for __rt_lib_init
    __rtentry2.o(.ARM.Collect$$rtentry$$0000000B) refers to boardinit3.o(.text) for _platform_post_lib_init
    __rtentry2.o(.ARM.Collect$$rtentry$$0000000D) refers to swauthdemo.o(.text) for main
    __rtentry2.o(.ARM.Collect$$rtentry$$0000000D) refers to exit.o(.text) for exit
    __rtentry2.o(.ARM.exidx) refers to __rtentry2.o(.ARM.Collect$$rtentry$$00000001) for .ARM.Collect$$rtentry$$00000001
    __rtentry2.o(.ARM.exidx) refers to __rtentry2.o(.ARM.Collect$$rtentry$$00000008) for .ARM.Collect$$rtentry$$00000008
    __rtentry2.o(.ARM.exidx) refers to __rtentry2.o(.ARM.Collect$$rtentry$$0000000A) for .ARM.Collect$$rtentry$$0000000A
    __rtentry2.o(.ARM.exidx) refers to __rtentry2.o(.ARM.Collect$$rtentry$$0000000B) for .ARM.Collect$$rtentry$$0000000B
    __rtentry2.o(.ARM.exidx) refers to __rtentry2.o(.ARM.Collect$$rtentry$$0000000D) for .ARM.Collect$$rtentry$$0000000D
    __rtentry4.o(.ARM.Collect$$rtentry$$00000004) refers to sys_stackheap_outer.o(.text) for __user_setup_stackheap
    __rtentry4.o(.ARM.exidx) refers to __rtentry4.o(.ARM.Collect$$rtentry$$00000004) for .ARM.Collect$$rtentry$$00000004
    rt_ctype_table.o(.text) refers to rt_locale_intlibspace.o(.text) for __rt_locale
    rt_ctype_table.o(.text) refers to lc_ctype_c.o(locale$$code) for _get_lc_ctype
    rt_div0.o(.text) refers to defsig_fpe_outer.o(.text) for __rt_SIGFPE
    _strtoul.o(.text) refers to _chval.o(.text) for _chval
    _strtoul.o(.text) refers to rt_errno_addr_intlibspace.o(.text) for __aeabi_errno_addr
    sys_stackheap_outer.o(.text) refers to libspace.o(.text) for __user_perproc_libspace
    sys_stackheap_outer.o(.text) refers to keil_startup_lpc112x.o(.text) for __user_initial_stackheap
    sys_stackheap_outer.o(__vectab_stack_and_reset_area) refers to tempstk.o(.text) for __temporary_stack_top
    sys_stackheap_outer.o(__vectab_stack_and_reset_area) refers to __main.o(!!!main) for __main
    rt_locale.o(.text) refers to rt_locale.o(.bss) for __rt_locale_data
    rt_locale_intlibspace.o(.text) refers to libspace.o(.bss) for __libspace_start
    lc_ctype_c.o(locale$$data) refers (Special) to libinit2.o(.ARM.Collect$$libinit$$00000012) for __rt_lib_init_lc_ctype_2
    lc_ctype_c.o(locale$$code) refers (Special) to libinit2.o(.ARM.Collect$$libinit$$00000012) for __rt_lib_init_lc_ctype_2
    lc_ctype_c.o(locale$$code) refers to strcmp.o(.text) for strcmp
    lc_ctype_c.o(locale$$code) refers to lc_ctype_c.o(locale$$data) for __lcctype_c_name
    exit.o(.text) refers to rtexit.o(.ARM.Collect$$rtexit$$00000000) for __rt_exit
    defsig_fpe_outer.o(.text) refers to defsig_fpe_inner.o(.text) for __rt_SIGFPE_inner
    defsig_fpe_outer.o(.text) refers to defsig_exit.o(.text) for __sig_exit
    defsig_fpe_formal.o(.text) refers to rt_raise.o(.text) for __rt_raise
    libinit.o(.ARM.Collect$$libinit$$00000000) refers (Special) to libinit2.o(.ARM.Collect$$libinit$$0000002E) for __rt_lib_init_alloca_1
    libinit.o(.ARM.Collect$$libinit$$00000000) refers (Special) to libinit2.o(.ARM.Collect$$libinit$$0000002C) for __rt_lib_init_argv_1
    libinit.o(.ARM.Collect$$libinit$$00000000) refers (Special) to libinit2.o(.ARM.Collect$$libinit$$0000001B) for __rt_lib_init_atexit_1
    libinit.o(.ARM.Collect$$libinit$$00000000) refers (Special) to libinit2.o(.ARM.Collect$$libinit$$00000021) for __rt_lib_init_clock_1
    libinit.o(.ARM.Collect$$libinit$$00000000) refers (Special) to libinit2.o(.ARM.Collect$$libinit$$00000032) for __rt_lib_init_cpp_1
    libinit.o(.ARM.Collect$$libinit$$00000000) refers (Special) to libinit2.o(.ARM.Collect$$libinit$$00000030) for __rt_lib_init_exceptions_1
    libinit.o(.ARM.Collect$$libinit$$00000000) refers (Special) to libinit2.o(.ARM.Collect$$libinit$$00000002) for __rt_lib_init_fp_1
    libinit.o(.ARM.Collect$$libinit$$00000000) refers (Special) to libinit2.o(.ARM.Collect$$libinit$$0000001F) for __rt_lib_init_fp_trap_1
    libinit.o(.ARM.Collect$$libinit$$00000000) refers (Special) to libinit2.o(.ARM.Collect$$libinit$$00000023) for __rt_lib_init_getenv_1
    libinit.o(.ARM.Collect$$libinit$$00000000) refers (Special) to libinit2.o(.ARM.Collect$$libinit$$0000000A) for __rt_lib_init_heap_1
    libinit.o(.ARM.Collect$$libinit$$00000000) refers (Special) to libinit2.o(.ARM.Collect$$libinit$$00000011) for __rt_lib_init_lc_collate_1
    libinit.o(.ARM.Collect$$libinit$$00000000) refers (Special) to libinit2.o(.ARM.Collect$$libinit$$00000013) for __rt_lib_init_lc_ctype_1
    libinit.o(.ARM.Collect$$libinit$$00000000) refers (Special) to libinit2.o(.ARM.Collect$$libinit$$00000015) for __rt_lib_init_lc_monetary_1
    libinit.o(.ARM.Collect$$libinit$$00000000) refers (Special) to libinit2.o(.ARM.Collect$$libinit$$00000017) for __rt_lib_init_lc_numeric_1
    libinit.o(.ARM.Collect$$libinit$$00000000) refers (Special) to libinit2.o(.ARM.Collect$$libinit$$00000019) for __rt_lib_init_lc_time_1
    libinit.o(.ARM.Collect$$libinit$$00000000) refers (Special) to libinit2.o(.ARM.Collect$$libinit$$00000004) for __rt_lib_init_preinit_1
    libinit.o(.ARM.Collect$$libinit$$00000000) refers (Special) to libinit2.o(.ARM.Collect$$libinit$$0000000E) for __rt_lib_init_rand_1
    libinit.o(.ARM.Collect$$libinit$$00000000) refers (Special) to libinit2.o(.ARM.Collect$$libinit$$00000033) for __rt_lib_init_return
    libinit.o(.ARM.Collect$$libinit$$00000000) refers (Special) to libinit2.o(.ARM.Collect$$libinit$$0000001D) for __rt_lib_init_signal_1
    libinit.o(.ARM.Collect$$libinit$$00000000) refers (Special) to libinit2.o(.ARM.Collect$$libinit$$00000025) for __rt_lib_init_stdio_1
    libinit.o(.ARM.Collect$$libinit$$00000000) refers (Special) to libinit2.o(.ARM.Collect$$libinit$$0000000C) for __rt_lib_init_user_alloc_1
    rtexit.o(.ARM.Collect$$rtexit$$00000000) refers (Special) to rtexit2.o(.ARM.Collect$$rtexit$$00000004) for __rt_exit_exit
    rtexit.o(.ARM.Collect$$rtexit$$00000000) refers (Special) to rtexit2.o(.ARM.Collect$$rtexit$$00000003) for __rt_exit_ls
    rtexit.o(.ARM.Collect$$rtexit$$00000000) refers (Special) to rtexit2.o(.ARM.Collect$$rtexit$$00000002) for __rt_exit_prels_1
    rtexit.o(.ARM.exidx) refers (Special) to rtexit2.o(.ARM.Collect$$rtexit$$00000004) for __rt_exit_exit
    rtexit.o(.ARM.exidx) refers (Special) to rtexit2.o(.ARM.Collect$$rtexit$$00000003) for __rt_exit_ls
    rtexit.o(.ARM.exidx) refers (Special) to rtexit2.o(.ARM.Collect$$rtexit$$00000002) for __rt_exit_prels_1
    rtexit.o(.ARM.exidx) refers to rtexit.o(.ARM.Collect$$rtexit$$00000000) for .ARM.Collect$$rtexit$$00000000
    rt_raise.o(.text) refers to __raise.o(.text) for __raise
    rt_raise.o(.text) refers to board.o(.text) for _sys_exit
    defsig_exit.o(.text) refers to board.o(.text) for _sys_exit
    defsig_fpe_inner.o(.text) refers to defsig_general.o(.text) for __default_signal_display
    libinit2.o(.ARM.Collect$$libinit$$0000000F) refers (Weak) to rt_locale_intlibspace.o(.text) for __rt_locale
    libinit2.o(.ARM.Collect$$libinit$$00000010) refers to libinit2.o(.ARM.Collect$$libinit$$0000000F) for .ARM.Collect$$libinit$$0000000F
    libinit2.o(.ARM.Collect$$libinit$$00000012) refers to libinit2.o(.ARM.Collect$$libinit$$0000000F) for .ARM.Collect$$libinit$$0000000F
    libinit2.o(.ARM.Collect$$libinit$$00000012) refers (Weak) to lc_ctype_c.o(locale$$code) for _get_lc_ctype
    libinit2.o(.ARM.Collect$$libinit$$00000014) refers to libinit2.o(.ARM.Collect$$libinit$$0000000F) for .ARM.Collect$$libinit$$0000000F
    libinit2.o(.ARM.Collect$$libinit$$00000016) refers to libinit2.o(.ARM.Collect$$libinit$$0000000F) for .ARM.Collect$$libinit$$0000000F
    libinit2.o(.ARM.Collect$$libinit$$00000018) refers to libinit2.o(.ARM.Collect$$libinit$$0000000F) for .ARM.Collect$$libinit$$0000000F
    libinit2.o(.ARM.Collect$$libinit$$00000026) refers to argv_veneer.o(.text) for __ARM_argv_veneer
    libinit2.o(.ARM.Collect$$libinit$$00000027) refers to argv_veneer.o(.text) for __ARM_argv_veneer
    rtexit2.o(.ARM.Collect$$rtexit$$00000003) refers to libshutdown.o(.ARM.Collect$$libshutdown$$00000000) for __rt_lib_shutdown
    rtexit2.o(.ARM.Collect$$rtexit$$00000004) refers to board.o(.text) for _sys_exit
    rtexit2.o(.ARM.exidx) refers to rtexit2.o(.ARM.Collect$$rtexit$$00000001) for .ARM.Collect$$rtexit$$00000001
    rtexit2.o(.ARM.exidx) refers to rtexit2.o(.ARM.Collect$$rtexit$$00000003) for .ARM.Collect$$rtexit$$00000003
    rtexit2.o(.ARM.exidx) refers to rtexit2.o(.ARM.Collect$$rtexit$$00000004) for .ARM.Collect$$rtexit$$00000004
    __raise.o(.text) refers to defsig.o(CL$$defsig) for __default_signal_handler
    defsig_general.o(.text) refers to sys_wrch.o(.text) for _ttywrch
    sys_wrch.o(.text) refers (Special) to use_no_semi.o(.text) for __I$use$semihosting
    sys_wrch.o(.text) refers (Special) to indicate_semi.o(.text) for __semihosting_library_function
    defsig.o(CL$$defsig) refers to defsig_fpe_inner.o(.text) for __rt_SIGFPE_inner
    defsig.o(CL$$defsig) refers to defsig_rtmem_inner.o(.text) for __rt_SIGRTMEM_inner
    _get_argv_nomalloc.o(.text) refers (Special) to hrguard.o(.text) for __heap_region$guard
    _get_argv_nomalloc.o(.text) refers to defsig_rtmem_outer.o(.text) for __rt_SIGRTMEM
    _get_argv_nomalloc.o(.text) refers to sys_command.o(.text) for _sys_command_string
    libshutdown.o(.ARM.Collect$$libshutdown$$00000000) refers (Special) to libshutdown2.o(.ARM.Collect$$libshutdown$$00000002) for __rt_lib_shutdown_cpp_1
    libshutdown.o(.ARM.Collect$$libshutdown$$00000000) refers (Special) to libshutdown2.o(.ARM.Collect$$libshutdown$$00000007) for __rt_lib_shutdown_fp_trap_1
    libshutdown.o(.ARM.Collect$$libshutdown$$00000000) refers (Special) to libshutdown2.o(.ARM.Collect$$libshutdown$$0000000F) for __rt_lib_shutdown_heap_1
    libshutdown.o(.ARM.Collect$$libshutdown$$00000000) refers (Special) to libshutdown2.o(.ARM.Collect$$libshutdown$$00000010) for __rt_lib_shutdown_return
    libshutdown.o(.ARM.Collect$$libshutdown$$00000000) refers (Special) to libshutdown2.o(.ARM.Collect$$libshutdown$$0000000A) for __rt_lib_shutdown_signal_1
    libshutdown.o(.ARM.Collect$$libshutdown$$00000000) refers (Special) to libshutdown2.o(.ARM.Collect$$libshutdown$$00000004) for __rt_lib_shutdown_stdio_1
    libshutdown.o(.ARM.Collect$$libshutdown$$00000000) refers (Special) to libshutdown2.o(.ARM.Collect$$libshutdown$$0000000C) for __rt_lib_shutdown_user_alloc_1
    sys_command.o(.text) refers (Special) to use_no_semi.o(.text) for __I$use$semihosting
    sys_command.o(.text) refers (Special) to indicate_semi.o(.text) for __semihosting_library_function
    defsig_abrt_inner.o(.text) refers to defsig_general.o(.text) for __default_signal_display
    defsig_rtred_inner.o(.text) refers to defsig_general.o(.text) for __default_signal_display
    defsig_rtmem_inner.o(.text) refers to defsig_general.o(.text) for __default_signal_display
    defsig_rtmem_outer.o(.text) refers to defsig_rtmem_inner.o(.text) for __rt_SIGRTMEM_inner
    defsig_rtmem_outer.o(.text) refers to defsig_exit.o(.text) for __sig_exit
    defsig_rtmem_formal.o(.text) refers to rt_raise.o(.text) for __rt_raise
    defsig_stak_inner.o(.text) refers to defsig_general.o(.text) for __default_signal_display
    defsig_pvfn_inner.o(.text) refers to defsig_general.o(.text) for __default_signal_display
    defsig_cppl_inner.o(.text) refers to defsig_general.o(.text) for __default_signal_display
    defsig_segv_inner.o(.text) refers to defsig_general.o(.text) for __default_signal_display
    defsig_other.o(.text) refers to defsig_general.o(.text) for __default_signal_display


==============================================================================

Removing Unused input sections from the image.

    Removing sysinit.o(.rev16_text), (4 bytes).
    Removing sysinit.o(.revsh_text), (4 bytes).
    Removing swauthdemo.o(.rev16_text), (4 bytes).
    Removing swauthdemo.o(.revsh_text), (4 bytes).
    Removing swauthdemo.o(.data), (4 bytes).
    Removing air202.o(.rev16_text), (4 bytes).
    Removing air202.o(.revsh_text), (4 bytes).
    Removing adc_112x.o(.rev16_text), (4 bytes).
    Removing adc_112x.o(.revsh_text), (4 bytes).
    Removing adc_112x.o(.text), (280 bytes).
    Removing chip_112x.o(.rev16_text), (4 bytes).
    Removing chip_112x.o(.revsh_text), (4 bytes).
    Removing clock_112x.o(.rev16_text), (4 bytes).
    Removing clock_112x.o(.revsh_text), (4 bytes).
    Removing gpio_112x.o(.rev16_text), (4 bytes).
    Removing gpio_112x.o(.revsh_text), (4 bytes).
    Removing i2c_112x.o(.rev16_text), (4 bytes).
    Removing i2c_112x.o(.revsh_text), (4 bytes).
    Removing i2c_112x.o(.text), (1320 bytes).
    Removing i2c_112x.o(.bss), (40 bytes).
    Removing i2c_112x.o(.data), (28 bytes).
    Removing i2cm_112x.o(.rev16_text), (4 bytes).
    Removing i2cm_112x.o(.revsh_text), (4 bytes).
    Removing i2cm_112x.o(.text), (488 bytes).
    Removing iocon_112x.o(.rev16_text), (4 bytes).
    Removing iocon_112x.o(.revsh_text), (4 bytes).
    Removing pmu_112x.o(.rev16_text), (4 bytes).
    Removing pmu_112x.o(.revsh_text), (4 bytes).
    Removing pmu_112x.o(.text), (124 bytes).
    Removing romdiv_112x.o(.rev16_text), (4 bytes).
    Removing romdiv_112x.o(.revsh_text), (4 bytes).
    Removing ssp_112x.o(.rev16_text), (4 bytes).
    Removing ssp_112x.o(.revsh_text), (4 bytes).
    Removing ssp_112x.o(.text), (1264 bytes).
    Removing syscon_112x.o(.rev16_text), (4 bytes).
    Removing syscon_112x.o(.revsh_text), (4 bytes).
    Removing sysinit_112x.o(.rev16_text), (4 bytes).
    Removing sysinit_112x.o(.revsh_text), (4 bytes).
    Removing timer_112x.o(.rev16_text), (4 bytes).
    Removing timer_112x.o(.revsh_text), (4 bytes).
    Removing timer_112x.o(.text), (148 bytes).
    Removing uart_112x.o(.rev16_text), (4 bytes).
    Removing uart_112x.o(.revsh_text), (4 bytes).
    Removing wwdt_112x.o(.rev16_text), (4 bytes).
    Removing wwdt_112x.o(.revsh_text), (4 bytes).
    Removing wwdt_112x.o(.text), (84 bytes).
    Removing board.o(.rev16_text), (4 bytes).
    Removing board.o(.revsh_text), (4 bytes).
    Removing board.o(.constdata), (4 bytes).
    Removing board.o(.data), (4 bytes).
    Removing board.o(.data), (4 bytes).
    Removing board_sysinit.o(.rev16_text), (4 bytes).
    Removing board_sysinit.o(.revsh_text), (4 bytes).
    Removing i2c_112x.o(i.__ARM_common_switch8), (26 bytes).

54 unused section(s) (total 3978 bytes) removed from the image.

==============================================================================

Image Symbol Table

    Local Symbols

    Symbol Name                              Value     Ov Type        Size  Object(Section)

    RESET                                    0x00000000   Section      192  keil_startup_lpc112x.o(RESET)
    ../clib/angel/boardlib.s                 0x00000000   Number         0  boardshut.o ABSOLUTE
    ../clib/angel/boardlib.s                 0x00000000   Number         0  boardinit1.o ABSOLUTE
    ../clib/angel/boardlib.s                 0x00000000   Number         0  boardinit2.o ABSOLUTE
    ../clib/angel/boardlib.s                 0x00000000   Number         0  boardinit3.o ABSOLUTE
    ../clib/angel/handlers.s                 0x00000000   Number         0  __scatter_zi.o ABSOLUTE
    ../clib/angel/handlers.s                 0x00000000   Number         0  __scatter_copy.o ABSOLUTE
    ../clib/angel/kernel.s                   0x00000000   Number         0  rtexit.o ABSOLUTE
    ../clib/angel/kernel.s                   0x00000000   Number         0  rtexit2.o ABSOLUTE
    ../clib/angel/kernel.s                   0x00000000   Number         0  __rtentry4.o ABSOLUTE
    ../clib/angel/kernel.s                   0x00000000   Number         0  __rtentry2.o ABSOLUTE
    ../clib/angel/kernel.s                   0x00000000   Number         0  __rtentry.o ABSOLUTE
    ../clib/angel/rt.s                       0x00000000   Number         0  rt_errno_addr_intlibspace.o ABSOLUTE
    ../clib/angel/rt.s                       0x00000000   Number         0  aeabi_idiv0.o ABSOLUTE
    ../clib/angel/rt.s                       0x00000000   Number         0  rt_raise.o ABSOLUTE
    ../clib/angel/rt.s                       0x00000000   Number         0  rt_locale.o ABSOLUTE
    ../clib/angel/rt.s                       0x00000000   Number         0  aeabi_idiv0_sigfpe.o ABSOLUTE
    ../clib/angel/rt.s                       0x00000000   Number         0  aeabi_ldiv0.o ABSOLUTE
    ../clib/angel/rt.s                       0x00000000   Number         0  aeabi_ldiv0_sigfpe.o ABSOLUTE
    ../clib/angel/rt.s                       0x00000000   Number         0  rt_locale_intlibspace.o ABSOLUTE
    ../clib/angel/rt.s                       0x00000000   Number         0  rt_errno_addr.o ABSOLUTE
    ../clib/angel/rt.s                       0x00000000   Number         0  rt_ctype_table.o ABSOLUTE
    ../clib/angel/rt.s                       0x00000000   Number         0  rt_div0.o ABSOLUTE
    ../clib/angel/scatterp.s                 0x00000000   Number         0  __scatter.o ABSOLUTE
    ../clib/angel/startup.s                  0x00000000   Number         0  __main.o ABSOLUTE
    ../clib/angel/sys.s                      0x00000000   Number         0  libspace.o ABSOLUTE
    ../clib/angel/sys.s                      0x00000000   Number         0  sys_stackheap_outer.o ABSOLUTE
    ../clib/angel/sys.s                      0x00000000   Number         0  tempstk.o ABSOLUTE
    ../clib/angel/sys.s                      0x00000000   Number         0  use_no_semi.o ABSOLUTE
    ../clib/angel/sys.s                      0x00000000   Number         0  indicate_semi.o ABSOLUTE
    ../clib/angel/sysapp.c                   0x00000000   Number         0  sys_command.o ABSOLUTE
    ../clib/angel/sysapp.c                   0x00000000   Number         0  sys_wrch.o ABSOLUTE
    ../clib/armsys.c                         0x00000000   Number         0  argv_veneer.o ABSOLUTE
    ../clib/armsys.c                         0x00000000   Number         0  _get_argv_nomalloc.o ABSOLUTE
    ../clib/armsys.c                         0x00000000   Number         0  no_argv.o ABSOLUTE
    ../clib/division.c                       0x00000000   Number         0  rtudiv10.o ABSOLUTE
    ../clib/division.c                       0x00000000   Number         0  lludiv.o ABSOLUTE
    ../clib/division.s                       0x00000000   Number         0  aeabi_sdiv.o ABSOLUTE
    ../clib/division.s                       0x00000000   Number         0  aeabi_sdiv_div0.o ABSOLUTE
    ../clib/heapalloc.c                      0x00000000   Number         0  hrguard.o ABSOLUTE
    ../clib/heapaux.c                        0x00000000   Number         0  heapauxi.o ABSOLUTE
    ../clib/libinit.s                        0x00000000   Number         0  libinit.o ABSOLUTE
    ../clib/libinit.s                        0x00000000   Number         0  libshutdown.o ABSOLUTE
    ../clib/libinit.s                        0x00000000   Number         0  libinit2.o ABSOLUTE
    ../clib/libinit.s                        0x00000000   Number         0  libshutdown2.o ABSOLUTE
    ../clib/locale.s                         0x00000000   Number         0  lc_ctype_c.o ABSOLUTE
    ../clib/longlong.c                       0x00000000   Number         0  llmul.o ABSOLUTE
    ../clib/memcpset.c                       0x00000000   Number         0  rt_memcpy.o ABSOLUTE
    ../clib/memcpset.c                       0x00000000   Number         0  rt_memcpy.o ABSOLUTE
    ../clib/memcpset.c                       0x00000000   Number         0  rt_memclr.o ABSOLUTE
    ../clib/printf.c                         0x00000000   Number         0  __2sprintf.o ABSOLUTE
    ../clib/printf.c                         0x00000000   Number         0  __2printf.o ABSOLUTE
    ../clib/printf.c                         0x00000000   Number         0  _printf_char_file.o ABSOLUTE
    ../clib/printf.c                         0x00000000   Number         0  __printf_flags.o ABSOLUTE
    ../clib/printf.c                         0x00000000   Number         0  __printf_ss.o ABSOLUTE
    ../clib/printf.c                         0x00000000   Number         0  __printf_flags_ss.o ABSOLUTE
    ../clib/printf.c                         0x00000000   Number         0  __printf_wp.o ABSOLUTE
    ../clib/printf.c                         0x00000000   Number         0  __printf_nopercent.o ABSOLUTE
    ../clib/printf.c                         0x00000000   Number         0  _printf_intcommon.o ABSOLUTE
    ../clib/printf.c                         0x00000000   Number         0  __printf_flags_wp.o ABSOLUTE
    ../clib/printf.c                         0x00000000   Number         0  _sputc.o ABSOLUTE
    ../clib/printf.c                         0x00000000   Number         0  _printf_char_common.o ABSOLUTE
    ../clib/printf.c                         0x00000000   Number         0  __printf_ss_wp.o ABSOLUTE
    ../clib/printf.c                         0x00000000   Number         0  _printf_dec.o ABSOLUTE
    ../clib/printf.c                         0x00000000   Number         0  __printf_flags_ss_wp.o ABSOLUTE
    ../clib/printf.c                         0x00000000   Number         0  _printf_str.o ABSOLUTE
    ../clib/printf.c                         0x00000000   Number         0  __printf.o ABSOLUTE
    ../clib/printf.c                         0x00000000   Number         0  noretval__2sprintf.o ABSOLUTE
    ../clib/printf.c                         0x00000000   Number         0  noretval__2printf.o ABSOLUTE
    ../clib/printf.c                         0x00000000   Number         0  _printf_char.o ABSOLUTE
    ../clib/printf_percent.s                 0x00000000   Number         0  _printf_percent_end.o ABSOLUTE
    ../clib/printf_percent.s                 0x00000000   Number         0  _printf_s.o ABSOLUTE
    ../clib/printf_percent.s                 0x00000000   Number         0  _printf_d.o ABSOLUTE
    ../clib/printf_percent.s                 0x00000000   Number         0  _printf_percent.o ABSOLUTE
    ../clib/scanf.c                          0x00000000   Number         0  _strtoul.o ABSOLUTE
    ../clib/scanf.c                          0x00000000   Number         0  strtol.o ABSOLUTE
    ../clib/scanf.c                          0x00000000   Number         0  _chval.o ABSOLUTE
    ../clib/scanf.c                          0x00000000   Number         0  atoi.o ABSOLUTE
    ../clib/signal.c                         0x00000000   Number         0  defsig_pvfn_inner.o ABSOLUTE
    ../clib/signal.c                         0x00000000   Number         0  defsig_stak_inner.o ABSOLUTE
    ../clib/signal.c                         0x00000000   Number         0  defsig_rtmem_formal.o ABSOLUTE
    ../clib/signal.c                         0x00000000   Number         0  defsig_rtmem_outer.o ABSOLUTE
    ../clib/signal.c                         0x00000000   Number         0  defsig_rtmem_inner.o ABSOLUTE
    ../clib/signal.c                         0x00000000   Number         0  defsig_rtred_inner.o ABSOLUTE
    ../clib/signal.c                         0x00000000   Number         0  defsig_abrt_inner.o ABSOLUTE
    ../clib/signal.c                         0x00000000   Number         0  defsig_general.o ABSOLUTE
    ../clib/signal.c                         0x00000000   Number         0  defsig_fpe_inner.o ABSOLUTE
    ../clib/signal.c                         0x00000000   Number         0  defsig_exit.o ABSOLUTE
    ../clib/signal.c                         0x00000000   Number         0  __raise.o ABSOLUTE
    ../clib/signal.c                         0x00000000   Number         0  defsig_fpe_formal.o ABSOLUTE
    ../clib/signal.c                         0x00000000   Number         0  defsig_fpe_outer.o ABSOLUTE
    ../clib/signal.c                         0x00000000   Number         0  defsig_other.o ABSOLUTE
    ../clib/signal.c                         0x00000000   Number         0  defsig_segv_inner.o ABSOLUTE
    ../clib/signal.c                         0x00000000   Number         0  defsig_cppl_inner.o ABSOLUTE
    ../clib/signal.s                         0x00000000   Number         0  defsig.o ABSOLUTE
    ../clib/stdlib.c                         0x00000000   Number         0  exit.o ABSOLUTE
    ../clib/string.c                         0x00000000   Number         0  strstr.o ABSOLUTE
    ../clib/string.c                         0x00000000   Number         0  strcmp.o ABSOLUTE
    ../clib/string.c                         0x00000000   Number         0  strlen.o ABSOLUTE
    ../fplib/cfplib/fpinit.c                 0x00000000   Number         0  fpinit.o ABSOLUTE
    ..\..\..\..\..\..\software\lpc_core\lpc_board\boards_112x\nxp_lpcxpresso_1125\board.c 0x00000000   Number         0  board.o ABSOLUTE
    ..\..\..\..\..\..\software\lpc_core\lpc_board\boards_112x\nxp_lpcxpresso_1125\board_sysinit.c 0x00000000   Number         0  board_sysinit.o ABSOLUTE
    ..\..\..\..\..\..\software\lpc_core\lpc_chip\chip_112x\adc_112x.c 0x00000000   Number         0  adc_112x.o ABSOLUTE
    ..\..\..\..\..\..\software\lpc_core\lpc_chip\chip_112x\chip_112x.c 0x00000000   Number         0  chip_112x.o ABSOLUTE
    ..\..\..\..\..\..\software\lpc_core\lpc_chip\chip_112x\clock_112x.c 0x00000000   Number         0  clock_112x.o ABSOLUTE
    ..\..\..\..\..\..\software\lpc_core\lpc_chip\chip_112x\gpio_112x.c 0x00000000   Number         0  gpio_112x.o ABSOLUTE
    ..\..\..\..\..\..\software\lpc_core\lpc_chip\chip_112x\i2c_112x.c 0x00000000   Number         0  i2c_112x.o ABSOLUTE
    ..\..\..\..\..\..\software\lpc_core\lpc_chip\chip_112x\i2cm_112x.c 0x00000000   Number         0  i2cm_112x.o ABSOLUTE
    ..\..\..\..\..\..\software\lpc_core\lpc_chip\chip_112x\iocon_112x.c 0x00000000   Number         0  iocon_112x.o ABSOLUTE
    ..\..\..\..\..\..\software\lpc_core\lpc_chip\chip_112x\pmu_112x.c 0x00000000   Number         0  pmu_112x.o ABSOLUTE
    ..\..\..\..\..\..\software\lpc_core\lpc_chip\chip_112x\romdiv_112x.c 0x00000000   Number         0  romdiv_112x.o ABSOLUTE
    ..\..\..\..\..\..\software\lpc_core\lpc_chip\chip_112x\ssp_112x.c 0x00000000   Number         0  ssp_112x.o ABSOLUTE
    ..\..\..\..\..\..\software\lpc_core\lpc_chip\chip_112x\syscon_112x.c 0x00000000   Number         0  syscon_112x.o ABSOLUTE
    ..\..\..\..\..\..\software\lpc_core\lpc_chip\chip_112x\sysinit_112x.c 0x00000000   Number         0  sysinit_112x.o ABSOLUTE
    ..\..\..\..\..\..\software\lpc_core\lpc_chip\chip_112x\timer_112x.c 0x00000000   Number         0  timer_112x.o ABSOLUTE
    ..\..\..\..\..\..\software\lpc_core\lpc_chip\chip_112x\uart_112x.c 0x00000000   Number         0  uart_112x.o ABSOLUTE
    ..\..\..\..\..\..\software\lpc_core\lpc_chip\chip_112x\wwdt_112x.c 0x00000000   Number         0  wwdt_112x.o ABSOLUTE
    ..\..\..\..\..\..\software\lpc_core\lpc_chip\chip_common\ring_buffer.c 0x00000000   Number         0  ring_buffer.o ABSOLUTE
    ..\..\..\..\startup_code\sysinit.c       0x00000000   Number         0  sysinit.o ABSOLUTE
    ..\\..\\..\\..\\..\\..\\software\\lpc_core\\lpc_board\\boards_112x\\nxp_lpcxpresso_1125\\board.c 0x00000000   Number         0  board.o ABSOLUTE
    ..\\..\\..\\..\\..\\..\\software\\lpc_core\\lpc_board\\boards_112x\\nxp_lpcxpresso_1125\\board_sysinit.c 0x00000000   Number         0  board_sysinit.o ABSOLUTE
    ..\\..\\..\\..\\..\\..\\software\\lpc_core\\lpc_chip\\chip_112x\\adc_112x.c 0x00000000   Number         0  adc_112x.o ABSOLUTE
    ..\\..\\..\\..\\..\\..\\software\\lpc_core\\lpc_chip\\chip_112x\\chip_112x.c 0x00000000   Number         0  chip_112x.o ABSOLUTE
    ..\\..\\..\\..\\..\\..\\software\\lpc_core\\lpc_chip\\chip_112x\\clock_112x.c 0x00000000   Number         0  clock_112x.o ABSOLUTE
    ..\\..\\..\\..\\..\\..\\software\\lpc_core\\lpc_chip\\chip_112x\\gpio_112x.c 0x00000000   Number         0  gpio_112x.o ABSOLUTE
    ..\\..\\..\\..\\..\\..\\software\\lpc_core\\lpc_chip\\chip_112x\\i2c_112x.c 0x00000000   Number         0  i2c_112x.o ABSOLUTE
    ..\\..\\..\\..\\..\\..\\software\\lpc_core\\lpc_chip\\chip_112x\\i2cm_112x.c 0x00000000   Number         0  i2cm_112x.o ABSOLUTE
    ..\\..\\..\\..\\..\\..\\software\\lpc_core\\lpc_chip\\chip_112x\\iocon_112x.c 0x00000000   Number         0  iocon_112x.o ABSOLUTE
    ..\\..\\..\\..\\..\\..\\software\\lpc_core\\lpc_chip\\chip_112x\\pmu_112x.c 0x00000000   Number         0  pmu_112x.o ABSOLUTE
    ..\\..\\..\\..\\..\\..\\software\\lpc_core\\lpc_chip\\chip_112x\\romdiv_112x.c 0x00000000   Number         0  romdiv_112x.o ABSOLUTE
    ..\\..\\..\\..\\..\\..\\software\\lpc_core\\lpc_chip\\chip_112x\\ssp_112x.c 0x00000000   Number         0  ssp_112x.o ABSOLUTE
    ..\\..\\..\\..\\..\\..\\software\\lpc_core\\lpc_chip\\chip_112x\\syscon_112x.c 0x00000000   Number         0  syscon_112x.o ABSOLUTE
    ..\\..\\..\\..\\..\\..\\software\\lpc_core\\lpc_chip\\chip_112x\\sysinit_112x.c 0x00000000   Number         0  sysinit_112x.o ABSOLUTE
    ..\\..\\..\\..\\..\\..\\software\\lpc_core\\lpc_chip\\chip_112x\\timer_112x.c 0x00000000   Number         0  timer_112x.o ABSOLUTE
    ..\\..\\..\\..\\..\\..\\software\\lpc_core\\lpc_chip\\chip_112x\\uart_112x.c 0x00000000   Number         0  uart_112x.o ABSOLUTE
    ..\\..\\..\\..\\..\\..\\software\\lpc_core\\lpc_chip\\chip_112x\\wwdt_112x.c 0x00000000   Number         0  wwdt_112x.o ABSOLUTE
    ..\\..\\..\\..\\startup_code\\keil_startup_lpc112x.s 0x00000000   Number         0  keil_startup_lpc112x.o ABSOLUTE
    ..\\..\\..\\..\\startup_code\\sysinit.c  0x00000000   Number         0  sysinit.o ABSOLUTE
    Air202\Air202.c                          0x00000000   Number         0  air202.o ABSOLUTE
    Air202\\Air202.c                         0x00000000   Number         0  air202.o ABSOLUTE
    CRC16\lib_crc16.c                        0x00000000   Number         0  lib_crc16.o ABSOLUTE
    SWAuthDemo.c                             0x00000000   Number         0  swauthdemo.o ABSOLUTE
    SWAuthDemo.c                             0x00000000   Number         0  swauthdemo.o ABSOLUTE
    dc.s                                     0x00000000   Number         0  dc.o ABSOLUTE
    !!!main                                  0x000000c0   Section        8  __main.o(!!!main)
    !!!scatter                               0x000000c8   Section       60  __scatter.o(!!!scatter)
    !!handler_copy                           0x00000104   Section       26  __scatter_copy.o(!!handler_copy)
    !!handler_zi                             0x00000120   Section       28  __scatter_zi.o(!!handler_zi)
    .ARM.Collect$$_printf_percent$$00000000  0x0000013c   Section        2  _printf_percent.o(.ARM.Collect$$_printf_percent$$00000000)
    .ARM.Collect$$_printf_percent$$00000009  0x0000013e   Section       10  _printf_d.o(.ARM.Collect$$_printf_percent$$00000009)
    .ARM.Collect$$_printf_percent$$00000014  0x00000148   Section       10  _printf_s.o(.ARM.Collect$$_printf_percent$$00000014)
    .ARM.Collect$$_printf_percent$$00000017  0x00000152   Section        4  _printf_percent_end.o(.ARM.Collect$$_printf_percent$$00000017)
    .ARM.Collect$$libinit$$00000000          0x00000156   Section        2  libinit.o(.ARM.Collect$$libinit$$00000000)
    .ARM.Collect$$libinit$$00000002          0x00000158   Section        0  libinit2.o(.ARM.Collect$$libinit$$00000002)
    .ARM.Collect$$libinit$$00000004          0x00000158   Section        0  libinit2.o(.ARM.Collect$$libinit$$00000004)
    .ARM.Collect$$libinit$$0000000A          0x00000158   Section        0  libinit2.o(.ARM.Collect$$libinit$$0000000A)
    .ARM.Collect$$libinit$$0000000C          0x00000158   Section        0  libinit2.o(.ARM.Collect$$libinit$$0000000C)
    .ARM.Collect$$libinit$$0000000E          0x00000158   Section        0  libinit2.o(.ARM.Collect$$libinit$$0000000E)
    .ARM.Collect$$libinit$$0000000F          0x00000158   Section        6  libinit2.o(.ARM.Collect$$libinit$$0000000F)
    .ARM.Collect$$libinit$$00000011          0x0000015e   Section        0  libinit2.o(.ARM.Collect$$libinit$$00000011)
    .ARM.Collect$$libinit$$00000012          0x0000015e   Section       12  libinit2.o(.ARM.Collect$$libinit$$00000012)
    .ARM.Collect$$libinit$$00000013          0x0000016a   Section        0  libinit2.o(.ARM.Collect$$libinit$$00000013)
    .ARM.Collect$$libinit$$00000015          0x0000016a   Section        0  libinit2.o(.ARM.Collect$$libinit$$00000015)
    .ARM.Collect$$libinit$$00000017          0x0000016a   Section        0  libinit2.o(.ARM.Collect$$libinit$$00000017)
    .ARM.Collect$$libinit$$00000019          0x0000016a   Section        0  libinit2.o(.ARM.Collect$$libinit$$00000019)
    .ARM.Collect$$libinit$$0000001B          0x0000016a   Section        0  libinit2.o(.ARM.Collect$$libinit$$0000001B)
    .ARM.Collect$$libinit$$0000001D          0x0000016a   Section        0  libinit2.o(.ARM.Collect$$libinit$$0000001D)
    .ARM.Collect$$libinit$$0000001F          0x0000016a   Section        0  libinit2.o(.ARM.Collect$$libinit$$0000001F)
    .ARM.Collect$$libinit$$00000021          0x0000016a   Section        0  libinit2.o(.ARM.Collect$$libinit$$00000021)
    .ARM.Collect$$libinit$$00000023          0x0000016a   Section        0  libinit2.o(.ARM.Collect$$libinit$$00000023)
    .ARM.Collect$$libinit$$00000025          0x0000016a   Section        0  libinit2.o(.ARM.Collect$$libinit$$00000025)
    .ARM.Collect$$libinit$$0000002C          0x0000016a   Section        0  libinit2.o(.ARM.Collect$$libinit$$0000002C)
    .ARM.Collect$$libinit$$0000002E          0x0000016a   Section        0  libinit2.o(.ARM.Collect$$libinit$$0000002E)
    .ARM.Collect$$libinit$$00000030          0x0000016a   Section        0  libinit2.o(.ARM.Collect$$libinit$$00000030)
    .ARM.Collect$$libinit$$00000032          0x0000016a   Section        0  libinit2.o(.ARM.Collect$$libinit$$00000032)
    .ARM.Collect$$libinit$$00000033          0x0000016a   Section        2  libinit2.o(.ARM.Collect$$libinit$$00000033)
    .ARM.Collect$$libshutdown$$00000000      0x0000016c   Section        2  libshutdown.o(.ARM.Collect$$libshutdown$$00000000)
    .ARM.Collect$$libshutdown$$00000002      0x0000016e   Section        0  libshutdown2.o(.ARM.Collect$$libshutdown$$00000002)
    .ARM.Collect$$libshutdown$$00000004      0x0000016e   Section        0  libshutdown2.o(.ARM.Collect$$libshutdown$$00000004)
    .ARM.Collect$$libshutdown$$00000007      0x0000016e   Section        0  libshutdown2.o(.ARM.Collect$$libshutdown$$00000007)
    .ARM.Collect$$libshutdown$$0000000A      0x0000016e   Section        0  libshutdown2.o(.ARM.Collect$$libshutdown$$0000000A)
    .ARM.Collect$$libshutdown$$0000000C      0x0000016e   Section        0  libshutdown2.o(.ARM.Collect$$libshutdown$$0000000C)
    .ARM.Collect$$libshutdown$$0000000F      0x0000016e   Section        0  libshutdown2.o(.ARM.Collect$$libshutdown$$0000000F)
    .ARM.Collect$$libshutdown$$00000010      0x0000016e   Section        2  libshutdown2.o(.ARM.Collect$$libshutdown$$00000010)
    .ARM.Collect$$rtentry$$00000000          0x00000170   Section        0  __rtentry.o(.ARM.Collect$$rtentry$$00000000)
    .ARM.Collect$$rtentry$$00000002          0x00000170   Section        0  __rtentry2.o(.ARM.Collect$$rtentry$$00000002)
    .ARM.Collect$$rtentry$$00000004          0x00000170   Section        6  __rtentry4.o(.ARM.Collect$$rtentry$$00000004)
    .ARM.Collect$$rtentry$$00000009          0x00000176   Section        0  __rtentry2.o(.ARM.Collect$$rtentry$$00000009)
    .ARM.Collect$$rtentry$$0000000A          0x00000176   Section        4  __rtentry2.o(.ARM.Collect$$rtentry$$0000000A)
    .ARM.Collect$$rtentry$$0000000C          0x0000017a   Section        0  __rtentry2.o(.ARM.Collect$$rtentry$$0000000C)
    .ARM.Collect$$rtentry$$0000000D          0x0000017a   Section        8  __rtentry2.o(.ARM.Collect$$rtentry$$0000000D)
    .ARM.Collect$$rtexit$$00000000           0x00000182   Section        2  rtexit.o(.ARM.Collect$$rtexit$$00000000)
    .ARM.Collect$$rtexit$$00000002           0x00000184   Section        0  rtexit2.o(.ARM.Collect$$rtexit$$00000002)
    .ARM.Collect$$rtexit$$00000003           0x00000184   Section        4  rtexit2.o(.ARM.Collect$$rtexit$$00000003)
    .ARM.Collect$$rtexit$$00000004           0x00000188   Section        6  rtexit2.o(.ARM.Collect$$rtexit$$00000004)
    .emb_text                                0x00000190   Section       56  rt_memcpy.o(.emb_text)
    .text                                    0x000001c8   Section       68  keil_startup_lpc112x.o(.text)
    .text                                    0x0000020c   Section        0  sysinit.o(.text)
    .text                                    0x00000214   Section        0  lib_crc16.o(.text)
    .text                                    0x0000026c   Section        0  chip_112x.o(.text)
    .text                                    0x0000027c   Section        0  iocon_112x.o(.text)
    .text                                    0x00000298   Section        0  syscon_112x.o(.text)
    .text                                    0x000002e4   Section        0  heapauxi.o(.text)
    .text                                    0x000002ec   Section        8  rt_errno_addr_intlibspace.o(.text)
    .text                                    0x000002f4   Section        8  libspace.o(.text)
    .ARM.__at_0x02FC                         0x000002fc   Section        4  keil_startup_lpc112x.o(.ARM.__at_0x02FC)
    .text                                    0x00000300   Section        0  swauthdemo.o(.text)
    NVIC_SetPriority                         0x00000301   Thumb Code    60  swauthdemo.o(.text)
    Chip_GPIO_SetPinState                    0x00000669   Thumb Code    16  swauthdemo.o(.text)
    setupUART                                0x00000679   Thumb Code   340  swauthdemo.o(.text)
    .text                                    0x000007cc   Section        0  air202.o(.text)
    sendAndGet                               0x000007fb   Thumb Code   112  air202.o(.text)
    .text                                    0x00000c90   Section        0  clock_112x.o(.text)
    .text                                    0x00000d7c   Section        0  gpio_112x.o(.text)
    .text                                    0x00000e4c   Section        0  sysinit_112x.o(.text)
    Chip_FMC_SetFLASHAccess                  0x00000ef9   Thumb Code    14  sysinit_112x.o(.text)
    Chip_Clock_SetupSystemPLL                0x00000f07   Thumb Code    16  sysinit_112x.o(.text)
    .text                                    0x00000f20   Section        0  uart_112x.o(.text)
    Chip_Clock_EnablePeriphClock             0x0000119f   Thumb Code    14  uart_112x.o(.text)
    .text                                    0x000011bc   Section        0  ring_buffer.o(.text)
    RingBuffer_IsFull                        0x0000132f   Thumb Code    20  ring_buffer.o(.text)
    RingBuffer_IsEmpty                       0x00001343   Thumb Code    16  ring_buffer.o(.text)
    .text                                    0x00001354   Section        0  board.o(.text)
    Chip_GPIO_GetPinState                    0x000014a3   Thumb Code    20  board.o(.text)
    Chip_GPIO_SetPinDIRInput                 0x000014b7   Thumb Code    22  board.o(.text)
    .text                                    0x000014e0   Section        0  board_sysinit.o(.text)
    .text                                    0x0000151c   Section        0  llmul.o(.text)
    .text                                    0x0000154c   Section        0  lludiv.o(.text)
    .text                                    0x00001650   Section        0  noretval__2printf.o(.text)
    .text                                    0x0000166c   Section        0  noretval__2sprintf.o(.text)
    .text                                    0x00001694   Section        0  __printf.o(.text)
    .text                                    0x00001700   Section        0  _printf_str.o(.text)
    .text                                    0x00001754   Section        0  _printf_dec.o(.text)
    .text                                    0x000017c0   Section        0  atoi.o(.text)
    .text                                    0x000017da   Section        0  strstr.o(.text)
    .text                                    0x00001804   Section        0  strlen.o(.text)
    .text                                    0x00001848   Section        0  rt_memcpy.o(.text)
    .text                                    0x000018ca   Section        0  rt_memclr.o(.text)
    .text                                    0x0000190a   Section      346  aeabi_sdiv.o(.text)
    .text                                    0x00001a64   Section        0  _printf_intcommon.o(.text)
    .text                                    0x00001b14   Section        0  _printf_char_common.o(.text)
    _printf_input_char                       0x00001b15   Thumb Code    10  _printf_char_common.o(.text)
    .text                                    0x00001b44   Section        0  _sputc.o(.text)
    .text                                    0x00001b4e   Section        0  _printf_char.o(.text)
    .text                                    0x00001b7c   Section        0  _printf_char_file.o(.text)
    .text                                    0x00001ba4   Section        0  strtol.o(.text)
    .text                                    0x00001c14   Section        0  rtudiv10.o(.text)
    .text                                    0x00001c3c   Section       16  rt_ctype_table.o(.text)
    .text                                    0x00001c4c   Section        0  _strtoul.o(.text)
    .text                                    0x00001cf2   Section       62  sys_stackheap_outer.o(.text)
    .text                                    0x00001d30   Section        8  rt_locale_intlibspace.o(.text)
    .text                                    0x00001d38   Section        0  _chval.o(.text)
    .text                                    0x00001d56   Section        0  exit.o(.text)
    .text                                    0x00001d68   Section        0  strcmp.o(.text)
    locale$$code                             0x00001df0   Section       44  lc_ctype_c.o(locale$$code)
    .constdata                               0x00001e1c   Section      512  lib_crc16.o(.constdata)
    .constdata                               0x0000201c   Section       64  clock_112x.o(.constdata)
    wdtOSCRate                               0x0000201c   Data          64  clock_112x.o(.constdata)
    .constdata                               0x0000205c   Section        3  board.o(.constdata)
    ledPin                                   0x0000205c   Data           3  board.o(.constdata)
    .constdata                               0x00002060   Section        4  board.o(.constdata)
    .constdata                               0x00002064   Section       40  board_sysinit.o(.constdata)
    pinmuxing                                0x00002064   Data          40  board_sysinit.o(.constdata)
    .conststring                             0x0000208c   Section       40  swauthdemo.o(.conststring)
    .conststring                             0x000020b4   Section      197  air202.o(.conststring)
    locale$$data                             0x0000219c   Section      272  lc_ctype_c.o(locale$$data)
    __lcctype_c_name                         0x000021a0   Data           2  lc_ctype_c.o(locale$$data)
    __lcctype_c_start                        0x000021a8   Data           0  lc_ctype_c.o(locale$$data)
    __lcctype_c_end                          0x000022ac   Data           0  lc_ctype_c.o(locale$$data)
    .data                                    0x10000000   Section       20  swauthdemo.o(.data)
    .data                                    0x10000014   Section       60  air202.o(.data)
    .data                                    0x10000050   Section        4  chip_112x.o(.data)
    .data                                    0x10000054   Section        4  board.o(.data)
    .bss                                     0x10000058   Section     1868  swauthdemo.o(.bss)
    .bss                                     0x100007a4   Section      128  air202.o(.bss)
    .bss                                     0x10000824   Section       96  libspace.o(.bss)
    HEAP                                     0x10000888   Section      256  keil_startup_lpc112x.o(HEAP)
    Heap_Mem                                 0x10000888   Data         256  keil_startup_lpc112x.o(HEAP)
    STACK                                    0x10000988   Section      512  keil_startup_lpc112x.o(STACK)
    Stack_Mem                                0x10000988   Data         512  keil_startup_lpc112x.o(STACK)
    __initial_sp                             0x10000b88   Data           0  keil_startup_lpc112x.o(STACK)

    Global Symbols

    Symbol Name                              Value     Ov Type        Size  Object(Section)

    BuildAttributes$$THM_ISAv3M$S$PE$A:L22$X:L11$S22$IEEE1$IW$USESV6$~STKCKD$USESV7$~SHL$OSPACE$ROPI$EBA8$UX$STANDARDLIB$REQ8$PRES8$EABIv2 0x00000000   Number         0  anon$$obj.o ABSOLUTE
    __ARM_use_no_argv                        0x00000000   Number         0  swauthdemo.o ABSOLUTE
    __Vectors                                0x00000000   Data           4  keil_startup_lpc112x.o(RESET)
    __ARM_exceptions_init                     - Undefined Weak Reference
    __alloca_initialize                       - Undefined Weak Reference
    __arm_preinit_                            - Undefined Weak Reference
    __cpp_initialize__aeabi_                  - Undefined Weak Reference
    __cxa_finalize                            - Undefined Weak Reference
    __sigvec_lookup                           - Undefined Weak Reference
    _atexit_init                              - Undefined Weak Reference
    _call_atexit_fns                          - Undefined Weak Reference
    _clock_init                               - Undefined Weak Reference
    _fp_trap_init                             - Undefined Weak Reference
    _fp_trap_shutdown                         - Undefined Weak Reference
    _get_lc_collate                           - Undefined Weak Reference
    _get_lc_monetary                          - Undefined Weak Reference
    _get_lc_numeric                           - Undefined Weak Reference
    _get_lc_time                              - Undefined Weak Reference
    _getenv_init                              - Undefined Weak Reference
    _handle_redirection                       - Undefined Weak Reference
    _init_alloc                               - Undefined Weak Reference
    _init_user_alloc                          - Undefined Weak Reference
    _initio                                   - Undefined Weak Reference
    _printf_mbtowc                            - Undefined Weak Reference
    _printf_post_padding                      - Undefined Weak Reference
    _printf_pre_padding                       - Undefined Weak Reference
    _printf_truncate_signed                   - Undefined Weak Reference
    _printf_truncate_unsigned                 - Undefined Weak Reference
    _rand_init                                - Undefined Weak Reference
    _signal_finish                            - Undefined Weak Reference
    _signal_init                              - Undefined Weak Reference
    _terminate_alloc                          - Undefined Weak Reference
    _terminate_user_alloc                     - Undefined Weak Reference
    _terminateio                              - Undefined Weak Reference
    __main                                   0x000000c1   Thumb Code     8  __main.o(!!!main)
    __scatterload                            0x000000c9   Thumb Code     0  __scatter.o(!!!scatter)
    __scatterload_rt2                        0x000000c9   Thumb Code    52  __scatter.o(!!!scatter)
    __scatterload_rt2_thumb_only             0x000000c9   Thumb Code     0  __scatter.o(!!!scatter)
    __scatterload_null                       0x000000d9   Thumb Code     0  __scatter.o(!!!scatter)
    __scatterload_copy                       0x00000105   Thumb Code    26  __scatter_copy.o(!!handler_copy)
    __scatterload_zeroinit                   0x00000121   Thumb Code    28  __scatter_zi.o(!!handler_zi)
    _printf_percent                          0x0000013d   Thumb Code     0  _printf_percent.o(.ARM.Collect$$_printf_percent$$00000000)
    _printf_d                                0x0000013f   Thumb Code     0  _printf_d.o(.ARM.Collect$$_printf_percent$$00000009)
    _printf_s                                0x00000149   Thumb Code     0  _printf_s.o(.ARM.Collect$$_printf_percent$$00000014)
    _printf_percent_end                      0x00000153   Thumb Code     0  _printf_percent_end.o(.ARM.Collect$$_printf_percent$$00000017)
    __rt_lib_init                            0x00000157   Thumb Code     0  libinit.o(.ARM.Collect$$libinit$$00000000)
    __rt_lib_init_fp_1                       0x00000159   Thumb Code     0  libinit2.o(.ARM.Collect$$libinit$$00000002)
    __rt_lib_init_heap_1                     0x00000159   Thumb Code     0  libinit2.o(.ARM.Collect$$libinit$$0000000A)
    __rt_lib_init_lc_common                  0x00000159   Thumb Code     0  libinit2.o(.ARM.Collect$$libinit$$0000000F)
    __rt_lib_init_preinit_1                  0x00000159   Thumb Code     0  libinit2.o(.ARM.Collect$$libinit$$00000004)
    __rt_lib_init_rand_1                     0x00000159   Thumb Code     0  libinit2.o(.ARM.Collect$$libinit$$0000000E)
    __rt_lib_init_user_alloc_1               0x00000159   Thumb Code     0  libinit2.o(.ARM.Collect$$libinit$$0000000C)
    __rt_lib_init_lc_collate_1               0x0000015f   Thumb Code     0  libinit2.o(.ARM.Collect$$libinit$$00000011)
    __rt_lib_init_lc_ctype_2                 0x0000015f   Thumb Code     0  libinit2.o(.ARM.Collect$$libinit$$00000012)
    __rt_lib_init_alloca_1                   0x0000016b   Thumb Code     0  libinit2.o(.ARM.Collect$$libinit$$0000002E)
    __rt_lib_init_argv_1                     0x0000016b   Thumb Code     0  libinit2.o(.ARM.Collect$$libinit$$0000002C)
    __rt_lib_init_atexit_1                   0x0000016b   Thumb Code     0  libinit2.o(.ARM.Collect$$libinit$$0000001B)
    __rt_lib_init_clock_1                    0x0000016b   Thumb Code     0  libinit2.o(.ARM.Collect$$libinit$$00000021)
    __rt_lib_init_cpp_1                      0x0000016b   Thumb Code     0  libinit2.o(.ARM.Collect$$libinit$$00000032)
    __rt_lib_init_exceptions_1               0x0000016b   Thumb Code     0  libinit2.o(.ARM.Collect$$libinit$$00000030)
    __rt_lib_init_fp_trap_1                  0x0000016b   Thumb Code     0  libinit2.o(.ARM.Collect$$libinit$$0000001F)
    __rt_lib_init_getenv_1                   0x0000016b   Thumb Code     0  libinit2.o(.ARM.Collect$$libinit$$00000023)
    __rt_lib_init_lc_ctype_1                 0x0000016b   Thumb Code     0  libinit2.o(.ARM.Collect$$libinit$$00000013)
    __rt_lib_init_lc_monetary_1              0x0000016b   Thumb Code     0  libinit2.o(.ARM.Collect$$libinit$$00000015)
    __rt_lib_init_lc_numeric_1               0x0000016b   Thumb Code     0  libinit2.o(.ARM.Collect$$libinit$$00000017)
    __rt_lib_init_lc_time_1                  0x0000016b   Thumb Code     0  libinit2.o(.ARM.Collect$$libinit$$00000019)
    __rt_lib_init_return                     0x0000016b   Thumb Code     0  libinit2.o(.ARM.Collect$$libinit$$00000033)
    __rt_lib_init_signal_1                   0x0000016b   Thumb Code     0  libinit2.o(.ARM.Collect$$libinit$$0000001D)
    __rt_lib_init_stdio_1                    0x0000016b   Thumb Code     0  libinit2.o(.ARM.Collect$$libinit$$00000025)
    __rt_lib_shutdown                        0x0000016d   Thumb Code     0  libshutdown.o(.ARM.Collect$$libshutdown$$00000000)
    __rt_lib_shutdown_cpp_1                  0x0000016f   Thumb Code     0  libshutdown2.o(.ARM.Collect$$libshutdown$$00000002)
    __rt_lib_shutdown_fp_trap_1              0x0000016f   Thumb Code     0  libshutdown2.o(.ARM.Collect$$libshutdown$$00000007)
    __rt_lib_shutdown_heap_1                 0x0000016f   Thumb Code     0  libshutdown2.o(.ARM.Collect$$libshutdown$$0000000F)
    __rt_lib_shutdown_return                 0x0000016f   Thumb Code     0  libshutdown2.o(.ARM.Collect$$libshutdown$$00000010)
    __rt_lib_shutdown_signal_1               0x0000016f   Thumb Code     0  libshutdown2.o(.ARM.Collect$$libshutdown$$0000000A)
    __rt_lib_shutdown_stdio_1                0x0000016f   Thumb Code     0  libshutdown2.o(.ARM.Collect$$libshutdown$$00000004)
    __rt_lib_shutdown_user_alloc_1           0x0000016f   Thumb Code     0  libshutdown2.o(.ARM.Collect$$libshutdown$$0000000C)
    __rt_entry                               0x00000171   Thumb Code     0  __rtentry.o(.ARM.Collect$$rtentry$$00000000)
    __rt_entry_presh_1                       0x00000171   Thumb Code     0  __rtentry2.o(.ARM.Collect$$rtentry$$00000002)
    __rt_entry_sh                            0x00000171   Thumb Code     0  __rtentry4.o(.ARM.Collect$$rtentry$$00000004)
    __rt_entry_li                            0x00000177   Thumb Code     0  __rtentry2.o(.ARM.Collect$$rtentry$$0000000A)
    __rt_entry_postsh_1                      0x00000177   Thumb Code     0  __rtentry2.o(.ARM.Collect$$rtentry$$00000009)
    __rt_entry_main                          0x0000017b   Thumb Code     0  __rtentry2.o(.ARM.Collect$$rtentry$$0000000D)
    __rt_entry_postli_1                      0x0000017b   Thumb Code     0  __rtentry2.o(.ARM.Collect$$rtentry$$0000000C)
    __rt_exit                                0x00000183   Thumb Code     0  rtexit.o(.ARM.Collect$$rtexit$$00000000)
    __rt_exit_ls                             0x00000185   Thumb Code     0  rtexit2.o(.ARM.Collect$$rtexit$$00000003)
    __rt_exit_prels_1                        0x00000185   Thumb Code     0  rtexit2.o(.ARM.Collect$$rtexit$$00000002)
    __rt_exit_exit                           0x00000189   Thumb Code     0  rtexit2.o(.ARM.Collect$$rtexit$$00000004)
    __aeabi_memcpy4                          0x00000191   Thumb Code    56  rt_memcpy.o(.emb_text)
    __aeabi_memcpy8                          0x00000191   Thumb Code     0  rt_memcpy.o(.emb_text)
    Reset_Handler                            0x000001c9   Thumb Code     8  keil_startup_lpc112x.o(.text)
    NMI_Handler                              0x000001d1   Thumb Code     2  keil_startup_lpc112x.o(.text)
    HardFault_Handler                        0x000001d3   Thumb Code     2  keil_startup_lpc112x.o(.text)
    MemManage_Handler                        0x000001d5   Thumb Code     2  keil_startup_lpc112x.o(.text)
    BusFault_Handler                         0x000001d7   Thumb Code     2  keil_startup_lpc112x.o(.text)
    UsageFault_Handler                       0x000001d9   Thumb Code     2  keil_startup_lpc112x.o(.text)
    SVC_Handler                              0x000001db   Thumb Code     2  keil_startup_lpc112x.o(.text)
    DebugMon_Handler                         0x000001dd   Thumb Code     2  keil_startup_lpc112x.o(.text)
    PendSV_Handler                           0x000001df   Thumb Code     2  keil_startup_lpc112x.o(.text)
    Reserved_IRQHandler                      0x000001e3   Thumb Code     2  keil_startup_lpc112x.o(.text)
    ADCA_IRQHandler                          0x000001e5   Thumb Code     0  keil_startup_lpc112x.o(.text)
    ADCB_IRQHandler                          0x000001e5   Thumb Code     0  keil_startup_lpc112x.o(.text)
    BOD_IRQHandler                           0x000001e5   Thumb Code     0  keil_startup_lpc112x.o(.text)
    I2C_IRQHandler                           0x000001e5   Thumb Code     0  keil_startup_lpc112x.o(.text)
    PIOINT0_IRQHandler                       0x000001e5   Thumb Code     0  keil_startup_lpc112x.o(.text)
    PIOINT1_IRQHandler                       0x000001e5   Thumb Code     0  keil_startup_lpc112x.o(.text)
    PIOINT2_IRQHandler                       0x000001e5   Thumb Code     0  keil_startup_lpc112x.o(.text)
    PIOINT3_IRQHandler                       0x000001e5   Thumb Code     0  keil_startup_lpc112x.o(.text)
    SSP0_IRQHandler                          0x000001e5   Thumb Code     0  keil_startup_lpc112x.o(.text)
    SSP1_IRQHandler                          0x000001e5   Thumb Code     0  keil_startup_lpc112x.o(.text)
    TIMER16_0_IRQHandler                     0x000001e5   Thumb Code     0  keil_startup_lpc112x.o(.text)
    TIMER16_1_IRQHandler                     0x000001e5   Thumb Code     0  keil_startup_lpc112x.o(.text)
    TIMER32_0_IRQHandler                     0x000001e5   Thumb Code     0  keil_startup_lpc112x.o(.text)
    TIMER32_1_IRQHandler                     0x000001e5   Thumb Code     0  keil_startup_lpc112x.o(.text)
    UART1_IRQHandler                         0x000001e5   Thumb Code     0  keil_startup_lpc112x.o(.text)
    UART_IRQHandler                          0x000001e5   Thumb Code     0  keil_startup_lpc112x.o(.text)
    WAKEUP_IRQHandler                        0x000001e5   Thumb Code     0  keil_startup_lpc112x.o(.text)
    WDT_IRQHandler                           0x000001e5   Thumb Code     0  keil_startup_lpc112x.o(.text)
    __user_initial_stackheap                 0x000001e9   Thumb Code     0  keil_startup_lpc112x.o(.text)
    SystemInit                               0x0000020d   Thumb Code     8  sysinit.o(.text)
    update_crc16_reflected                   0x00000215   Thumb Code    14  lib_crc16.o(.text)
    update_crc16_A001                        0x00000223   Thumb Code     8  lib_crc16.o(.text)
    calculate_crc16                          0x0000022b   Thumb Code    28  lib_crc16.o(.text)
    calculate_crc16_Modbus                   0x00000247   Thumb Code    28  lib_crc16.o(.text)
    SystemCoreClockUpdate                    0x0000026d   Thumb Code    12  chip_112x.o(.text)
    Chip_IOCON_SetPinMuxing                  0x0000027d   Thumb Code    26  iocon_112x.o(.text)
    Chip_SYSCON_SetDeepSleepPD               0x00000299   Thumb Code    14  syscon_112x.o(.text)
    Chip_SYSCON_SetWakeup                    0x000002a7   Thumb Code    14  syscon_112x.o(.text)
    Chip_SYSCON_PowerDown                    0x000002b5   Thumb Code    20  syscon_112x.o(.text)
    Chip_SYSCON_PowerUp                      0x000002c9   Thumb Code    20  syscon_112x.o(.text)
    __use_two_region_memory                  0x000002e5   Thumb Code     2  heapauxi.o(.text)
    __rt_heap_escrow$2region                 0x000002e7   Thumb Code     2  heapauxi.o(.text)
    __rt_heap_expand$2region                 0x000002e9   Thumb Code     2  heapauxi.o(.text)
    __aeabi_errno_addr                       0x000002ed   Thumb Code     8  rt_errno_addr_intlibspace.o(.text)
    __errno$intlibspace                      0x000002ed   Thumb Code     0  rt_errno_addr_intlibspace.o(.text)
    __rt_errno_addr$intlibspace              0x000002ed   Thumb Code     0  rt_errno_addr_intlibspace.o(.text)
    __user_libspace                          0x000002f5   Thumb Code     8  libspace.o(.text)
    __user_perproc_libspace                  0x000002f5   Thumb Code     0  libspace.o(.text)
    __user_perthread_libspace                0x000002f5   Thumb Code     0  libspace.o(.text)
    setupGPRS                                0x0000033d   Thumb Code   190  swauthdemo.o(.text)
    authorization                            0x000003fb   Thumb Code    60  swauthdemo.o(.text)
    SysTick_Handler                          0x00000437   Thumb Code    50  swauthdemo.o(.text)
    UART2_IRQHandler                         0x00000469   Thumb Code    16  swauthdemo.o(.text)
    userApp                                  0x00000479   Thumb Code    22  swauthdemo.o(.text)
    getUID                                   0x0000048f   Thumb Code    62  swauthdemo.o(.text)
    AT_Send                                  0x000004cd   Thumb Code    16  swauthdemo.o(.text)
    AT_Read                                  0x000004dd   Thumb Code    34  swauthdemo.o(.text)
    GPIO_Init                                0x000004ff   Thumb Code    28  swauthdemo.o(.text)
    setGPRSCtlPinStatu                       0x0000051b   Thumb Code    18  swauthdemo.o(.text)
    checkSockRecvData                        0x0000052d   Thumb Code   154  swauthdemo.o(.text)
    test                                     0x000005c7   Thumb Code    20  swauthdemo.o(.text)
    main                                     0x000005db   Thumb Code   142  swauthdemo.o(.text)
    delay_ms                                 0x000007cd   Thumb Code    24  air202.o(.text)
    delay_us                                 0x000007e5   Thumb Code    22  air202.o(.text)
    Air202_ATInit                            0x0000086b   Thumb Code    10  air202.o(.text)
    Air202_checkSignal                       0x00000875   Thumb Code    46  air202.o(.text)
    Air202_checkPIN                          0x000008a3   Thumb Code    10  air202.o(.text)
    Air202_getIPStatus                       0x000008ad   Thumb Code    66  air202.o(.text)
    Air202_setAPN                            0x000008ef   Thumb Code    38  air202.o(.text)
    Air202_setEcho                           0x00000915   Thumb Code    28  air202.o(.text)
    Air202_setIPHead                         0x00000931   Thumb Code    28  air202.o(.text)
    Air202_IPStart                           0x0000094d   Thumb Code    66  air202.o(.text)
    Air202_IPClose                           0x0000098f   Thumb Code    10  air202.o(.text)
    Air202_CheckRegStatus                    0x00000999   Thumb Code    46  air202.o(.text)
    Air202_checkAttach                       0x000009c7   Thumb Code    46  air202.o(.text)
    Air202_activePDP                         0x000009f5   Thumb Code     8  air202.o(.text)
    Air202_checkIPAddress                    0x000009fd   Thumb Code    72  air202.o(.text)
    Air202_checkSendLimitSize                0x00000a45   Thumb Code    46  air202.o(.text)
    Air202_IPSend                            0x00000a73   Thumb Code    70  air202.o(.text)
    Air202_IPShut                            0x00000ab9   Thumb Code     8  air202.o(.text)
    Air202_powerOn                           0x00000ac1   Thumb Code    66  air202.o(.text)
    Air202_powerOff                          0x00000b03   Thumb Code    10  air202.o(.text)
    Chip_Clock_SetSystemPLLSource            0x00000c91   Thumb Code    14  clock_112x.o(.text)
    Chip_Clock_SetPLLBypass                  0x00000c9f   Thumb Code    24  clock_112x.o(.text)
    Chip_Clock_SetMainClockSource            0x00000cb7   Thumb Code    14  clock_112x.o(.text)
    Chip_Clock_SetWDTClockSource             0x00000cc5   Thumb Code    18  clock_112x.o(.text)
    Chip_Clock_SetCLKOUTSource               0x00000cd7   Thumb Code    18  clock_112x.o(.text)
    Chip_Clock_GetWDTOSCRate                 0x00000ce9   Thumb Code    30  clock_112x.o(.text)
    Chip_Clock_GetSystemPLLInClockRate       0x00000d07   Thumb Code    28  clock_112x.o(.text)
    Chip_Clock_GetSystemPLLOutClockRate      0x00000d23   Thumb Code    22  clock_112x.o(.text)
    Chip_Clock_GetMainClockRate              0x00000d39   Thumb Code    34  clock_112x.o(.text)
    Chip_Clock_GetSystemClockRate            0x00000d5b   Thumb Code    16  clock_112x.o(.text)
    Chip_GPIO_Init                           0x00000d7d   Thumb Code    12  gpio_112x.o(.text)
    Chip_GPIO_DeInit                         0x00000d89   Thumb Code    12  gpio_112x.o(.text)
    Chip_GPIO_WriteDirBit                    0x00000d95   Thumb Code    32  gpio_112x.o(.text)
    Chip_GPIO_SetDir                         0x00000db5   Thumb Code    28  gpio_112x.o(.text)
    Chip_GPIO_SetPinDIR                      0x00000dd1   Thumb Code    30  gpio_112x.o(.text)
    Chip_GPIO_SetPortDIR                     0x00000def   Thumb Code    26  gpio_112x.o(.text)
    Chip_GPIO_SetupPinInt                    0x00000e09   Thumb Code    64  gpio_112x.o(.text)
    Chip_SetupXtalClocking                   0x00000e4d   Thumb Code    84  sysinit_112x.o(.text)
    Chip_SetupIrcClocking                    0x00000ea1   Thumb Code    86  sysinit_112x.o(.text)
    Chip_SystemInit                          0x00000ef7   Thumb Code     2  sysinit_112x.o(.text)
    Chip_UART_Init                           0x00000f21   Thumb Code    60  uart_112x.o(.text)
    Chip_UART_DeInit                         0x00000f5d   Thumb Code    14  uart_112x.o(.text)
    Chip_UART_Send                           0x00000f6b   Thumb Code    28  uart_112x.o(.text)
    Chip_UART_SendBlocking                   0x00000f87   Thumb Code    36  uart_112x.o(.text)
    Chip_UART_Read                           0x00000fab   Thumb Code    28  uart_112x.o(.text)
    Chip_UART_ReadBlocking                   0x00000fc7   Thumb Code    36  uart_112x.o(.text)
    Chip_UART_SetBaud                        0x00000feb   Thumb Code    56  uart_112x.o(.text)
    Chip_UART_RXIntHandlerRB                 0x00001023   Thumb Code    28  uart_112x.o(.text)
    Chip_UART_TXIntHandlerRB                 0x0000103f   Thumb Code    34  uart_112x.o(.text)
    Chip_UART_SendRB                         0x00001061   Thumb Code    62  uart_112x.o(.text)
    Chip_UART_ReadRB                         0x0000109f   Thumb Code    16  uart_112x.o(.text)
    Chip_UART_IRQRBHandler                   0x000010af   Thumb Code    48  uart_112x.o(.text)
    Chip_UART_SetBaudFDR                     0x000010df   Thumb Code   192  uart_112x.o(.text)
    RingBuffer_Init                          0x000011bd   Thumb Code    14  ring_buffer.o(.text)
    RingBuffer_Insert                        0x000011cb   Thumb Code    50  ring_buffer.o(.text)
    RingBuffer_InsertMult                    0x000011fd   Thumb Code   130  ring_buffer.o(.text)
    RingBuffer_Pop                           0x0000127f   Thumb Code    50  ring_buffer.o(.text)
    RingBuffer_PopMult                       0x000012b1   Thumb Code   126  ring_buffer.o(.text)
    Board_UARTPutChar                        0x00001355   Thumb Code    14  board.o(.text)
    _sys_open                                0x00001363   Thumb Code     4  board.o(.text)
    fputc                                    0x00001367   Thumb Code    12  board.o(.text)
    Board_UARTGetChar                        0x00001373   Thumb Code    28  board.o(.text)
    fgetc                                    0x0000138f   Thumb Code     2  board.o(.text)
    ferror                                   0x00001391   Thumb Code     6  board.o(.text)
    _sys_exit                                0x00001397   Thumb Code     4  board.o(.text)
    Board_UARTPutSTR                         0x0000139b   Thumb Code    20  board.o(.text)
    Board_Debug_Init                         0x000013af   Thumb Code    46  board.o(.text)
    Board_LED_Set                            0x000013dd   Thumb Code    24  board.o(.text)
    Board_LED_Test                           0x000013f5   Thumb Code    26  board.o(.text)
    Board_LED_Toggle                         0x0000140f   Thumb Code    24  board.o(.text)
    Board_Init                               0x00001427   Thumb Code    50  board.o(.text)
    Board_Buttons_Init                       0x00001459   Thumb Code    28  board.o(.text)
    Buttons_GetStatus                        0x00001475   Thumb Code    46  board.o(.text)
    Board_SetupMuxing                        0x000014e1   Thumb Code    26  board_sysinit.o(.text)
    Board_SetupClocking                      0x000014fb   Thumb Code     8  board_sysinit.o(.text)
    Board_SystemInit                         0x00001503   Thumb Code    12  board_sysinit.o(.text)
    __aeabi_lmul                             0x0000151d   Thumb Code    48  llmul.o(.text)
    _ll_mul                                  0x0000151d   Thumb Code     0  llmul.o(.text)
    __aeabi_uldivmod                         0x0000154d   Thumb Code   258  lludiv.o(.text)
    _ll_udiv                                 0x0000154d   Thumb Code     0  lludiv.o(.text)
    __2printf                                0x00001651   Thumb Code    22  noretval__2printf.o(.text)
    __2sprintf                               0x0000166d   Thumb Code    36  noretval__2sprintf.o(.text)
    __printf                                 0x00001695   Thumb Code   108  __printf.o(.text)
    _printf_str                              0x00001701   Thumb Code    82  _printf_str.o(.text)
    _printf_int_dec                          0x00001755   Thumb Code    90  _printf_dec.o(.text)
    atoi                                     0x000017c1   Thumb Code    26  atoi.o(.text)
    strstr                                   0x000017db   Thumb Code    40  strstr.o(.text)
    strlen                                   0x00001805   Thumb Code    62  strlen.o(.text)
    __aeabi_memcpy                           0x00001849   Thumb Code   130  rt_memcpy.o(.text)
    __rt_memcpy                              0x00001849   Thumb Code     0  rt_memcpy.o(.text)
    _memset_w                                0x000018cb   Thumb Code    26  rt_memclr.o(.text)
    _memset                                  0x000018e5   Thumb Code    30  rt_memclr.o(.text)
    __aeabi_memclr                           0x00001903   Thumb Code     4  rt_memclr.o(.text)
    __rt_memclr                              0x00001903   Thumb Code     0  rt_memclr.o(.text)
    __aeabi_memclr4                          0x00001907   Thumb Code     0  rt_memclr.o(.text)
    __aeabi_memclr8                          0x00001907   Thumb Code     0  rt_memclr.o(.text)
    __rt_memclr_w                            0x00001907   Thumb Code     4  rt_memclr.o(.text)
    __aeabi_uidiv                            0x0000190b   Thumb Code     0  aeabi_sdiv.o(.text)
    __aeabi_uidivmod                         0x0000190b   Thumb Code    20  aeabi_sdiv.o(.text)
    __aeabi_idiv                             0x0000191f   Thumb Code     0  aeabi_sdiv.o(.text)
    __aeabi_idivmod                          0x0000191f   Thumb Code   326  aeabi_sdiv.o(.text)
    _printf_int_common                       0x00001a65   Thumb Code   176  _printf_intcommon.o(.text)
    _printf_char_common                      0x00001b1f   Thumb Code    32  _printf_char_common.o(.text)
    _sputc                                   0x00001b45   Thumb Code    10  _sputc.o(.text)
    _printf_cs_common                        0x00001b4f   Thumb Code    22  _printf_char.o(.text)
    _printf_char                             0x00001b65   Thumb Code    16  _printf_char.o(.text)
    _printf_string                           0x00001b75   Thumb Code     8  _printf_char.o(.text)
    _printf_char_file                        0x00001b7d   Thumb Code    34  _printf_char_file.o(.text)
    strtol                                   0x00001ba5   Thumb Code   108  strtol.o(.text)
    __rt_udiv10                              0x00001c15   Thumb Code    40  rtudiv10.o(.text)
    __rt_ctype_table                         0x00001c3d   Thumb Code    16  rt_ctype_table.o(.text)
    _strtoul                                 0x00001c4d   Thumb Code   166  _strtoul.o(.text)
    __user_setup_stackheap                   0x00001cf3   Thumb Code    62  sys_stackheap_outer.o(.text)
    __rt_locale                              0x00001d31   Thumb Code     8  rt_locale_intlibspace.o(.text)
    _chval                                   0x00001d39   Thumb Code    30  _chval.o(.text)
    exit                                     0x00001d57   Thumb Code    16  exit.o(.text)
    strcmp                                   0x00001d69   Thumb Code   132  strcmp.o(.text)
    _get_lc_ctype                            0x00001df1   Thumb Code    44  lc_ctype_c.o(locale$$code)
    crc_tab_8005_reflected                   0x00001e1c   Data         512  lib_crc16.o(.constdata)
    OscRateIn                                0x00002060   Data           4  board.o(.constdata)
    Region$$Table$$Base                      0x0000217c   Number         0  anon$$obj.o(Region$$Table)
    Region$$Table$$Limit                     0x0000219c   Number         0  anon$$obj.o(Region$$Table)
    __ctype                                  0x000021a9   Data           0  lc_ctype_c.o(locale$$data)
    authReqFlag                              0x10000000   Data           1  swauthdemo.o(.data)
    ledToggleFlag                            0x10000001   Data           1  swauthdemo.o(.data)
    tick_ct                                  0x10000004   Data           4  swauthdemo.o(.data)
    systemTimer                              0x10000008   Data           4  swauthdemo.o(.data)
    description                              0x1000000c   Data           4  swauthdemo.o(.data)
    authStr                                  0x10000010   Data           4  swauthdemo.o(.data)
    IPStatusList                             0x10000014   Data          60  air202.o(.data)
    SystemCoreClock                          0x10000050   Data           4  chip_112x.o(.data)
    __stdout                                 0x10000054   Data           4  board.o(.data)
    uid                                      0x10000058   Data          36  swauthdemo.o(.bss)
    txring                                   0x1000007c   Data          20  swauthdemo.o(.bss)
    rxring                                   0x10000090   Data          20  swauthdemo.o(.bss)
    rxbuff                                   0x100000a4   Data         512  swauthdemo.o(.bss)
    txbuff                                   0x100002a4   Data         256  swauthdemo.o(.bss)
    ATRXBuffer                               0x100003a4   Data         512  swauthdemo.o(.bss)
    recvDataBuffer                           0x100005a4   Data         512  swauthdemo.o(.bss)
    ATTXBuffer                               0x100007a4   Data         128  air202.o(.bss)
    __libspace_start                         0x10000824   Data          96  libspace.o(.bss)
    __temporary_stack_top$libspace           0x10000884   Data           0  libspace.o(.bss)



==============================================================================

Memory Map of the image

  Image Entry point : 0x000000c1

  Load Region LR_IROM1 (Base: 0x00000000, Size: 0x00002304, Max: 0x00010000, ABSOLUTE)

    Execution Region ER_IROM1 (Base: 0x00000000, Size: 0x000022ac, Max: 0x00010000, ABSOLUTE)

    Base Addr    Size         Type   Attr      Idx    E Section Name        Object

    0x00000000   0x000000c0   Data   RO            3    RESET               keil_startup_lpc112x.o
    0x000000c0   0x00000008   Code   RO          752  * !!!main             c_p.l(__main.o)
    0x000000c8   0x0000003c   Code   RO          961    !!!scatter          c_p.l(__scatter.o)
    0x00000104   0x0000001a   Code   RO          963    !!handler_copy      c_p.l(__scatter_copy.o)
    0x0000011e   0x00000002   PAD
    0x00000120   0x0000001c   Code   RO          965    !!handler_zi        c_p.l(__scatter_zi.o)
    0x0000013c   0x00000002   Code   RO          733    .ARM.Collect$$_printf_percent$$00000000  c_p.l(_printf_percent.o)
    0x0000013e   0x0000000a   Code   RO          732    .ARM.Collect$$_printf_percent$$00000009  c_p.l(_printf_d.o)
    0x00000148   0x0000000a   Code   RO          731    .ARM.Collect$$_printf_percent$$00000014  c_p.l(_printf_s.o)
    0x00000152   0x00000004   Code   RO          778    .ARM.Collect$$_printf_percent$$00000017  c_p.l(_printf_percent_end.o)
    0x00000156   0x00000002   Code   RO          833    .ARM.Collect$$libinit$$00000000  c_p.l(libinit.o)
    0x00000158   0x00000000   Code   RO          846    .ARM.Collect$$libinit$$00000002  c_p.l(libinit2.o)
    0x00000158   0x00000000   Code   RO          848    .ARM.Collect$$libinit$$00000004  c_p.l(libinit2.o)
    0x00000158   0x00000000   Code   RO          851    .ARM.Collect$$libinit$$0000000A  c_p.l(libinit2.o)
    0x00000158   0x00000000   Code   RO          853    .ARM.Collect$$libinit$$0000000C  c_p.l(libinit2.o)
    0x00000158   0x00000000   Code   RO          855    .ARM.Collect$$libinit$$0000000E  c_p.l(libinit2.o)
    0x00000158   0x00000006   Code   RO          856    .ARM.Collect$$libinit$$0000000F  c_p.l(libinit2.o)
    0x0000015e   0x00000000   Code   RO          858    .ARM.Collect$$libinit$$00000011  c_p.l(libinit2.o)
    0x0000015e   0x0000000c   Code   RO          859    .ARM.Collect$$libinit$$00000012  c_p.l(libinit2.o)
    0x0000016a   0x00000000   Code   RO          860    .ARM.Collect$$libinit$$00000013  c_p.l(libinit2.o)
    0x0000016a   0x00000000   Code   RO          862    .ARM.Collect$$libinit$$00000015  c_p.l(libinit2.o)
    0x0000016a   0x00000000   Code   RO          864    .ARM.Collect$$libinit$$00000017  c_p.l(libinit2.o)
    0x0000016a   0x00000000   Code   RO          866    .ARM.Collect$$libinit$$00000019  c_p.l(libinit2.o)
    0x0000016a   0x00000000   Code   RO          868    .ARM.Collect$$libinit$$0000001B  c_p.l(libinit2.o)
    0x0000016a   0x00000000   Code   RO          870    .ARM.Collect$$libinit$$0000001D  c_p.l(libinit2.o)
    0x0000016a   0x00000000   Code   RO          872    .ARM.Collect$$libinit$$0000001F  c_p.l(libinit2.o)
    0x0000016a   0x00000000   Code   RO          874    .ARM.Collect$$libinit$$00000021  c_p.l(libinit2.o)
    0x0000016a   0x00000000   Code   RO          876    .ARM.Collect$$libinit$$00000023  c_p.l(libinit2.o)
    0x0000016a   0x00000000   Code   RO          878    .ARM.Collect$$libinit$$00000025  c_p.l(libinit2.o)
    0x0000016a   0x00000000   Code   RO          882    .ARM.Collect$$libinit$$0000002C  c_p.l(libinit2.o)
    0x0000016a   0x00000000   Code   RO          884    .ARM.Collect$$libinit$$0000002E  c_p.l(libinit2.o)
    0x0000016a   0x00000000   Code   RO          886    .ARM.Collect$$libinit$$00000030  c_p.l(libinit2.o)
    0x0000016a   0x00000000   Code   RO          888    .ARM.Collect$$libinit$$00000032  c_p.l(libinit2.o)
    0x0000016a   0x00000002   Code   RO          889    .ARM.Collect$$libinit$$00000033  c_p.l(libinit2.o)
    0x0000016c   0x00000002   Code   RO          915    .ARM.Collect$$libshutdown$$00000000  c_p.l(libshutdown.o)
    0x0000016e   0x00000000   Code   RO          944    .ARM.Collect$$libshutdown$$00000002  c_p.l(libshutdown2.o)
    0x0000016e   0x00000000   Code   RO          946    .ARM.Collect$$libshutdown$$00000004  c_p.l(libshutdown2.o)
    0x0000016e   0x00000000   Code   RO          949    .ARM.Collect$$libshutdown$$00000007  c_p.l(libshutdown2.o)
    0x0000016e   0x00000000   Code   RO          952    .ARM.Collect$$libshutdown$$0000000A  c_p.l(libshutdown2.o)
    0x0000016e   0x00000000   Code   RO          954    .ARM.Collect$$libshutdown$$0000000C  c_p.l(libshutdown2.o)
    0x0000016e   0x00000000   Code   RO          957    .ARM.Collect$$libshutdown$$0000000F  c_p.l(libshutdown2.o)
    0x0000016e   0x00000002   Code   RO          958    .ARM.Collect$$libshutdown$$00000010  c_p.l(libshutdown2.o)
    0x00000170   0x00000000   Code   RO          754    .ARM.Collect$$rtentry$$00000000  c_p.l(__rtentry.o)
    0x00000170   0x00000000   Code   RO          787    .ARM.Collect$$rtentry$$00000002  c_p.l(__rtentry2.o)
    0x00000170   0x00000006   Code   RO          799    .ARM.Collect$$rtentry$$00000004  c_p.l(__rtentry4.o)
    0x00000176   0x00000000   Code   RO          789    .ARM.Collect$$rtentry$$00000009  c_p.l(__rtentry2.o)
    0x00000176   0x00000004   Code   RO          790    .ARM.Collect$$rtentry$$0000000A  c_p.l(__rtentry2.o)
    0x0000017a   0x00000000   Code   RO          792    .ARM.Collect$$rtentry$$0000000C  c_p.l(__rtentry2.o)
    0x0000017a   0x00000008   Code   RO          793    .ARM.Collect$$rtentry$$0000000D  c_p.l(__rtentry2.o)
    0x00000182   0x00000002   Code   RO          835    .ARM.Collect$$rtexit$$00000000  c_p.l(rtexit.o)
    0x00000184   0x00000000   Code   RO          891    .ARM.Collect$$rtexit$$00000002  c_p.l(rtexit2.o)
    0x00000184   0x00000004   Code   RO          892    .ARM.Collect$$rtexit$$00000003  c_p.l(rtexit2.o)
    0x00000188   0x00000006   Code   RO          893    .ARM.Collect$$rtexit$$00000004  c_p.l(rtexit2.o)
    0x0000018e   0x00000002   PAD
    0x00000190   0x00000038   Code   RO          740    .emb_text           c_p.l(rt_memcpy.o)
    0x000001c8   0x00000044   Code   RO            5    .text               keil_startup_lpc112x.o
    0x0000020c   0x00000008   Code   RO           15    .text               sysinit.o
    0x00000214   0x00000058   Code   RO          183    .text               lib_crc16.o
    0x0000026c   0x00000010   Code   RO          270    .text               chip_112x.o
    0x0000027c   0x0000001a   Code   RO          396    .text               iocon_112x.o
    0x00000296   0x00000002   PAD
    0x00000298   0x0000004c   Code   RO          481    .text               syscon_112x.o
    0x000002e4   0x00000006   Code   RO          750    .text               c_p.l(heapauxi.o)
    0x000002ea   0x00000002   PAD
    0x000002ec   0x00000008   Code   RO          766    .text               c_p.l(rt_errno_addr_intlibspace.o)
    0x000002f4   0x00000008   Code   RO          783    .text               c_p.l(libspace.o)
    0x000002fc   0x00000004   Code   RO            4    .ARM.__at_0x02FC    keil_startup_lpc112x.o
    0x00000300   0x000004cc   Code   RO          131    .text               swauthdemo.o
    0x000007cc   0x000004c4   Code   RO          204    .text               air202.o
    0x00000c90   0x000000ec   Code   RO          297    .text               clock_112x.o
    0x00000d7c   0x000000d0   Code   RO          320    .text               gpio_112x.o
    0x00000e4c   0x000000d4   Code   RO          501    .text               sysinit_112x.o
    0x00000f20   0x0000029c   Code   RO          547    .text               uart_112x.o
    0x000011bc   0x00000196   Code   RO          595    .text               ring_buffer.o
    0x00001352   0x00000002   PAD
    0x00001354   0x0000018c   Code   RO          615    .text               board.o
    0x000014e0   0x0000003c   Code   RO          667    .text               board_sysinit.o
    0x0000151c   0x00000030   Code   RO          693    .text               c_p.l(llmul.o)
    0x0000154c   0x00000102   Code   RO          695    .text               c_p.l(lludiv.o)
    0x0000164e   0x00000002   PAD
    0x00001650   0x0000001c   Code   RO          701    .text               c_p.l(noretval__2printf.o)
    0x0000166c   0x00000028   Code   RO          703    .text               c_p.l(noretval__2sprintf.o)
    0x00001694   0x0000006c   Code   RO          705    .text               c_p.l(__printf.o)
    0x00001700   0x00000052   Code   RO          707    .text               c_p.l(_printf_str.o)
    0x00001752   0x00000002   PAD
    0x00001754   0x0000006c   Code   RO          709    .text               c_p.l(_printf_dec.o)
    0x000017c0   0x0000001a   Code   RO          734    .text               c_p.l(atoi.o)
    0x000017da   0x00000028   Code   RO          736    .text               c_p.l(strstr.o)
    0x00001802   0x00000002   PAD
    0x00001804   0x00000044   Code   RO          738    .text               c_p.l(strlen.o)
    0x00001848   0x00000082   Code   RO          741    .text               c_p.l(rt_memcpy.o)
    0x000018ca   0x00000040   Code   RO          744    .text               c_p.l(rt_memclr.o)
    0x0000190a   0x0000015a   Code   RO          746    .text               c_p.l(aeabi_sdiv.o)
    0x00001a64   0x000000b0   Code   RO          768    .text               c_p.l(_printf_intcommon.o)
    0x00001b14   0x00000030   Code   RO          770    .text               c_p.l(_printf_char_common.o)
    0x00001b44   0x0000000a   Code   RO          772    .text               c_p.l(_sputc.o)
    0x00001b4e   0x0000002e   Code   RO          774    .text               c_p.l(_printf_char.o)
    0x00001b7c   0x00000028   Code   RO          776    .text               c_p.l(_printf_char_file.o)
    0x00001ba4   0x00000070   Code   RO          779    .text               c_p.l(strtol.o)
    0x00001c14   0x00000028   Code   RO          781    .text               c_p.l(rtudiv10.o)
    0x00001c3c   0x00000010   Code   RO          801    .text               c_p.l(rt_ctype_table.o)
    0x00001c4c   0x000000a6   Code   RO          807    .text               c_p.l(_strtoul.o)
    0x00001cf2   0x0000003e   Code   RO          809    .text               c_p.l(sys_stackheap_outer.o)
    0x00001d30   0x00000008   Code   RO          815    .text               c_p.l(rt_locale_intlibspace.o)
    0x00001d38   0x0000001e   Code   RO          817    .text               c_p.l(_chval.o)
    0x00001d56   0x00000010   Code   RO          822    .text               c_p.l(exit.o)
    0x00001d66   0x00000002   PAD
    0x00001d68   0x00000088   Code   RO          843    .text               c_p.l(strcmp.o)
    0x00001df0   0x0000002c   Code   RO          820    locale$$code        c_p.l(lc_ctype_c.o)
    0x00001e1c   0x00000200   Data   RO          184    .constdata          lib_crc16.o
    0x0000201c   0x00000040   Data   RO          298    .constdata          clock_112x.o
    0x0000205c   0x00000003   Data   RO          616    .constdata          board.o
    0x0000205f   0x00000001   PAD
    0x00002060   0x00000004   Data   RO          617    .constdata          board.o
    0x00002064   0x00000028   Data   RO          668    .constdata          board_sysinit.o
    0x0000208c   0x00000028   Data   RO          133    .conststring        swauthdemo.o
    0x000020b4   0x000000c5   Data   RO          206    .conststring        air202.o
    0x00002179   0x00000003   PAD
    0x0000217c   0x00000020   Data   RO          959    Region$$Table       anon$$obj.o
    0x0000219c   0x00000110   Data   RO          819    locale$$data        c_p.l(lc_ctype_c.o)


    Execution Region RW_IRAM1 (Base: 0x10000000, Size: 0x00000b88, Max: 0x00002000, ABSOLUTE)

    Base Addr    Size         Type   Attr      Idx    E Section Name        Object

    0x10000000   0x00000014   Data   RW          134    .data               swauthdemo.o
    0x10000014   0x0000003c   Data   RW          207    .data               air202.o
    0x10000050   0x00000004   Data   RW          271    .data               chip_112x.o
    0x10000054   0x00000004   Data   RW          619    .data               board.o
    0x10000058   0x0000074c   Zero   RW          132    .bss                swauthdemo.o
    0x100007a4   0x00000080   Zero   RW          205    .bss                air202.o
    0x10000824   0x00000060   Zero   RW          784    .bss                c_p.l(libspace.o)
    0x10000884   0x00000004   PAD
    0x10000888   0x00000100   Zero   RW            2    HEAP                keil_startup_lpc112x.o
    0x10000988   0x00000200   Zero   RW            1    STACK               keil_startup_lpc112x.o


==============================================================================

Image component sizes


      Code (inc. data)   RO Data    RW Data    ZI Data      Debug   Object Name

         0          0          0          0          0       2804   adc_112x.o
      1220        388        197         60        128       6424   air202.o
       396         20          7          4          0      16501   board.o
        60         14         40          0          0       4787   board_sysinit.o
        16          4          0          4          0        946   chip_112x.o
       236         18         64          0          0       3902   clock_112x.o
       208          4          0          0          0       6312   gpio_112x.o
        26          0          0          0          0       1350   iocon_112x.o
        72         32        192          0        768       1296   keil_startup_lpc112x.o
        88         10        512          0          0       2273   lib_crc16.o
       406          0          0          0          0       4404   ring_buffer.o
      1228        210         40         20       1868      26304   swauthdemo.o
        76          8          0          0          0       1185   syscon_112x.o
         8          0          0          0          0      12145   sysinit.o
       212         10          0          0          0       5423   sysinit_112x.o
       668         16          0          0          0      16866   uart_112x.o

    ----------------------------------------------------------------------
      4924        734       1088         88       2764     112922   Object Totals
         0          0         32          0          0          0   (incl. Generated)
         4          0          4          0          0          0   (incl. Padding)

    ----------------------------------------------------------------------

      Code (inc. data)   RO Data    RW Data    ZI Data      Debug   Library Member Name

         8          0          0          0          0         68   __main.o
       108          0          0          0          0         76   __printf.o
         0          0          0          0          0          0   __rtentry.o
        12          0          0          0          0          0   __rtentry2.o
         6          0          0          0          0          0   __rtentry4.o
        60          8          0          0          0          0   __scatter.o
        26          0          0          0          0          0   __scatter_copy.o
        28          0          0          0          0          0   __scatter_zi.o
        30          0          0          0          0         60   _chval.o
        46          0          0          0          0        100   _printf_char.o
        48          6          0          0          0         88   _printf_char_common.o
        40          6          0          0          0         72   _printf_char_file.o
        10          0          0          0          0          0   _printf_d.o
       108         18          0          0          0         76   _printf_dec.o
       176          0          0          0          0         84   _printf_intcommon.o
         2          0          0          0          0          0   _printf_percent.o
         4          0          0          0          0          0   _printf_percent_end.o
        10          0          0          0          0          0   _printf_s.o
        82          0          0          0          0         72   _printf_str.o
        10          0          0          0          0         60   _sputc.o
       166          0          0          0          0         84   _strtoul.o
       346          0          0          0          0         92   aeabi_sdiv.o
        26          0          0          0          0         72   atoi.o
        16          0          0          0          0         68   exit.o
         6          0          0          0          0        136   heapauxi.o
        44         10        272          0          0         76   lc_ctype_c.o
         2          0          0          0          0          0   libinit.o
        20          0          0          0          0          0   libinit2.o
         2          0          0          0          0          0   libshutdown.o
         2          0          0          0          0          0   libshutdown2.o
         8          4          0          0         96         68   libspace.o
        48          0          0          0          0         72   llmul.o
       258          0          0          0          0         88   lludiv.o
        28          6          0          0          0         84   noretval__2printf.o
        40          4          0          0          0         84   noretval__2sprintf.o
        16          4          0          0          0         76   rt_ctype_table.o
         8          4          0          0          0         68   rt_errno_addr_intlibspace.o
         8          4          0          0          0         68   rt_locale_intlibspace.o
        64          0          0          0          0        108   rt_memclr.o
       186          0          0          0          0        144   rt_memcpy.o
         2          0          0          0          0          0   rtexit.o
        10          0          0          0          0          0   rtexit2.o
        40          0          0          0          0         60   rtudiv10.o
       136          4          0          0          0         72   strcmp.o
        68          6          0          0          0         72   strlen.o
        40          0          0          0          0         72   strstr.o
       112          4          0          0          0         76   strtol.o
        62          0          0          0          0         80   sys_stackheap_outer.o

    ----------------------------------------------------------------------
      2592         88        272          0        100       2576   Library Totals
        14          0          0          0          4          0   (incl. Padding)

    ----------------------------------------------------------------------

      Code (inc. data)   RO Data    RW Data    ZI Data      Debug   Library Name

      2578         88        272          0         96       2576   c_p.l

    ----------------------------------------------------------------------
      2592         88        272          0        100       2576   Library Totals

    ----------------------------------------------------------------------

==============================================================================


      Code (inc. data)   RO Data    RW Data    ZI Data      Debug   

      7516        822       1360         88       2864     113210   Grand Totals
      7516        822       1360         88       2864     113210   ELF Image Totals
      7516        822       1360         88          0          0   ROM Totals

==============================================================================

    Total RO  Size (Code + RO Data)                 8876 (   8.67kB)
    Total RW  Size (RW Data + ZI Data)              2952 (   2.88kB)
    Total ROM Size (Code + RO Data + RW Data)       8964 (   8.75kB)

==============================================================================

